Archive member included because of file (symbol)

contiki-sky.a(rimeaddr.o)     obj_sky/contiki-sky-main.o (rimeaddr_copy)
contiki-sky.a(rime.o)         obj_sky/contiki-sky-main.o (rime_driver)
contiki-sky.a(announcement.o)
                              contiki-sky.a(rime.o) (announcement_init)
contiki-sky.a(broadcast-annou)
                              contiki-sky.a(rime.o) (broadcast_announcement_init)
contiki-sky.a(broadcast.o)    contiki-sky.a(broadcast-annou) (broadcast_open)
contiki-sky.a(abc.o)          contiki-sky.a(broadcast.o) (abc_open)
contiki-sky.a(chameleon.o)    contiki-sky.a(rime.o) (chameleon_init)
contiki-sky.a(channel.o)      contiki-sky.a(chameleon.o) (channel_init)
contiki-sky.a(chameleon-bitop)
                              contiki-sky.a(chameleon.o) (chameleon_bitopt)
contiki-sky.a(csma.o)         obj_sky/contiki-sky-main.o (csma_driver)
contiki-sky.a(contikimac.o)   obj_sky/contiki-sky-main.o (contikimac_driver)
contiki-sky.a(phase.o)        contiki-sky.a(contikimac.o) (phase_update)
contiki-sky.a(process.o)      obj_sky/contiki-sky-main.o (process_init)
contiki-sky.a(autostart.o)    obj_sky/contiki-sky-main.o (autostart_start)
contiki-sky.a(compower.o)     contiki-sky.a(contikimac.o) (compower_idle_activity)
contiki-sky.a(memb.o)         contiki-sky.a(csma.o) (memb_init)
contiki-sky.a(timer.o)        obj_sky/contiki-sky-main.o (timer_set)
contiki-sky.a(list.o)         contiki-sky.a(announcement.o) (list_init)
contiki-sky.a(etimer.o)       obj_sky/contiki-sky-main.o (etimer_process)
contiki-sky.a(ctimer.o)       obj_sky/contiki-sky-main.o (ctimer_init)
contiki-sky.a(energest.o)     obj_sky/contiki-sky-main.o (energest_init)
contiki-sky.a(rtimer.o)       obj_sky/contiki-sky-main.o (rtimer_init)
contiki-sky.a(random.o)       obj_sky/contiki-sky-main.o (random_init)
contiki-sky.a(nbr-table.o)    contiki-sky.a(phase.o) (nbr_table_register)
contiki-sky.a(packetbuf.o)    contiki-sky.a(contikimac.o) (packetbuf_hdr_remove)
contiki-sky.a(psock.o)        client.co (psock_send)
contiki-sky.a(queuebuf.o)     contiki-sky.a(rime.o) (queuebuf_init)
contiki-sky.a(tcpip.o)        client.co (tcpip_event)
contiki-sky.a(uip-fw-drv.o)   obj_sky/contiki-sky-main.o (uip_fw_process)
contiki-sky.a(uip-fw.o)       contiki-sky.a(uip-fw-drv.o) (uip_fw_output)
contiki-sky.a(uip-over-mesh.o)
                              obj_sky/contiki-sky-main.o (uip_over_mesh_init)
contiki-sky.a(uip.o)          contiki-sky.a(tcpip.o) (uip_aligned_buf)
contiki-sky.a(contiki-sky-pla)
                              obj_sky/contiki-sky-main.o (init_platform)
contiki-sky.a(button-sensor.o)
                              contiki-sky.a(contiki-sky-pla) (button_sensor)
contiki-sky.a(ds2411.o)       obj_sky/contiki-sky-main.o (ds2411_init)
contiki-sky.a(xmem.o)         obj_sky/contiki-sky-main.o (xmem_init)
contiki-sky.a(node-id.o)      obj_sky/contiki-sky-main.o (node_id_restore)
contiki-sky.a(sensors.o)      contiki-sky.a(button-sensor.o) (sensors_changed)
contiki-sky.a(cc2420.o)       obj_sky/contiki-sky-main.o (cc2420_set_channel)
contiki-sky.a(cc2420-arch.o)  contiki-sky.a(cc2420.o) (cc2420_arch_init)
contiki-sky.a(uip-ipchksum.o)
                              contiki-sky.a(uip-fw.o) (uip_ipchksum)
contiki-sky.a(uart1.o)        obj_sky/contiki-sky-main.o (uart1_active)
contiki-sky.a(slip_uart1.o)   obj_sky/contiki-sky-main.o (putchar)
contiki-sky.a(slip.o)         obj_sky/contiki-sky-main.o (slip_set_input_callback)
contiki-sky.a(msp430.o)       contiki-sky.a(uart1.o) (msp430_add_lpm_req)
contiki-sky.a(clock.o)        contiki-sky.a(timer.o) (clock_time)
contiki-sky.a(leds.o)         obj_sky/contiki-sky-main.o (leds_init)
contiki-sky.a(leds-arch.o)    contiki-sky.a(leds.o) (leds_arch_init)
contiki-sky.a(watchdog.o)     obj_sky/contiki-sky-main.o (watchdog_start)
contiki-sky.a(rtimer-arch.o)  contiki-sky.a(rtimer.o) (rtimer_arch_init)
contiki-sky.a(unicast.o)      contiki-sky.a(uip-over-mesh.o) (unicast_open)
contiki-sky.a(trickle.o)      contiki-sky.a(uip-over-mesh.o) (trickle_open)
contiki-sky.a(route.o)        contiki-sky.a(uip-over-mesh.o) (route_init)
contiki-sky.a(route-discovery)
                              contiki-sky.a(uip-over-mesh.o) (route_discovery_open)
contiki-sky.a(mac.o)          contiki-sky.a(csma.o) (mac_call_sent_callback)
contiki-sky.a(framer-802154.o)
                              contiki-sky.a(contikimac.o) (framer_802154)
contiki-sky.a(spi.o)          contiki-sky.a(xmem.o) (spi_init)
contiki-sky.a(netflood.o)     contiki-sky.a(route-discovery) (netflood_open)
contiki-sky.a(frame802154.o)  contiki-sky.a(framer-802154.o) (frame802154_hdrlen)
contiki-sky.a(ipolite.o)      contiki-sky.a(netflood.o) (ipolite_open)
/usr/lib/gcc/msp430/4.5.3/mmpy-16/libgcc.a(_mulsi3.o)
                              contiki-sky.a(csma.o) (__mulsi3)
/usr/lib/gcc/msp430/4.5.3/mmpy-16/libgcc.a(_udivmodhi4.o)
                              contiki-sky.a(phase.o) (__udivmodhi4)
/usr/lib/gcc/msp430/4.5.3/mmpy-16/libgcc.a(_divmodhi4.o)
[...]
Memory Configuration

Name             Origin             Length             Attributes
sfr              0x00000000         0x00000010
peripheral_8bit  0x00000010         0x000000f0
peripheral_16bit 0x00000100         0x00000100
infomem          0x00001000         0x00000100
infob            0x00001000         0x00000080
infoa            0x00001080         0x00000080
ram              0x00001100         0x00002800         xw
rom              0x00004000         0x0000bfe0         xr
vectors          0x0000ffe0         0x00000020
bsl              0x00000000         0x00000000
infoc            0x00000000         0x00000000
infod            0x00000000         0x00000000
far_rom          0x00000000         0x00000000
*default*        0x00000000         0xffffffff

Linker script and memory map

LOAD /usr/lib/gcc/msp430/4.5.3/mmpy-16/crt0ivtbl16.o
LOAD client.co
LOAD obj_sky/contiki-sky-main.o
LOAD contiki-sky.a
LOAD /usr/lib/gcc/msp430/4.5.3/mmpy-16/libgcc.a
LOAD /usr/lib/gcc/msp430/4.5.3/../../../../msp430/lib/mmpy-16/libc.a
LOAD /usr/lib/gcc/msp430/4.5.3/mmpy-16/libgcc.a
LOAD /usr/lib/gcc/msp430/4.5.3/mmpy-16/libcrt0.a
                0x00000000                __IE1 = 0x0
                0x00000002                __IFG1 = 0x2
                0x00000004                __ME1 = 0x4
                0x00000001                __IE2 = 0x1
                0x00000003                __IFG2 = 0x3
                0x00000005                __ME2 = 0x5
                0x00000120                __WDTCTL = 0x120
                0x00000130                __MPY = 0x130
                0x00000132                __MPYS = 0x132
                0x00000134                __MAC = 0x134
                0x00000136                __MACS = 0x136
                0x00000138                __OP2 = 0x138
                0x0000013a                __RESLO = 0x13a
                0x0000013c                __RESHI = 0x13c
                0x0000013e                __SUMEXT = 0x13e
                0x00000020                __P1IN = 0x20
                0x00000021                __P1OUT = 0x21
                0x00000022                __P1DIR = 0x22
                0x00000023                __P1IFG = 0x23
                0x00000024                __P1IES = 0x24
                0x00000025                __P1IE = 0x25
                0x00000026                __P1SEL = 0x26
                0x00000028                __P2IN = 0x28
                0x00000029                __P2OUT = 0x29
                0x0000002a                __P2DIR = 0x2a
                0x0000002b                __P2IFG = 0x2b
                0x0000002c                __P2IES = 0x2c
                0x0000002d                __P2IE = 0x2d
                0x0000002e                __P2SEL = 0x2e
                0x00000018                __P3IN = 0x18
                0x00000019                __P3OUT = 0x19
                0x0000001a                __P3DIR = 0x1a
                0x0000001b                __P3SEL = 0x1b
                0x0000001c                __P4IN = 0x1c
                0x0000001d                __P4OUT = 0x1d
                0x0000001e                __P4DIR = 0x1e
                0x0000001f                __P4SEL = 0x1f
                0x00000030                __P5IN = 0x30
                0x00000031                __P5OUT = 0x31
                0x00000032                __P5DIR = 0x32
                0x00000033                __P5SEL = 0x33
                0x00000034                __P6IN = 0x34
                0x00000035                __P6OUT = 0x35
                0x00000036                __P6DIR = 0x36
                0x00000037                __P6SEL = 0x37
                0x00000070                __U0CTL = 0x70
                0x00000071                __U0TCTL = 0x71
                0x00000072                __U0RCTL = 0x72
                0x00000073                __U0MCTL = 0x73
                0x00000074                __U0BR0 = 0x74
                0x00000075                __U0BR1 = 0x75
                0x00000076                __U0RXBUF = 0x76
                0x00000077                __U0TXBUF = 0x77
                0x00000078                __U1CTL = 0x78
                0x00000079                __U1TCTL = 0x79
                0x0000007a                __U1RCTL = 0x7a
                0x0000007b                __U1MCTL = 0x7b
                0x0000007c                __U1BR0 = 0x7c
                0x0000007d                __U1BR1 = 0x7d
                0x0000007e                __U1RXBUF = 0x7e
                0x0000007f                __U1TXBUF = 0x7f
                0x00000050                __I2CIE = 0x50
                0x00000051                __I2CIFG = 0x51
                0x00000052                __I2CNDAT = 0x52
                0x00000071                __I2CTCTL = 0x71
                0x00000072                __I2CDCTL = 0x72
                0x00000073                __I2CPSC = 0x73
                0x00000074                __I2CSCLH = 0x74
                0x00000075                __I2CSCLL = 0x75
                0x00000076                __I2CDRB = 0x76
                0x00000076                __I2CDRW = 0x76
                0x00000118                __I2COA = 0x118
                0x0000011a                __I2CSA = 0x11a
                0x0000011c                __I2CIV = 0x11c
                0x0000012e                __TAIV = 0x12e
                0x00000160                __TACTL = 0x160
                0x00000162                __TACCTL0 = 0x162
                0x00000164                __TACCTL1 = 0x164
                0x00000166                __TACCTL2 = 0x166
                0x00000170                __TAR = 0x170
                0x00000172                __TACCR0 = 0x172
                0x00000174                __TACCR1 = 0x174
                0x00000176                __TACCR2 = 0x176
                0x0000011e                __TBIV = 0x11e
                0x00000180                __TBCTL = 0x180
                0x00000182                __TBCCTL0 = 0x182
                0x00000184                __TBCCTL1 = 0x184
                0x00000186                __TBCCTL2 = 0x186
                0x00000188                __TBCCTL3 = 0x188
                0x0000018a                __TBCCTL4 = 0x18a
                0x0000018c                __TBCCTL5 = 0x18c
                0x0000018e                __TBCCTL6 = 0x18e
                0x00000190                __TBR = 0x190
                0x00000192                __TBCCR0 = 0x192
                0x00000194                __TBCCR1 = 0x194
                0x00000196                __TBCCR2 = 0x196
                0x00000198                __TBCCR3 = 0x198
                0x0000019a                __TBCCR4 = 0x19a
                0x0000019c                __TBCCR5 = 0x19c
                0x0000019e                __TBCCR6 = 0x19e
                0x00000056                __DCOCTL = 0x56
                0x00000057                __BCSCTL1 = 0x57
                0x00000058                __BCSCTL2 = 0x58
                0x00000055                __SVSCTL = 0x55
                0x00000128                __FCTL1 = 0x128
                0x0000012a                __FCTL2 = 0x12a
                0x0000012c                __FCTL3 = 0x12c
                0x00000059                __CACTL1 = 0x59
                0x0000005a                __CACTL2 = 0x5a
                0x0000005b                __CAPD = 0x5b
                0x000001a0                __ADC12CTL0 = 0x1a0
                0x000001a2                __ADC12CTL1 = 0x1a2
                0x000001a4                __ADC12IFG = 0x1a4
                0x000001a6                __ADC12IE = 0x1a6
                0x000001a8                __ADC12IV = 0x1a8
                0x00000140                __ADC12MEM0 = 0x140
                0x00000142                __ADC12MEM1 = 0x142
                0x00000144                __ADC12MEM2 = 0x144
                0x00000146                __ADC12MEM3 = 0x146
                0x00000148                __ADC12MEM4 = 0x148
                0x0000014a                __ADC12MEM5 = 0x14a
                0x0000014c                __ADC12MEM6 = 0x14c
                0x0000014e                __ADC12MEM7 = 0x14e
                0x00000150                __ADC12MEM8 = 0x150
                0x00000152                __ADC12MEM9 = 0x152
                0x00000154                __ADC12MEM10 = 0x154
                0x00000156                __ADC12MEM11 = 0x156
                0x00000158                __ADC12MEM12 = 0x158
                0x0000015a                __ADC12MEM13 = 0x15a
                0x0000015c                __ADC12MEM14 = 0x15c
                0x0000015e                __ADC12MEM15 = 0x15e
                0x00000080                __ADC12MCTL0 = 0x80
                0x00000081                __ADC12MCTL1 = 0x81
                0x00000082                __ADC12MCTL2 = 0x82
                0x00000083                __ADC12MCTL3 = 0x83
                0x00000084                __ADC12MCTL4 = 0x84
                0x00000085                __ADC12MCTL5 = 0x85
                0x00000086                __ADC12MCTL6 = 0x86
                0x00000087                __ADC12MCTL7 = 0x87
                0x00000088                __ADC12MCTL8 = 0x88
                0x00000089                __ADC12MCTL9 = 0x89
                0x0000008a                __ADC12MCTL10 = 0x8a
                0x0000008b                __ADC12MCTL11 = 0x8b
                0x0000008c                __ADC12MCTL12 = 0x8c
                0x0000008d                __ADC12MCTL13 = 0x8d
                0x0000008e                __ADC12MCTL14 = 0x8e
                0x0000008f                __ADC12MCTL15 = 0x8f
                0x000001c0                __DAC12_0CTL = 0x1c0
                0x000001c2                __DAC12_1CTL = 0x1c2
                0x000001c8                __DAC12_0DAT = 0x1c8
                0x000001ca                __DAC12_1DAT = 0x1ca
                0x00000122                __DMACTL0 = 0x122
                0x00000124                __DMACTL1 = 0x124
                0x000001e0                __DMA0CTL = 0x1e0
                0x000001e8                __DMA1CTL = 0x1e8
                0x000001f0                __DMA2CTL = 0x1f0
                0x000001e2                __DMA0SA = 0x1e2
                0x000001e4                __DMA0DA = 0x1e4
                0x000001e6                __DMA0SZ = 0x1e6
                0x000001ea                __DMA1SA = 0x1ea
                0x000001ec                __DMA1DA = 0x1ec
                0x000001ee                __DMA1SZ = 0x1ee
                0x000001f2                __DMA2SA = 0x1f2
                0x000001f4                __DMA2DA = 0x1f4
                0x000001f6                __DMA2SZ = 0x1f6

.hash
 *(.hash)

.dynsym
 *(.dynsym)

.dynstr
 *(.dynstr)

.gnu.version
 *(.gnu.version)

.gnu.version_d
 *(.gnu.version_d)

.gnu.version_r
 *(.gnu.version_r)

.rel.init
 *(.rel.init)

.rela.init
 *(.rela.init)

.rel.text
 *(.rel.text)
 *(.rel.text.*)
 *(.rel.gnu.linkonce.t*)

.rela.text
 *(.rela.text)
 *(.rela.text.*)
 *(.rela.gnu.linkonce.t*)

.rel.fini
 *(.rel.fini)

.rela.fini
 *(.rela.fini)

.rel.rodata
 *(.rel.rodata)
 *(.rel.rodata.*)
 *(.rel.gnu.linkonce.r*)

.rela.rodata
 *(.rela.rodata)
 *(.rela.rodata.*)
 *(.rela.gnu.linkonce.r*)

.rel.data
 *(.rel.data)
 *(.rel.data.*)
 *(.rel.gnu.linkonce.d*)

.rela.data
 *(.rela.data)
 *(.rela.data.*)
 *(.rela.gnu.linkonce.d*)

.rel.ctors
 *(.rel.ctors)

.rela.ctors
 *(.rela.ctors)

.rel.dtors
 *(.rel.dtors)

.rela.dtors
 *(.rela.dtors)

.rel.got
 *(.rel.got)

.rela.got
 *(.rela.got)

.rel.bss
 *(.rel.bss)

.rela.bss
 *(.rela.bss)

.rel.plt
 *(.rel.plt)

.rela.plt
 *(.rela.plt)

.text           0x00004000     0x7b86
                0x00004000                . = ALIGN (0x2)
 *(.init)
 *(.init0)
 .init0         0x00004000        0x0 /usr/lib/gcc/msp430/4.5.3/mmpy-16/libcrt0.a(_reset_vector__.o)
                0x00004000                _reset_vector__
 *(.init1)
 *(.init2)
 .init2         0x00004000        0x4 /usr/lib/gcc/msp430/4.5.3/mmpy-16/libcrt0.a(__init_stack.o)
                0x00004000                __init_stack
 *(.init3)
 .init3         0x00004004        0xa /usr/lib/gcc/msp430/4.5.3/mmpy-16/libcrt0.a(__low_level_init.o)
                0x00004004                __low_level_init
 *(.init4)
 .init4         0x0000400e       0x16 /usr/lib/gcc/msp430/4.5.3/mmpy-16/libcrt0.a(_copy_data.o)
                0x0000400e                __do_copy_data
 .init4         0x00004024       0x14 /usr/lib/gcc/msp430/4.5.3/mmpy-16/libcrt0.a(_clear_bss.o)
                0x00004024                __do_clear_bss
 *(.init5)
 *(.init6)
 *(.init7)
 *(.init8)
 *(.init9)
 .init9         0x00004038      0x3bc obj_sky/contiki-sky-main.o
                0x00004038                main
 *(.fini9)
 .fini9         0x000043f4        0x0 /usr/lib/gcc/msp430/4.5.3/mmpy-16/libcrt0.a(__stop_progExec__.o)
                0x000043f4                __stop_progExec__
 *(.fini8)
 *(.fini7)
 *(.fini6)
 *(.fini5)
 *(.fini4)
 *(.fini3)
 *(.fini2)
 *(.fini1)
 *(.fini0)
 .fini0         0x000043f4        0x6 /usr/lib/gcc/msp430/4.5.3/mmpy-16/libcrt0.a(_endless_loop__.o)
                0x000043f4                _endless_loop__
 *(.fini)
                0x000043fa                . = ALIGN (0x2)
                0x000043fa                __ctors_start = .
 *(.ctors)
                0x000043fa                __ctors_end = .
                0x000043fa                __dtors_start = .
 *(.dtors)
                0x000043fa                __dtors_end = .
                0x000043fa                . = ALIGN (0x2)
 *(.text)
 .text          0x000043fa        0x4 /usr/lib/gcc/msp430/4.5.3/mmpy-16/crt0ivtbl16.o
                0x000043fa                __isr_14
                0x000043fa                __isr_11
                0x000043fa                __isr_2
                0x000043fa                __isr_7
                0x000043fa                __isr_0
                0x000043fa                __isr_8
                0x000043fa                __isr_3
                0x000043fa                __isr_12
                0x000043fa                __isr_13
                0x000043fa                __isr_9
 .text          0x000043fe      0x142 client.co
                0x0000453c                autostart_processes
 .text          0x00004540      0x157 obj_sky/contiki-sky-main.o
 *fill*         0x00004697        0x1 00
 .text          0x00004698        0x2 contiki-sky.a(rimeaddr.o)
                0x00004698                rimeaddr_null
 .text          0x0000469a        0xc contiki-sky.a(rime.o)
                0x000046a0                rime_driver
 .text          0x000046a6        0x4 contiki-sky.a(broadcast-annou)
 .text          0x000046aa        0x8 contiki-sky.a(broadcast.o)
 .text          0x000046b2        0x2 contiki-sky.a(abc.o)
 .text          0x000046b4       0x10 contiki-sky.a(chameleon-bitop)
                0x000046b4                chameleon_bitopt
 .text          0x000046c4       0x14 contiki-sky.a(csma.o)
                0x000046ca                csma_driver
 .text          0x000046d8       0x1c contiki-sky.a(contikimac.o)
                0x000046e4                contikimac_driver
 .text          0x000046f4        0xc contiki-sky.a(etimer.o)
 .text          0x00004700        0xf contiki-sky.a(ctimer.o)
 .text          0x0000470f        0xd contiki-sky.a(tcpip.o)
 .text          0x0000471c        0xe contiki-sky.a(uip-fw-drv.o)
 .text          0x0000472a        0xa contiki-sky.a(uip-over-mesh.o)
 .text          0x00004734       0x28 contiki-sky.a(uip.o)
                0x00004754                uip_broadcast_addr
                0x00004758                uip_all_zeroes_addr
 .text          0x0000475c       0x10 contiki-sky.a(button-sensor.o)
                0x00004764                button_sensor
 .text          0x0000476c        0x8 contiki-sky.a(sensors.o)
 .text          0x00004774       0x22 contiki-sky.a(cc2420.o)
                0x00004782                cc2420_driver
 .text          0x00004796       0x26 contiki-sky.a(slip.o)
 .text          0x000047bc        0xa contiki-sky.a(unicast.o)
 .text          0x000047c6        0xa contiki-sky.a(trickle.o)
 .text          0x000047d0        0xa contiki-sky.a(route-discovery)
 .text          0x000047da        0x4 contiki-sky.a(framer-802154.o)
                0x000047da                framer_802154
 .text          0x000047de        0x6 contiki-sky.a(netflood.o)
 .text          0x000047e4        0x2 contiki-sky.a(frame802154.o)
 .text          0x000047e6        0x4 contiki-sky.a(ipolite.o)
 .text          0x000047ea       0x30 /usr/lib/gcc/msp430/4.5.3/../../../../msp430/lib/mmpy-16/libc.a(strncmp.o)
                0x000047ea                strncmp
 .text          0x0000481a       0x34 /usr/lib/gcc/msp430/4.5.3/../../../../msp430/lib/mmpy-16/libc.a(memcmp.o)
                0x0000481a                memcmp
 .text          0x0000484e      0x104 /usr/lib/gcc/msp430/4.5.3/../../../../msp430/lib/mmpy-16/libc.a(memcpy.o)
                0x0000484e                memcpy
 .text          0x00004952       0x66 /usr/lib/gcc/msp430/4.5.3/../../../../msp430/lib/mmpy-16/libc.a(memset.o)
                0x00004952                memset
 .text          0x000049b8       0x20 /usr/lib/gcc/msp430/4.5.3/../../../../msp430/lib/mmpy-16/libc.a(printf.o)
                0x000049b8                printf
                0x000049ca                vprintf
 .text          0x000049d8      0x476 /usr/lib/gcc/msp430/4.5.3/../../../../msp430/lib/mmpy-16/libc.a(vuprintf.o)
                0x00004ae4                vuprintf
 .text          0x00004e4e       0x2c /usr/lib/gcc/msp430/4.5.3/../../../../msp430/lib/mmpy-16/libc.a(puts.o)
                0x00004e4e                puts
 .text          0x00004e7a      0x134 /usr/lib/gcc/msp430/4.5.3/../../../../msp430/lib/mmpy-16/libc.a(rand.o)
                0x00004e7a                rand_r
                0x00004f0e                rand
                0x00004fa4                srand
                0x00004fae                . = ALIGN (0x2)
 *(.text.*)
 .text.process_thread_example_psock_client_process
                0x00004fae      0x282 client.co
 .text.set_gateway
                0x00005230       0x5a obj_sky/contiki-sky-main.o
 .text.rimeaddr_copy
                0x0000528a        0x6 contiki-sky.a(rimeaddr.o)
                0x0000528a                rimeaddr_copy
 .text.rimeaddr_cmp
                0x00005290       0x12 contiki-sky.a(rimeaddr.o)
                0x00005290                rimeaddr_cmp
 .text.rimeaddr_set_node_addr
                0x000052a2        0xc contiki-sky.a(rimeaddr.o)
                0x000052a2                rimeaddr_set_node_addr
 .text.input    0x000052ae       0x3a contiki-sky.a(rime.o)
 .text.init     0x000052e8       0x2e contiki-sky.a(rime.o)
 .text.packet_sent
                0x00005316       0x44 contiki-sky.a(rime.o)
 .text.rime_output
                0x0000535a       0x20 contiki-sky.a(rime.o)
                0x0000535a                rime_output
 .text.announcement_init
                0x0000537a        0xa contiki-sky.a(announcement.o)
                0x0000537a                announcement_init
 .text.announcement_register_observer_callback
                0x00005384        0x6 contiki-sky.a(announcement.o)
                0x00005384                announcement_register_observer_callback
 .text.announcement_list
                0x0000538a        0xa contiki-sky.a(announcement.o)
                0x0000538a                announcement_list
 .text.announcement_heard
                0x00005394       0x42 contiki-sky.a(announcement.o)
                0x00005394                announcement_heard
 .text.adv_packet_sent
                0x000053d6        0x2 contiki-sky.a(broadcast-annou)
 .text.adv_packet_received
                0x000053d8       0x6c contiki-sky.a(broadcast-annou)
 .text.set_timers
                0x00005444       0x60 contiki-sky.a(broadcast-annou)
 .text.new_announcement
                0x000054a4       0x18 contiki-sky.a(broadcast-annou)
 .text.send_timer
                0x000054bc       0x38 contiki-sky.a(broadcast-annou)
 .text.send_adv
                0x000054f4       0x66 contiki-sky.a(broadcast-annou)
 .text.broadcast_announcement_init
                0x0000555a       0x48 contiki-sky.a(broadcast-annou)
                0x0000555a                broadcast_announcement_init
 .text.sent_by_abc
                0x000055a2       0x10 contiki-sky.a(broadcast.o)
 .text.recv_from_abc
                0x000055b2       0x26 contiki-sky.a(broadcast.o)
 .text.broadcast_open
                0x000055d8       0x2a contiki-sky.a(broadcast.o)
                0x000055d8                broadcast_open
 .text.broadcast_send
                0x00005602       0x1a contiki-sky.a(broadcast.o)
                0x00005602                broadcast_send
 .text.abc_open
                0x0000561c       0x26 contiki-sky.a(abc.o)
                0x0000561c                abc_open
 .text.abc_send
                0x00005642        0x6 contiki-sky.a(abc.o)
                0x00005642                abc_send
 .text.abc_input
                0x00005648        0xe contiki-sky.a(abc.o)
                0x00005648                abc_input
 .text.abc_sent
                0x00005656       0x10 contiki-sky.a(abc.o)
                0x00005656                abc_sent
 .text.chameleon_init
                0x00005666        0x6 contiki-sky.a(chameleon.o)
                0x00005666                chameleon_init
 .text.chameleon_parse
                0x0000566c       0x10 contiki-sky.a(chameleon.o)
                0x0000566c                chameleon_parse
 .text.chameleon_create
                0x0000567c       0x1c contiki-sky.a(chameleon.o)
                0x0000567c                chameleon_create
 .text.chameleon_hdrsize
                0x00005698        0x6 contiki-sky.a(chameleon.o)
                0x00005698                chameleon_hdrsize
 .text.channel_init
                0x0000569e        0xa contiki-sky.a(channel.o)
                0x0000569e                channel_init
 .text.channel_open
                0x000056a8       0x10 contiki-sky.a(channel.o)
                0x000056a8                channel_open
 .text.channel_lookup
                0x000056b8       0x20 contiki-sky.a(channel.o)
                0x000056b8                channel_lookup
 .text.channel_set_attributes
                0x000056d8       0x24 contiki-sky.a(channel.o)
                0x000056d8                channel_set_attributes
 .text.header_size
                0x000056fc       0x16 contiki-sky.a(chameleon-bitop)
 .text.get_bits_in_byte
                0x00005712       0x30 contiki-sky.a(chameleon-bitop)
                0x00005712                get_bits_in_byte
 .text.get_bits
                0x00005742       0xaa contiki-sky.a(chameleon-bitop)
                0x00005742                get_bits
 .text.unpack_header
                0x000057ec       0xde contiki-sky.a(chameleon-bitop)
 .text.set_bits_in_byte
                0x000058ca       0x26 contiki-sky.a(chameleon-bitop)
                0x000058ca                set_bits_in_byte
 .text.set_bits
                0x000058f0       0xb0 contiki-sky.a(chameleon-bitop)
                0x000058f0                set_bits
 .text.pack_header
                0x000059a0       0xb8 contiki-sky.a(chameleon-bitop)
 .text.input_packet
                0x00005a58        0x6 contiki-sky.a(csma.o)
 .text.on       0x00005a5e        0x6 contiki-sky.a(csma.o)
 .text.off      0x00005a64        0x6 contiki-sky.a(csma.o)
 .text.channel_check_interval
                0x00005a6a        0xc contiki-sky.a(csma.o)
 .text.transmit_packet_list
                0x00005a76       0x24 contiki-sky.a(csma.o)
 .text.send_packet
                0x00005a9a      0x164 contiki-sky.a(csma.o)
 .text.free_packet
                0x00005bfe       0x90 contiki-sky.a(csma.o)
 .text.packet_sent
                0x00005c8e      0x128 contiki-sky.a(csma.o)
 .text.init     0x00005db6       0x1a contiki-sky.a(csma.o)
 .text.on       0x00005dd0       0x16 contiki-sky.a(contikimac.o)
 .text.off      0x00005de6       0x1e contiki-sky.a(contikimac.o)
 .text.recv_burst_off
                0x00005e04        0xa contiki-sky.a(contikimac.o)
 .text.turn_off
                0x00005e0e       0x20 contiki-sky.a(contikimac.o)
 .text.duty_cycle
                0x00005e2e        0x6 contiki-sky.a(contikimac.o)
 .text.turn_on  0x00005e34       0x30 contiki-sky.a(contikimac.o)
 .text.schedule_powercycle_fixed
                0x00005e64       0x40 contiki-sky.a(contikimac.o)
 .text.powercycle_turn_radio_off
                0x00005ea4       0x2c contiki-sky.a(contikimac.o)
 .text.powercycle
                0x00005ed0      0x1c0 contiki-sky.a(contikimac.o)
 .text.input_packet
                0x00006090      0x118 contiki-sky.a(contikimac.o)
 .text.send_packet
                0x000061a8      0x2e2 contiki-sky.a(contikimac.o)
 .text.qsend_list
                0x0000648a       0x86 contiki-sky.a(contikimac.o)
 .text.qsend_packet
                0x00006510       0x28 contiki-sky.a(contikimac.o)
 .text.init     0x00006538       0x2e contiki-sky.a(contikimac.o)
 .text.send_packet
                0x00006566       0x44 contiki-sky.a(phase.o)
 .text.phase_update
                0x000065aa       0x90 contiki-sky.a(phase.o)
                0x000065aa                phase_update
 .text.phase_wait
                0x0000663a      0x112 contiki-sky.a(phase.o)
                0x0000663a                phase_wait
 .text.phase_init
                0x0000674c       0x14 contiki-sky.a(phase.o)
                0x0000674c                phase_init
 .text.call_process
                0x00006760       0x4c contiki-sky.a(process.o)
 .text.exit_process
                0x000067ac       0x94 contiki-sky.a(process.o)
 .text.do_poll  0x00006840       0x30 contiki-sky.a(process.o)
 .text.process_alloc_event
                0x00006870        0xe contiki-sky.a(process.o)
                0x00006870                process_alloc_event
 .text.process_init
                0x0000687e       0x1c contiki-sky.a(process.o)
                0x0000687e                process_init
 .text.process_run
                0x0000689a       0x9c contiki-sky.a(process.o)
                0x0000689a                process_run
 .text.process_nevents
                0x00006936        0xc contiki-sky.a(process.o)
                0x00006936                process_nevents
 .text.process_post
                0x00006942       0x54 contiki-sky.a(process.o)
                0x00006942                process_post
 .text.process_post_synch
                0x00006996       0x12 contiki-sky.a(process.o)
                0x00006996                process_post_synch
 .text.process_start
                0x000069a8       0x32 contiki-sky.a(process.o)
                0x000069a8                process_start
 .text.process_poll
                0x000069da       0x1a contiki-sky.a(process.o)
                0x000069da                process_poll
 .text.autostart_start
                0x000069f4       0x18 contiki-sky.a(autostart.o)
                0x000069f4                autostart_start
 .text.compower_accumulate
                0x00006a0c       0x72 contiki-sky.a(compower.o)
                0x00006a0c                compower_accumulate
 .text.compower_clear
                0x00006a7e       0x12 contiki-sky.a(compower.o)
                0x00006a7e                compower_clear
 .text.compower_attrconv
                0x00006a90       0x10 contiki-sky.a(compower.o)
                0x00006a90                compower_attrconv
 .text.memb_init
                0x00006aa0       0x36 contiki-sky.a(memb.o)
                0x00006aa0                memb_init
 .text.memb_alloc
                0x00006ad6       0x3e contiki-sky.a(memb.o)
                0x00006ad6                memb_alloc
 .text.memb_free
                0x00006b14       0x3a contiki-sky.a(memb.o)
                0x00006b14                memb_free
 .text.memb_inmemb
                0x00006b4e       0x2e contiki-sky.a(memb.o)
                0x00006b4e                memb_inmemb
 .text.timer_set
                0x00006b7c       0x1c contiki-sky.a(timer.o)
                0x00006b7c                timer_set
 .text.timer_reset
                0x00006b98        0xe contiki-sky.a(timer.o)
                0x00006b98                timer_reset
 .text.timer_restart
                0x00006ba6       0x14 contiki-sky.a(timer.o)
                0x00006ba6                timer_restart
 .text.timer_expired
                0x00006bba       0x2e contiki-sky.a(timer.o)
                0x00006bba                timer_expired
 .text.list_init
                0x00006be8        0x6 contiki-sky.a(list.o)
                0x00006be8                list_init
 .text.list_head
                0x00006bee        0x4 contiki-sky.a(list.o)
                0x00006bee                list_head
 .text.list_tail
                0x00006bf2       0x14 contiki-sky.a(list.o)
                0x00006bf2                list_tail
 .text.list_chop
                0x00006c06       0x2a contiki-sky.a(list.o)
                0x00006c06                list_chop
 .text.list_remove
                0x00006c30       0x2e contiki-sky.a(list.o)
                0x00006c30                list_remove
 .text.list_push
                0x00006c5e       0x1a contiki-sky.a(list.o)
                0x00006c5e                list_push
 .text.list_add
                0x00006c78       0x2a contiki-sky.a(list.o)
                0x00006c78                list_add
 .text.list_length
                0x00006ca2       0x10 contiki-sky.a(list.o)
                0x00006ca2                list_length
 .text.list_item_next
                0x00006cb2        0x8 contiki-sky.a(list.o)
                0x00006cb2                list_item_next
 .text.update_time
                0x00006cba       0x78 contiki-sky.a(etimer.o)
 .text.etimer_request_poll
                0x00006d32        0xa contiki-sky.a(etimer.o)
                0x00006d32                etimer_request_poll
 .text.process_thread_etimer_process
                0x00006d3c       0xce contiki-sky.a(etimer.o)
 .text.add_timer
                0x00006e0a       0x40 contiki-sky.a(etimer.o)
 .text.etimer_set
                0x00006e4a       0x12 contiki-sky.a(etimer.o)
                0x00006e4a                etimer_set
 .text.etimer_reset
                0x00006e5c       0x12 contiki-sky.a(etimer.o)
                0x00006e5c                etimer_reset
 .text.etimer_restart
                0x00006e6e       0x12 contiki-sky.a(etimer.o)
                0x00006e6e                etimer_restart
 .text.etimer_expired
                0x00006e80        0xe contiki-sky.a(etimer.o)
                0x00006e80                etimer_expired
 .text.etimer_pending
                0x00006e8e        0xe contiki-sky.a(etimer.o)
                0x00006e8e                etimer_pending
 .text.etimer_next_expiration_time
                0x00006e9c       0x16 contiki-sky.a(etimer.o)
                0x00006e9c                etimer_next_expiration_time
 .text.etimer_stop
                0x00006eb2       0x3c contiki-sky.a(etimer.o)
                0x00006eb2                etimer_stop
 .text.process_thread_ctimer_process
                0x00006eee       0xa4 contiki-sky.a(ctimer.o)
 .text.ctimer_init
                0x00006f92       0x18 contiki-sky.a(ctimer.o)
                0x00006f92                ctimer_init
 .text.ctimer_set
                0x00006faa       0x5a contiki-sky.a(ctimer.o)
                0x00006faa                ctimer_set
 .text.ctimer_reset
                0x00007004       0x3a contiki-sky.a(ctimer.o)
                0x00007004                ctimer_reset
 .text.ctimer_stop
                0x0000703e       0x28 contiki-sky.a(ctimer.o)
                0x0000703e                ctimer_stop
 .text.energest_init
                0x00007066       0x2a contiki-sky.a(energest.o)
                0x00007066                energest_init
 .text.energest_type_time
                0x00007090       0x44 contiki-sky.a(energest.o)
                0x00007090                energest_type_time
 .text.energest_type_set
                0x000070d4        0xe contiki-sky.a(energest.o)
                0x000070d4                energest_type_set
 .text.energest_flush
                0x000070e2       0x4a contiki-sky.a(energest.o)
                0x000070e2                energest_flush
 .text.rtimer_init
                0x0000712c        0x6 contiki-sky.a(rtimer.o)
                0x0000712c                rtimer_init
 .text.rtimer_set
                0x00007132       0x24 contiki-sky.a(rtimer.o)
                0x00007132                rtimer_set
 .text.rtimer_run_next
                0x00007156       0x26 contiki-sky.a(rtimer.o)
                0x00007156                rtimer_run_next
 .text.random_init
                0x0000717c        0x6 contiki-sky.a(random.o)
                0x0000717c                random_init
 .text.random_rand
                0x00007182        0x6 contiki-sky.a(random.o)
                0x00007182                random_rand
 .text.index_from_key
                0x00007188       0x34 contiki-sky.a(nbr-table.o)
 .text.item_from_key
                0x000071bc       0x38 contiki-sky.a(nbr-table.o)
 .text.nbr_set_bit
                0x000071f4       0x6e contiki-sky.a(nbr-table.o)
 .text.index_from_lladdr
                0x00007262       0x42 contiki-sky.a(nbr-table.o)
 .text.nbr_get_bit.clone.0
                0x000072a4       0x40 contiki-sky.a(nbr-table.o)
 .text.nbr_table_register
                0x000072e4       0x26 contiki-sky.a(nbr-table.o)
                0x000072e4                nbr_table_register
 .text.nbr_table_add_lladdr
                0x0000730a      0x13e contiki-sky.a(nbr-table.o)
                0x0000730a                nbr_table_add_lladdr
 .text.nbr_table_get_from_lladdr
                0x00007448       0x4c contiki-sky.a(nbr-table.o)
                0x00007448                nbr_table_get_from_lladdr
 .text.nbr_table_remove
                0x00007494       0x32 contiki-sky.a(nbr-table.o)
                0x00007494                nbr_table_remove
 .text.packetbuf_copyto_hdr
                0x000074c6       0x1c contiki-sky.a(packetbuf.o)
                0x000074c6                packetbuf_copyto_hdr
 .text.packetbuf_copyto
                0x000074e2       0x52 contiki-sky.a(packetbuf.o)
                0x000074e2                packetbuf_copyto
 .text.packetbuf_hdr_remove
                0x00007534        0x6 contiki-sky.a(packetbuf.o)
                0x00007534                packetbuf_hdr_remove
 .text.packetbuf_hdrreduce
                0x0000753a       0x1a contiki-sky.a(packetbuf.o)
                0x0000753a                packetbuf_hdrreduce
 .text.packetbuf_set_datalen
                0x00007554        0x6 contiki-sky.a(packetbuf.o)
                0x00007554                packetbuf_set_datalen
 .text.packetbuf_dataptr
                0x0000755a        0xa contiki-sky.a(packetbuf.o)
                0x0000755a                packetbuf_dataptr
 .text.packetbuf_hdrptr
                0x00007564        0xa contiki-sky.a(packetbuf.o)
                0x00007564                packetbuf_hdrptr
 .text.packetbuf_is_reference
                0x0000756e        0xe contiki-sky.a(packetbuf.o)
                0x0000756e                packetbuf_is_reference
 .text.packetbuf_compact
                0x0000757c       0x48 contiki-sky.a(packetbuf.o)
                0x0000757c                packetbuf_compact
 .text.packetbuf_reference_ptr
                0x000075c4        0x6 contiki-sky.a(packetbuf.o)
                0x000075c4                packetbuf_reference_ptr
 .text.packetbuf_datalen
                0x000075ca        0x6 contiki-sky.a(packetbuf.o)
                0x000075ca                packetbuf_datalen
 .text.packetbuf_totlen
                0x000075d0       0x10 contiki-sky.a(packetbuf.o)
                0x000075d0                packetbuf_totlen
 .text.packetbuf_hdralloc
                0x000075e0       0x2e contiki-sky.a(packetbuf.o)
                0x000075e0                packetbuf_hdralloc
 .text.packetbuf_attr_clear
                0x0000760e       0x2e contiki-sky.a(packetbuf.o)
                0x0000760e                packetbuf_attr_clear
 .text.packetbuf_clear
                0x0000763c       0x20 contiki-sky.a(packetbuf.o)
                0x0000763c                packetbuf_clear
 .text.packetbuf_copyfrom
                0x0000765c       0x2e contiki-sky.a(packetbuf.o)
                0x0000765c                packetbuf_copyfrom
 .text.packetbuf_attr_copyto
                0x0000768a       0x20 contiki-sky.a(packetbuf.o)
                0x0000768a                packetbuf_attr_copyto
 .text.packetbuf_attr_copyfrom
                0x000076aa       0x2c contiki-sky.a(packetbuf.o)
                0x000076aa                packetbuf_attr_copyfrom
 .text.psock_send
                0x000076d6       0xb0 contiki-sky.a(psock.o)
                0x000076d6                psock_send
 .text.psock_newdata
                0x00007786       0x2a contiki-sky.a(psock.o)
                0x00007786                psock_newdata
 .text.psock_readto
                0x000077b0       0xa4 contiki-sky.a(psock.o)
                0x000077b0                psock_readto
 .text.psock_init
                0x00007854       0x22 contiki-sky.a(psock.o)
                0x00007854                psock_init
 .text.queuebuf_init
                0x00007876       0x1a contiki-sky.a(queuebuf.o)
                0x00007876                queuebuf_init
 .text.queuebuf_new_from_packetbuf
                0x00007890       0x80 contiki-sky.a(queuebuf.o)
                0x00007890                queuebuf_new_from_packetbuf
 .text.queuebuf_update_attr_from_packetbuf
                0x00007910       0x12 contiki-sky.a(queuebuf.o)
                0x00007910                queuebuf_update_attr_from_packetbuf
 .text.queuebuf_free
                0x00007922       0x46 contiki-sky.a(queuebuf.o)
                0x00007922                queuebuf_free
 .text.queuebuf_to_packetbuf
                0x00007968       0x70 contiki-sky.a(queuebuf.o)
                0x00007968                queuebuf_to_packetbuf
 .text.queuebuf_dataptr
                0x000079d8       0x34 contiki-sky.a(queuebuf.o)
                0x000079d8                queuebuf_dataptr
 .text.queuebuf_datalen
                0x00007a0c        0x6 contiki-sky.a(queuebuf.o)
                0x00007a0c                queuebuf_datalen
 .text.queuebuf_attr
                0x00007a12        0xe contiki-sky.a(queuebuf.o)
                0x00007a12                queuebuf_attr
 .text.start_periodic_tcp_timer
                0x00007a20       0x16 contiki-sky.a(tcpip.o)
 .text.tcpip_output
                0x00007a36        0xc contiki-sky.a(tcpip.o)
                0x00007a36                tcpip_output
 .text.process_thread_tcpip_process
                0x00007a42      0x1e0 contiki-sky.a(tcpip.o)
 .text.tcpip_set_outputfunc
                0x00007c22        0x6 contiki-sky.a(tcpip.o)
                0x00007c22                tcpip_set_outputfunc
 .text.tcpip_input
                0x00007c28       0x12 contiki-sky.a(tcpip.o)
                0x00007c28                tcpip_input
 .text.tcpip_poll_tcp
                0x00007c3a        0xe contiki-sky.a(tcpip.o)
                0x00007c3a                tcpip_poll_tcp
 .text.tcp_connect
                0x00007c48       0x26 contiki-sky.a(tcpip.o)
                0x00007c48                tcp_connect
 .text.tcpip_uipcall
                0x00007c6e       0x7c contiki-sky.a(tcpip.o)
                0x00007c6e                tcpip_uipcall
 .text.process_thread_uip_fw_process
                0x00007cea       0x3c contiki-sky.a(uip-fw-drv.o)
 .text.uip_fw_output
                0x00007d26       0xea contiki-sky.a(uip-fw.o)
                0x00007d26                uip_fw_output
 .text.uip_fw_forward
                0x00007e10      0x158 contiki-sky.a(uip-fw.o)
                0x00007e10                uip_fw_forward
 .text.uip_fw_default
                0x00007f68        0x6 contiki-sky.a(uip-fw.o)
                0x00007f68                uip_fw_default
 .text.uip_fw_periodic
                0x00007f6e       0x1c contiki-sky.a(uip-fw.o)
                0x00007f6e                uip_fw_periodic
 .text.timedout
                0x00007f8a       0x12 contiki-sky.a(uip-over-mesh.o)
 .text.new_route
                0x00007f9c       0x36 contiki-sky.a(uip-over-mesh.o)
 .text.recv_data
                0x00007fd2       0x74 contiki-sky.a(uip-over-mesh.o)
 .text.uip_over_mesh_init
                0x00008046       0x54 contiki-sky.a(uip-over-mesh.o)
                0x00008046                uip_over_mesh_init
 .text.uip_over_mesh_send
                0x0000809a      0x106 contiki-sky.a(uip-over-mesh.o)
                0x0000809a                uip_over_mesh_send
 .text.uip_over_mesh_set_gateway_netif
                0x000081a0        0x6 contiki-sky.a(uip-over-mesh.o)
                0x000081a0                uip_over_mesh_set_gateway_netif
 .text.uip_over_mesh_set_gateway
                0x000081a6        0xc contiki-sky.a(uip-over-mesh.o)
                0x000081a6                uip_over_mesh_set_gateway
 .text.gateway_announce_recv
                0x000081b2       0x10 contiki-sky.a(uip-over-mesh.o)
 .text.uip_over_mesh_make_announced_gateway
                0x000081c2       0x32 contiki-sky.a(uip-over-mesh.o)
                0x000081c2                uip_over_mesh_make_announced_gateway
 .text.uip_over_mesh_set_net
                0x000081f4       0x16 contiki-sky.a(uip-over-mesh.o)
                0x000081f4                uip_over_mesh_set_net
 .text.chksum   0x0000820a       0x34 contiki-sky.a(uip.o)
 .text.upper_layer_chksum
                0x0000823e       0x46 contiki-sky.a(uip.o)
 .text.uip_add32
                0x00008284       0x72 contiki-sky.a(uip.o)
                0x00008284                uip_add32
 .text.uip_add_rcv_nxt
                0x000082f6       0x2c contiki-sky.a(uip.o)
 .text.uip_chksum
                0x00008322       0x1c contiki-sky.a(uip.o)
                0x00008322                uip_chksum
 .text.uip_tcpchksum
                0x0000833e        0xa contiki-sky.a(uip.o)
                0x0000833e                uip_tcpchksum
 .text.uip_udpchksum
                0x00008348        0xa contiki-sky.a(uip.o)
                0x00008348                uip_udpchksum
 .text.uip_init
                0x00008352       0x60 contiki-sky.a(uip.o)
                0x00008352                uip_init
 .text.uip_connect
                0x000083b2      0x11a contiki-sky.a(uip.o)
                0x000083b2                uip_connect
 .text.uip_unlisten
                0x000084cc       0x32 contiki-sky.a(uip.o)
                0x000084cc                uip_unlisten
 .text.uip_process
                0x000084fe      0xc78 contiki-sky.a(uip.o)
                0x000084fe                uip_process
 .text.uip_htons
                0x00009176       0x12 contiki-sky.a(uip.o)
                0x00009176                uip_htons
 .text.uip_send
                0x00009188       0x28 contiki-sky.a(uip.o)
                0x00009188                uip_send
 .text.init_platform
                0x000091b0        0xc contiki-sky.a(contiki-sky-pla)
                0x000091b0                init_platform
 .text.status   0x000091bc       0x16 contiki-sky.a(button-sensor.o)
 .text.configure
                0x000091d2       0x4a contiki-sky.a(button-sensor.o)
 .text.value    0x0000921c       0x26 contiki-sky.a(button-sensor.o)
 .text.irq_p2   0x00009242       0x92 contiki-sky.a(button-sensor.o)
                0x00009242                irq_p2
                0x00009242                __isr_1
 .text.crc8_add
                0x000092d4       0x1a contiki-sky.a(ds2411.o)
 .text.owreadb  0x000092ee       0x56 contiki-sky.a(ds2411.o)
 .text.ds2411_init
                0x00009344      0x10a contiki-sky.a(ds2411.o)
                0x00009344                ds2411_init
 .text.wait_ready
                0x0000944e       0x4e contiki-sky.a(xmem.o)
 .text.xmem_init
                0x0000949c       0x3c contiki-sky.a(xmem.o)
                0x0000949c                xmem_init
 .text.xmem_pread
                0x000094d8       0xdc contiki-sky.a(xmem.o)
                0x000094d8                xmem_pread
 .text.node_id_restore
                0x000095b4       0x38 contiki-sky.a(node-id.o)
                0x000095b4                node_id_restore
 .text.get_sensor_index
                0x000095ec       0x22 contiki-sky.a(sensors.o)
 .text.process_thread_sensors_process
                0x0000960e       0xc2 contiki-sky.a(sensors.o)
 .text.sensors_changed
                0x000096d0       0x14 contiki-sky.a(sensors.o)
                0x000096d0                sensors_changed
 .text.strobe   0x000096e4       0x1e contiki-sky.a(cc2420.o)
 .text.status   0x00009702       0x24 contiki-sky.a(cc2420.o)
 .text.getreg   0x00009726       0x50 contiki-sky.a(cc2420.o)
 .text.setreg   0x00009776       0x48 contiki-sky.a(cc2420.o)
 .text.set_txpower
                0x000097be       0x2a contiki-sky.a(cc2420.o)
 .text.cc2420_receiving_packet
                0x000097e8       0x10 contiki-sky.a(cc2420.o)
 .text.pending_packet
                0x000097f8        0x8 contiki-sky.a(cc2420.o)
 .text.on       0x00009800       0x46 contiki-sky.a(cc2420.o)
 .text.flushrx  0x00009846       0x74 contiki-sky.a(cc2420.o)
 .text.off      0x000098ba       0x78 contiki-sky.a(cc2420.o)
 .text.RELEASE_LOCK
                0x00009932       0x28 contiki-sky.a(cc2420.o)
 .text.cc2420_prepare
                0x0000995a       0x82 contiki-sky.a(cc2420.o)
 .text.cc2420_on
                0x000099dc       0x22 contiki-sky.a(cc2420.o)
                0x000099dc                cc2420_on
 .text.cc2420_off
                0x000099fe       0x30 contiki-sky.a(cc2420.o)
                0x000099fe                cc2420_off
 .text.cc2420_cca
                0x00009a2e       0x7a contiki-sky.a(cc2420.o)
 .text.getrxdata
                0x00009aa8       0x4e contiki-sky.a(cc2420.o)
 .text.cc2420_read
                0x00009af6       0xe6 contiki-sky.a(cc2420.o)
 .text.process_thread_cc2420_process
                0x00009bdc       0x50 contiki-sky.a(cc2420.o)
 .text.cc2420_set_channel
                0x00009c2c       0x7a contiki-sky.a(cc2420.o)
                0x00009c2c                cc2420_set_channel
 .text.cc2420_set_pan_addr
                0x00009ca6      0x13a contiki-sky.a(cc2420.o)
                0x00009ca6                cc2420_set_pan_addr
 .text.cc2420_init
                0x00009de0       0xd4 contiki-sky.a(cc2420.o)
                0x00009de0                cc2420_init
 .text.cc2420_interrupt
                0x00009eb4       0x20 contiki-sky.a(cc2420.o)
                0x00009eb4                cc2420_interrupt
 .text.cc2420_get_txpower
                0x00009ed4       0x1e contiki-sky.a(cc2420.o)
                0x00009ed4                cc2420_get_txpower
 .text.cc2420_transmit
                0x00009ef2      0x1a4 contiki-sky.a(cc2420.o)
 .text.cc2420_send
                0x0000a096       0x12 contiki-sky.a(cc2420.o)
 .text.cc2420_port1_interrupt
                0x0000a0a8       0x6a contiki-sky.a(cc2420-arch.o)
                0x0000a0a8                __isr_4
                0x0000a0a8                cc2420_port1_interrupt
 .text.cc2420_arch_init
                0x0000a112       0x1a contiki-sky.a(cc2420-arch.o)
                0x0000a112                cc2420_arch_init
 .text.uip_ipchksum
                0x0000a12c       0x32 contiki-sky.a(uip-ipchksum.o)
                0x0000a12c                uip_ipchksum
 .text.handle_rxdma_timer
                0x0000a15e       0x42 contiki-sky.a(uart1.o)
 .text.uart1_active
                0x0000a1a0       0x18 contiki-sky.a(uart1.o)
                0x0000a1a0                uart1_active
 .text.uart1_set_input
                0x0000a1b8       0x20 contiki-sky.a(uart1.o)
                0x0000a1b8                uart1_set_input
 .text.uart1_writeb
                0x0000a1d8       0x1a contiki-sky.a(uart1.o)
                0x0000a1d8                uart1_writeb
 .text.uart1_init
                0x0000a1f2       0xee contiki-sky.a(uart1.o)
                0x0000a1f2                uart1_init
 .text.slip_arch_writeb
                0x0000a2e0        0x6 contiki-sky.a(slip_uart1.o)
                0x0000a2e0                slip_arch_writeb
 .text.putchar  0x0000a2e6       0x3c contiki-sky.a(slip_uart1.o)
                0x0000a2e6                putchar
 .text.slip_arch_init
                0x0000a322        0xa contiki-sky.a(slip_uart1.o)
                0x0000a322                slip_arch_init
 .text.rxbuf_init
                0x0000a32c       0x12 contiki-sky.a(slip.o)
 .text.slip_set_input_callback
                0x0000a33e        0x6 contiki-sky.a(slip.o)
                0x0000a33e                slip_set_input_callback
 .text.slip_send
                0x0000a344       0x60 contiki-sky.a(slip.o)
                0x0000a344                slip_send
 .text.slip_write
                0x0000a3a4       0x5e contiki-sky.a(slip.o)
                0x0000a3a4                slip_write
 .text.process_thread_slip_process
                0x0000a402      0x1f4 contiki-sky.a(slip.o)
 .text.slip_input_byte
                0x0000a5f6       0xc0 contiki-sky.a(slip.o)
                0x0000a5f6                slip_input_byte
 .text.msp430_init_dco
                0x0000a6b6       0x74 contiki-sky.a(msp430.o)
                0x0000a6b6                msp430_init_dco
 .text.msp430_add_lpm_req
                0x0000a72a        0xa contiki-sky.a(msp430.o)
                0x0000a72a                msp430_add_lpm_req
 .text.msp430_cpu_init
                0x0000a734       0x2a contiki-sky.a(msp430.o)
                0x0000a734                msp430_cpu_init
 .text.splhigh_
                0x0000a75e        0x8 contiki-sky.a(msp430.o)
                0x0000a75e                splhigh_
 .text.msp430_sync_dco
                0x0000a766       0x60 contiki-sky.a(msp430.o)
                0x0000a766                msp430_sync_dco
 .text.timera1  0x0000a7c6       0xee contiki-sky.a(clock.o)
                0x0000a7c6                __isr_5
                0x0000a7c6                timera1
 .text.clock_time
                0x0000a8b4       0x1a contiki-sky.a(clock.o)
                0x0000a8b4                clock_time
 .text.clock_init
                0x0000a8ce       0x28 contiki-sky.a(clock.o)
                0x0000a8ce                clock_init
 .text.clock_delay
                0x0000a8f6        0xc contiki-sky.a(clock.o)
                0x0000a8f6                clock_delay
 .text.show_leds
                0x0000a902      0x10c contiki-sky.a(leds.o)
 .text.leds_init
                0x0000aa0e        0xe contiki-sky.a(leds.o)
                0x0000aa0e                leds_init
 .text.leds_on  0x0000aa1c       0x14 contiki-sky.a(leds.o)
                0x0000aa1c                leds_on
 .text.leds_off
                0x0000aa30       0x14 contiki-sky.a(leds.o)
                0x0000aa30                leds_off
 .text.leds_arch_init
                0x0000aa44        0xe contiki-sky.a(leds-arch.o)
                0x0000aa44                leds_arch_init
 .text.leds_arch_set
                0x0000aa52       0x3a contiki-sky.a(leds-arch.o)
                0x0000aa52                leds_arch_set
 .text.watchdog_interrupt
                0x0000aa8c        0x6 contiki-sky.a(watchdog.o)
                0x0000aa8c                __isr_10
                0x0000aa8c                watchdog_interrupt
 .text.watchdog_start
                0x0000aa92       0x14 contiki-sky.a(watchdog.o)
                0x0000aa92                watchdog_start
 .text.watchdog_periodic
                0x0000aaa6       0x12 contiki-sky.a(watchdog.o)
                0x0000aaa6                watchdog_periodic
 .text.watchdog_stop
                0x0000aab8       0x16 contiki-sky.a(watchdog.o)
                0x0000aab8                watchdog_stop
 .text.watchdog_init
                0x0000aace       0x14 contiki-sky.a(watchdog.o)
                0x0000aace                watchdog_init
 .text.rtimer_arch_init
                0x0000aae2        0xe contiki-sky.a(rtimer-arch.o)
                0x0000aae2                rtimer_arch_init
 .text.rtimer_arch_now
                0x0000aaf0        0xe contiki-sky.a(rtimer-arch.o)
                0x0000aaf0                rtimer_arch_now
 .text.timera0  0x0000aafe       0x76 contiki-sky.a(rtimer-arch.o)
                0x0000aafe                __isr_6
                0x0000aafe                timera0
 .text.rtimer_arch_schedule
                0x0000ab74        0x6 contiki-sky.a(rtimer-arch.o)
                0x0000ab74                rtimer_arch_schedule
 .text.sent_by_broadcast
                0x0000ab7a       0x10 contiki-sky.a(unicast.o)
 .text.recv_from_broadcast
                0x0000ab8a       0x2e contiki-sky.a(unicast.o)
 .text.unicast_open
                0x0000abb8       0x2a contiki-sky.a(unicast.o)
                0x0000abb8                unicast_open
 .text.unicast_send
                0x0000abe2       0x16 contiki-sky.a(unicast.o)
                0x0000abe2                unicast_send
 .text.send     0x0000abf8       0x1c contiki-sky.a(trickle.o)
 .text.run_trickle
                0x0000ac14       0xce contiki-sky.a(trickle.o)
 .text.timer_callback
                0x0000ace2        0x6 contiki-sky.a(trickle.o)
 .text.recv     0x0000ace8       0x98 contiki-sky.a(trickle.o)
 .text.trickle_open
                0x0000ad80       0x44 contiki-sky.a(trickle.o)
                0x0000ad80                trickle_open
 .text.trickle_send
                0x0000adc4       0x3e contiki-sky.a(trickle.o)
                0x0000adc4                trickle_send
 .text.periodic
                0x0000ae02       0x58 contiki-sky.a(route.o)
 .text.route_init
                0x0000ae5a       0x28 contiki-sky.a(route.o)
                0x0000ae5a                route_init
 .text.route_lookup
                0x0000ae82       0x4c contiki-sky.a(route.o)
                0x0000ae82                route_lookup
 .text.route_add
                0x0000aece       0x88 contiki-sky.a(route.o)
                0x0000aece                route_add
 .text.route_refresh
                0x0000af56        0xe contiki-sky.a(route.o)
                0x0000af56                route_refresh
 .text.route_remove
                0x0000af64       0x1c contiki-sky.a(route.o)
                0x0000af64                route_remove
 .text.route_decay
                0x0000af80       0x22 contiki-sky.a(route.o)
                0x0000af80                route_decay
 .text.route_set_lifetime
                0x0000afa2        0x6 contiki-sky.a(route.o)
                0x0000afa2                route_set_lifetime
 .text.timeout_handler
                0x0000afa8       0x14 contiki-sky.a(route-discovery)
 .text.rrep_packet_received
                0x0000afbc       0xac contiki-sky.a(route-discovery)
 .text.rreq_packet_received
                0x0000b068       0xd6 contiki-sky.a(route-discovery)
 .text.route_discovery_open
                0x0000b13e       0x30 contiki-sky.a(route-discovery)
                0x0000b13e                route_discovery_open
 .text.route_discovery_discover
                0x0000b16e       0x6e contiki-sky.a(route-discovery)
                0x0000b16e                route_discovery_discover
 .text.mac_call_sent_callback
                0x0000b1dc       0x14 contiki-sky.a(mac.o)
                0x0000b1dc                mac_call_sent_callback
 .text.parse    0x0000b1f0       0xa8 contiki-sky.a(framer-802154.o)
 .text.create   0x0000b298      0x106 contiki-sky.a(framer-802154.o)
 .text.spi_init
                0x0000b39e       0x32 contiki-sky.a(spi.o)
                0x0000b39e                spi_init
 .text.sent     0x0000b3d0       0x10 contiki-sky.a(netflood.o)
 .text.dropped  0x0000b3e0       0x10 contiki-sky.a(netflood.o)
 .text.recv_from_ipolite
                0x0000b3f0       0xf2 contiki-sky.a(netflood.o)
 .text.netflood_open
                0x0000b4e2       0x2e contiki-sky.a(netflood.o)
                0x0000b4e2                netflood_open
 .text.netflood_send
                0x0000b510       0x5e contiki-sky.a(netflood.o)
                0x0000b510                netflood_send
 .text.field_len
                0x0000b56e       0x98 contiki-sky.a(frame802154.o)
 .text.frame802154_hdrlen
                0x0000b606       0x2e contiki-sky.a(frame802154.o)
                0x0000b606                frame802154_hdrlen
 .text.frame802154_create
                0x0000b634      0x16c contiki-sky.a(frame802154.o)
                0x0000b634                frame802154_create
 .text.frame802154_parse
                0x0000b7a0      0x19e contiki-sky.a(frame802154.o)
                0x0000b7a0                frame802154_parse
 .text.sent     0x0000b93e        0x2 contiki-sky.a(ipolite.o)
 .text.send     0x0000b940       0x36 contiki-sky.a(ipolite.o)
 .text.recv     0x0000b976       0xa8 contiki-sky.a(ipolite.o)
 .text.ipolite_open
                0x0000ba1e       0x24 contiki-sky.a(ipolite.o)
                0x0000ba1e                ipolite_open
 .text.ipolite_send
                0x0000ba42       0xa6 contiki-sky.a(ipolite.o)
                0x0000ba42                ipolite_send
 .text.libgcc   0x0000bae8       0x20 /usr/lib/gcc/msp430/4.5.3/mmpy-16/libgcc.a(_mulsi3.o)
                0x0000bae8                __mulsi3
 .text.libgcc   0x0000bb08       0x1c /usr/lib/gcc/msp430/4.5.3/mmpy-16/libgcc.a(_udivmodhi4.o)
                0x0000bb08                __udivmodhi4
 .text.libgcc   0x0000bb24       0x36 /usr/lib/gcc/msp430/4.5.3/mmpy-16/libgcc.a(_divmodhi4.o)
                0x0000bb24                __divmodhi4
 .text.libgcc   0x0000bb5a       0x2a /usr/lib/gcc/msp430/4.5.3/mmpy-16/libgcc.a(_udivmodsi4.o)
                0x0000bb5a                __udivmodsi4
 .text.crt0     0x0000bb84        0x2 /usr/lib/gcc/msp430/4.5.3/mmpy-16/libcrt0.a(_unexpected_.o)
                0x0000bb84                _unexpected_

.rodata         0x0000bb86        0x0
                0x0000bb86                . = ALIGN (0x2)
 *(.rodata .rodata.* .gnu.linkonce.r.*)
                0x0000bb86                . = ALIGN (0x2)
                0x0000bb86                _etext = .

.data           0x00001100       0xc4 load address 0x0000bb86
                0x00001100                . = ALIGN (0x2)
                0x00001100                PROVIDE (__data_start, .)
 *(.data)
 .data          0x00001100        0xa client.co
                0x00001100                example_psock_client_process
 .data          0x0000110a       0x18 obj_sky/contiki-sky-main.o
 .data          0x00001122       0x18 contiki-sky.a(csma.o)
 .data          0x0000113a       0x10 contiki-sky.a(phase.o)
 .data          0x0000114a        0xa contiki-sky.a(etimer.o)
                0x0000114a                etimer_process
 .data          0x00001154        0xa contiki-sky.a(ctimer.o)
                0x00001154                ctimer_process
 .data          0x0000115e        0x8 contiki-sky.a(nbr-table.o)
 .data          0x00001166       0x18 contiki-sky.a(queuebuf.o)
 .data          0x0000117e        0xa contiki-sky.a(tcpip.o)
                0x0000117e                tcpip_process
 .data          0x00001188        0xa contiki-sky.a(uip-fw-drv.o)
                0x00001188                uip_fw_process
 .data          0x00001192        0x4 contiki-sky.a(contiki-sky-pla)
                0x00001192                sensors
 .data          0x00001196        0xa contiki-sky.a(sensors.o)
                0x00001196                sensors_process
 .data          0x000011a0        0xa contiki-sky.a(cc2420.o)
                0x000011a0                cc2420_process
 .data          0x000011aa        0xa contiki-sky.a(slip.o)
                0x000011aa                slip_process
 .data          0x000011b4        0x2 contiki-sky.a(msp430.o)
 .data          0x000011b6        0xa contiki-sky.a(route.o)
 .data          0x000011c0        0x4 /usr/lib/gcc/msp430/4.5.3/../../../../msp430/lib/mmpy-16/libc.a(rand.o)
 *(SORT(.data.*))
                0x000011c4                . = ALIGN (0x2)
 *(.gnu.linkonce.d*)
                0x000011c4                . = ALIGN (0x2)
                0x000011c4                _edata = .
                0x0000bb86                PROVIDE (__data_load_start, LOADADDR (.data))
                0x000000c4                PROVIDE (__data_size, SIZEOF (.data))

.bss            0x000011c4     0x187a load address 0x0000bc4a
                0x000011c4                PROVIDE (__bss_start, .)
 *(.bss)
 .bss           0x000011c4       0x7a client.co
 .bss           0x0000123e        0xe obj_sky/contiki-sky-main.o
 .bss           0x0000124c        0x2 contiki-sky.a(rime.o)
 .bss           0x0000124e        0x6 contiki-sky.a(announcement.o)
 .bss           0x00001254       0x46 contiki-sky.a(broadcast-annou)
 .bss           0x0000129a        0x2 contiki-sky.a(channel.o)
 .bss           0x0000129c      0x126 contiki-sky.a(csma.o)
 .bss           0x000013c2       0x78 contiki-sky.a(contikimac.o)
 .bss           0x0000143a      0x148 contiki-sky.a(phase.o)
 .bss           0x00001582       0x42 contiki-sky.a(process.o)
                0x00001582                process_list
                0x00001584                process_current
 .bss           0x000015c4        0x8 contiki-sky.a(compower.o)
 .bss           0x000015cc        0x6 contiki-sky.a(etimer.o)
 .bss           0x000015d2        0x4 contiki-sky.a(ctimer.o)
 .bss           0x000015d6        0x2 contiki-sky.a(rtimer.o)
 .bss           0x000015d8       0x4c contiki-sky.a(nbr-table.o)
 .bss           0x00001624       0xba contiki-sky.a(packetbuf.o)
 .bss           0x000016de      0xc4e contiki-sky.a(queuebuf.o)
 .bss           0x0000232c       0x36 contiki-sky.a(tcpip.o)
 .bss           0x00002362      0x1a8 contiki-sky.a(uip-fw.o)
 .bss           0x0000250a       0xd2 contiki-sky.a(uip-over-mesh.o)
 .bss           0x000025dc       0x12 contiki-sky.a(uip.o)
                0x000025dc                uip_lladdr
 .bss           0x000025ee        0x8 contiki-sky.a(button-sensor.o)
 .bss           0x000025f6        0x2 contiki-sky.a(node-id.o)
                0x000025f6                node_id
 .bss           0x000025f8        0x6 contiki-sky.a(sensors.o)
 .bss           0x000025fe        0xa contiki-sky.a(cc2420.o)
 .bss           0x00002608       0x9a contiki-sky.a(uart1.o)
 .bss           0x000026a2        0x1 contiki-sky.a(slip_uart1.o)
 *fill*         0x000026a3        0x1 00
 .bss           0x000026a4       0x88 contiki-sky.a(slip.o)
 .bss           0x0000272c        0xa contiki-sky.a(clock.o)
 .bss           0x00002736        0x2 contiki-sky.a(leds.o)
 .bss           0x00002738        0x2 contiki-sky.a(watchdog.o)
 .bss           0x0000273a       0x7e contiki-sky.a(route.o)
 .bss           0x000027b8        0x1 contiki-sky.a(route-discovery)
 .bss           0x000027b9        0x2 contiki-sky.a(framer-802154.o)
 *(SORT(.bss.*))
 *(COMMON)
 *fill*         0x000027bb        0x1 00
 COMMON         0x000027bc        0x2 contiki-sky.a(rimeaddr.o)
                0x000027bc                rimeaddr_node_addr
 COMMON         0x000027be        0x1 contiki-sky.a(process.o)
                0x000027be                process_maxevents
 *fill*         0x000027bf        0x1 00
 COMMON         0x000027c0        0x8 contiki-sky.a(compower.o)
                0x000027c0                compower_idle_activity
 COMMON         0x000027c8       0x56 contiki-sky.a(energest.o)
                0x000027c8                energest_total_time
                0x000027f8                energest_total_count
                0x000027fa                energest_current_mode
                0x00002806                energest_current_time
 COMMON         0x0000281e       0x38 contiki-sky.a(packetbuf.o)
                0x0000281e                packetbuf_addrs
                0x00002826                packetbuf_attrs
 COMMON         0x00002856        0x2 contiki-sky.a(tcpip.o)
                0x00002856                tcpip_is_forwarding
                0x00002857                tcpip_event
 COMMON         0x00002858      0x1c2 contiki-sky.a(uip.o)
                0x00002858                uip_len
                0x0000285a                uip_sappdata
                0x0000285c                uip_acc32
                0x00002860                uip_aligned_buf
                0x000028cc                uip_flags
                0x000028ce                uip_udp_conn
                0x000028d0                uip_appdata
                0x000028d2                uip_conn
                0x000028d4                uip_conns
                0x00002954                uip_listenports
                0x00002964                uip_draddr
                0x00002968                uip_netmask
                0x0000296c                uip_hostaddr
                0x00002970                uip_slen
                0x00002972                uip_udp_conns
 COMMON         0x00002a1a        0x2 contiki-sky.a(contiki-sky-pla)
                0x00002a1a                sensors_flags
 COMMON         0x00002a1c        0x8 contiki-sky.a(ds2411.o)
                0x00002a1c                ds2411_id
 COMMON         0x00002a24        0x1 contiki-sky.a(sensors.o)
                0x00002a24                sensors_event
 *fill*         0x00002a25        0x1 00
 COMMON         0x00002a26       0x14 contiki-sky.a(cc2420.o)
                0x00002a26                cc2420_last_rssi
                0x00002a28                cc2420_packets_read
                0x00002a2a                cc2420_packets_seen
                0x00002a2c                cc2420_sfd_start_time
                0x00002a2e                cc2420_time_of_departure
                0x00002a30                cc2420_time_of_arrival
                0x00002a32                cc2420_last_correlation
                0x00002a34                cc2420_authority_level_of_sender
                0x00002a36                cc2420_sfd_counter
                0x00002a38                cc2420_sfd_end_time
 COMMON         0x00002a3a        0x1 contiki-sky.a(slip.o)
                0x00002a3a                slip_active
 *fill*         0x00002a3b        0x1 00
 COMMON         0x00002a3c        0x2 contiki-sky.a(msp430.o)
                0x00002a3c                msp430_dco_required
                0x00002a3e                PROVIDE (__bss_end, .)
                0x00002a3e                _end = .
                0x0000187a                PROVIDE (__bss_size, SIZEOF (.bss))

.noinit         0x00002a3e        0x0 load address 0x0000bc4a
                0x00002a3e                PROVIDE (__noinit_start, .)
 *(.noinit)
 *(.noinit.*)
 *(COMMON)
                0x00002a3e                PROVIDE (__noinit_end, .)
                0x00002a3e                _end = .

.infomem        0x00001000        0x0
 *(.infomem)
                0x00001000                . = ALIGN (0x2)
 *(.infomem.*)

.infomemnobits  0x00001000        0x0
                0x00001000                . = ALIGN (0x2)
 *(.infomemnobits)
                0x00001000                . = ALIGN (0x2)
 *(.infomemnobits.*)

.vectors        0x0000ffe0       0x20
                0x0000ffe0                PROVIDE (__vectors_start, .)
 *(.vectors*)
 .vectors       0x0000ffe0       0x20 /usr/lib/gcc/msp430/4.5.3/mmpy-16/crt0ivtbl16.o
                0x0000ffe0                __ivtbl_16
                0x00010000                _vectors_end = .

.fartext        0x00000000        0x0
                0x00000000                . = ALIGN (0x2)
 *(.fartext)
                0x00000000                . = ALIGN (0x2)
 *(.fartext.*)
                0x00000000                _efartext = .

.profiler
 *(.profiler)

.stab
 *(.stab)

.stabstr
 *(.stabstr)

.stab.excl
 *(.stab.excl)

.stab.exclstr
 *(.stab.exclstr)

.stab.index
 *(.stab.index)

.stab.indexstr
 *(.stab.indexstr)

.comment
 *(.comment)

.debug
 *(.debug)

.line
 *(.line)

.debug_srcinfo
 *(.debug_srcinfo)

.debug_sfnames
 *(.debug_sfnames)

.debug_aranges  0x00000000      0x168
 *(.debug_aranges)
 .debug_aranges
                0x00000000       0x14 /usr/lib/gcc/msp430/4.5.3/mmpy-16/libgcc.a(_mulsi3.o)
 .debug_aranges
                0x00000014       0x14 /usr/lib/gcc/msp430/4.5.3/mmpy-16/libgcc.a(_udivmodhi4.o)
 .debug_aranges
                0x00000028       0x14 /usr/lib/gcc/msp430/4.5.3/mmpy-16/libgcc.a(_divmodhi4.o)
 .debug_aranges
                0x0000003c       0x14 /usr/lib/gcc/msp430/4.5.3/mmpy-16/libgcc.a(_udivmodsi4.o)
 .debug_aranges
                0x00000050       0x14 /usr/lib/gcc/msp430/4.5.3/../../../../msp430/lib/mmpy-16/libc.a(strncmp.o)
 .debug_aranges
                0x00000064       0x14 /usr/lib/gcc/msp430/4.5.3/../../../../msp430/lib/mmpy-16/libc.a(memcmp.o)
 .debug_aranges
                0x00000078       0x14 /usr/lib/gcc/msp430/4.5.3/../../../../msp430/lib/mmpy-16/libc.a(memcpy.o)
 .debug_aranges
                0x0000008c       0x14 /usr/lib/gcc/msp430/4.5.3/../../../../msp430/lib/mmpy-16/libc.a(memset.o)
 .debug_aranges
                0x000000a0       0x14 /usr/lib/gcc/msp430/4.5.3/../../../../msp430/lib/mmpy-16/libc.a(printf.o)
 .debug_aranges
                0x000000b4       0x14 /usr/lib/gcc/msp430/4.5.3/../../../../msp430/lib/mmpy-16/libc.a(vuprintf.o)
 .debug_aranges
                0x000000c8       0x14 /usr/lib/gcc/msp430/4.5.3/../../../../msp430/lib/mmpy-16/libc.a(puts.o)
 .debug_aranges
                0x000000dc       0x14 /usr/lib/gcc/msp430/4.5.3/../../../../msp430/lib/mmpy-16/libc.a(rand.o)
 .debug_aranges
                0x000000f0       0x14 /usr/lib/gcc/msp430/4.5.3/mmpy-16/libcrt0.a(__init_stack.o)
 .debug_aranges
                0x00000104       0x14 /usr/lib/gcc/msp430/4.5.3/mmpy-16/libcrt0.a(__low_level_init.o)
 .debug_aranges
                0x00000118       0x14 /usr/lib/gcc/msp430/4.5.3/mmpy-16/libcrt0.a(_copy_data.o)
 .debug_aranges
                0x0000012c       0x14 /usr/lib/gcc/msp430/4.5.3/mmpy-16/libcrt0.a(_clear_bss.o)
 .debug_aranges
                0x00000140       0x14 /usr/lib/gcc/msp430/4.5.3/mmpy-16/libcrt0.a(_endless_loop__.o)
 .debug_aranges
                0x00000154       0x14 /usr/lib/gcc/msp430/4.5.3/mmpy-16/libcrt0.a(_unexpected_.o)

.debug_pubnames
                0x00000000      0x108
 *(.debug_pubnames)
 .debug_pubnames
                0x00000000       0x1e /usr/lib/gcc/msp430/4.5.3/../../../../msp430/lib/mmpy-16/libc.a(strncmp.o)
 .debug_pubnames
                0x0000001e       0x1d /usr/lib/gcc/msp430/4.5.3/../../../../msp430/lib/mmpy-16/libc.a(memcmp.o)
 .debug_pubnames
                0x0000003b       0x1d /usr/lib/gcc/msp430/4.5.3/../../../../msp430/lib/mmpy-16/libc.a(memcpy.o)
 .debug_pubnames
                0x00000058       0x1d /usr/lib/gcc/msp430/4.5.3/../../../../msp430/lib/mmpy-16/libc.a(memset.o)
 .debug_pubnames
                0x00000075       0x29 /usr/lib/gcc/msp430/4.5.3/../../../../msp430/lib/mmpy-16/libc.a(printf.o)
 .debug_pubnames
                0x0000009e       0x1f /usr/lib/gcc/msp430/4.5.3/../../../../msp430/lib/mmpy-16/libc.a(vuprintf.o)
 .debug_pubnames
                0x000000bd       0x1b /usr/lib/gcc/msp430/4.5.3/../../../../msp430/lib/mmpy-16/libc.a(puts.o)
 .debug_pubnames
                0x000000d8       0x30 /usr/lib/gcc/msp430/4.5.3/../../../../msp430/lib/mmpy-16/libc.a(rand.o)

.debug_info     0x00000000     0x11e7
 *(.debug_info)
 .debug_info    0x00000000       0xd7 /usr/lib/gcc/msp430/4.5.3/mmpy-16/libgcc.a(_mulsi3.o)
 .debug_info    0x000000d7       0xd7 /usr/lib/gcc/msp430/4.5.3/mmpy-16/libgcc.a(_udivmodhi4.o)
 .debug_info    0x000001ae       0xd7 /usr/lib/gcc/msp430/4.5.3/mmpy-16/libgcc.a(_divmodhi4.o)
 .debug_info    0x00000285       0xd7 /usr/lib/gcc/msp430/4.5.3/mmpy-16/libgcc.a(_udivmodsi4.o)
 .debug_info    0x0000035c       0xbd /usr/lib/gcc/msp430/4.5.3/../../../../msp430/lib/mmpy-16/libc.a(strncmp.o)
 .debug_info    0x00000419       0xe2 /usr/lib/gcc/msp430/4.5.3/../../../../msp430/lib/mmpy-16/libc.a(memcmp.o)
 .debug_info    0x000004fb      0x113 /usr/lib/gcc/msp430/4.5.3/../../../../msp430/lib/mmpy-16/libc.a(memcpy.o)
 .debug_info    0x0000060e       0xfe /usr/lib/gcc/msp430/4.5.3/../../../../msp430/lib/mmpy-16/libc.a(memset.o)
 .debug_info    0x0000070c      0x103 /usr/lib/gcc/msp430/4.5.3/../../../../msp430/lib/mmpy-16/libc.a(printf.o)
 .debug_info    0x0000080f      0x3b5 /usr/lib/gcc/msp430/4.5.3/../../../../msp430/lib/mmpy-16/libc.a(vuprintf.o)
 .debug_info    0x00000bc4       0x96 /usr/lib/gcc/msp430/4.5.3/../../../../msp430/lib/mmpy-16/libc.a(puts.o)
 .debug_info    0x00000c5a      0x137 /usr/lib/gcc/msp430/4.5.3/../../../../msp430/lib/mmpy-16/libc.a(rand.o)
 .debug_info    0x00000d91       0xb9 /usr/lib/gcc/msp430/4.5.3/mmpy-16/libcrt0.a(__init_stack.o)
 .debug_info    0x00000e4a       0xb9 /usr/lib/gcc/msp430/4.5.3/mmpy-16/libcrt0.a(__low_level_init.o)
 .debug_info    0x00000f03       0xb9 /usr/lib/gcc/msp430/4.5.3/mmpy-16/libcrt0.a(_copy_data.o)
 .debug_info    0x00000fbc       0xb9 /usr/lib/gcc/msp430/4.5.3/mmpy-16/libcrt0.a(_clear_bss.o)
 .debug_info    0x00001075       0xb9 /usr/lib/gcc/msp430/4.5.3/mmpy-16/libcrt0.a(_endless_loop__.o)
 .debug_info    0x0000112e       0xb9 /usr/lib/gcc/msp430/4.5.3/mmpy-16/libcrt0.a(_unexpected_.o)
 *(.gnu.linkonce.wi.*)

.debug_abbrev   0x00000000      0x6b8
 *(.debug_abbrev)
 .debug_abbrev  0x00000000       0x14 /usr/lib/gcc/msp430/4.5.3/mmpy-16/libgcc.a(_mulsi3.o)
 .debug_abbrev  0x00000014       0x14 /usr/lib/gcc/msp430/4.5.3/mmpy-16/libgcc.a(_udivmodhi4.o)
 .debug_abbrev  0x00000028       0x14 /usr/lib/gcc/msp430/4.5.3/mmpy-16/libgcc.a(_divmodhi4.o)
 .debug_abbrev  0x0000003c       0x14 /usr/lib/gcc/msp430/4.5.3/mmpy-16/libgcc.a(_udivmodsi4.o)
 .debug_abbrev  0x00000050       0x6d /usr/lib/gcc/msp430/4.5.3/../../../../msp430/lib/mmpy-16/libc.a(strncmp.o)
 .debug_abbrev  0x000000bd       0x8a /usr/lib/gcc/msp430/4.5.3/../../../../msp430/lib/mmpy-16/libc.a(memcmp.o)
 .debug_abbrev  0x00000147       0x97 /usr/lib/gcc/msp430/4.5.3/../../../../msp430/lib/mmpy-16/libc.a(memcpy.o)
 .debug_abbrev  0x000001de       0x8d /usr/lib/gcc/msp430/4.5.3/../../../../msp430/lib/mmpy-16/libc.a(memset.o)
 .debug_abbrev  0x0000026b       0xce /usr/lib/gcc/msp430/4.5.3/../../../../msp430/lib/mmpy-16/libc.a(printf.o)
 .debug_abbrev  0x00000339      0x1cb /usr/lib/gcc/msp430/4.5.3/../../../../msp430/lib/mmpy-16/libc.a(vuprintf.o)
 .debug_abbrev  0x00000504       0x60 /usr/lib/gcc/msp430/4.5.3/../../../../msp430/lib/mmpy-16/libc.a(puts.o)
 .debug_abbrev  0x00000564       0xdc /usr/lib/gcc/msp430/4.5.3/../../../../msp430/lib/mmpy-16/libc.a(rand.o)
 .debug_abbrev  0x00000640       0x14 /usr/lib/gcc/msp430/4.5.3/mmpy-16/libcrt0.a(__init_stack.o)
 .debug_abbrev  0x00000654       0x14 /usr/lib/gcc/msp430/4.5.3/mmpy-16/libcrt0.a(__low_level_init.o)
 .debug_abbrev  0x00000668       0x14 /usr/lib/gcc/msp430/4.5.3/mmpy-16/libcrt0.a(_copy_data.o)
 .debug_abbrev  0x0000067c       0x14 /usr/lib/gcc/msp430/4.5.3/mmpy-16/libcrt0.a(_clear_bss.o)
 .debug_abbrev  0x00000690       0x14 /usr/lib/gcc/msp430/4.5.3/mmpy-16/libcrt0.a(_endless_loop__.o)
 .debug_abbrev  0x000006a4       0x14 /usr/lib/gcc/msp430/4.5.3/mmpy-16/libcrt0.a(_unexpected_.o)

.debug_line     0x00000000      0xae3
 *(.debug_line)
 .debug_line    0x00000000       0x9d /usr/lib/gcc/msp430/4.5.3/mmpy-16/libgcc.a(_mulsi3.o)
 .debug_line    0x0000009d       0x9a /usr/lib/gcc/msp430/4.5.3/mmpy-16/libgcc.a(_udivmodhi4.o)
 .debug_line    0x00000137       0xa5 /usr/lib/gcc/msp430/4.5.3/mmpy-16/libgcc.a(_divmodhi4.o)
 .debug_line    0x000001dc       0xa1 /usr/lib/gcc/msp430/4.5.3/mmpy-16/libgcc.a(_udivmodsi4.o)
 .debug_line    0x0000027d       0x76 /usr/lib/gcc/msp430/4.5.3/../../../../msp430/lib/mmpy-16/libc.a(strncmp.o)
 .debug_line    0x000002f3       0x7c /usr/lib/gcc/msp430/4.5.3/../../../../msp430/lib/mmpy-16/libc.a(memcmp.o)
 .debug_line    0x0000036f       0xf3 /usr/lib/gcc/msp430/4.5.3/../../../../msp430/lib/mmpy-16/libc.a(memcpy.o)
 .debug_line    0x00000462       0xbd /usr/lib/gcc/msp430/4.5.3/../../../../msp430/lib/mmpy-16/libc.a(memset.o)
 .debug_line    0x0000051f       0x72 /usr/lib/gcc/msp430/4.5.3/../../../../msp430/lib/mmpy-16/libc.a(printf.o)
 .debug_line    0x00000591      0x198 /usr/lib/gcc/msp430/4.5.3/../../../../msp430/lib/mmpy-16/libc.a(vuprintf.o)
 .debug_line    0x00000729       0x4d /usr/lib/gcc/msp430/4.5.3/../../../../msp430/lib/mmpy-16/libc.a(puts.o)
 .debug_line    0x00000776       0x52 /usr/lib/gcc/msp430/4.5.3/../../../../msp430/lib/mmpy-16/libc.a(rand.o)
 .debug_line    0x000007c8       0x82 /usr/lib/gcc/msp430/4.5.3/mmpy-16/libcrt0.a(__init_stack.o)
 .debug_line    0x0000084a       0x84 /usr/lib/gcc/msp430/4.5.3/mmpy-16/libcrt0.a(__low_level_init.o)
 .debug_line    0x000008ce       0x88 /usr/lib/gcc/msp430/4.5.3/mmpy-16/libcrt0.a(_copy_data.o)
 .debug_line    0x00000956       0x88 /usr/lib/gcc/msp430/4.5.3/mmpy-16/libcrt0.a(_clear_bss.o)
 .debug_line    0x000009de       0x83 /usr/lib/gcc/msp430/4.5.3/mmpy-16/libcrt0.a(_endless_loop__.o)
 .debug_line    0x00000a61       0x82 /usr/lib/gcc/msp430/4.5.3/mmpy-16/libcrt0.a(_unexpected_.o)

.debug_frame    0x00000000      0x1d0
 *(.debug_frame)
 .debug_frame   0x00000000       0x24 /usr/lib/gcc/msp430/4.5.3/../../../../msp430/lib/mmpy-16/libc.a(strncmp.o)
 .debug_frame   0x00000024       0x28 /usr/lib/gcc/msp430/4.5.3/../../../../msp430/lib/mmpy-16/libc.a(memcmp.o)
 .debug_frame   0x0000004c       0x32 /usr/lib/gcc/msp430/4.5.3/../../../../msp430/lib/mmpy-16/libc.a(memcpy.o)
 .debug_frame   0x0000007e       0x32 /usr/lib/gcc/msp430/4.5.3/../../../../msp430/lib/mmpy-16/libc.a(memset.o)
 .debug_frame   0x000000b0       0x2a /usr/lib/gcc/msp430/4.5.3/../../../../msp430/lib/mmpy-16/libc.a(printf.o)
 .debug_frame   0x000000da       0x82 /usr/lib/gcc/msp430/4.5.3/../../../../msp430/lib/mmpy-16/libc.a(vuprintf.o)
 .debug_frame   0x0000015c       0x24 /usr/lib/gcc/msp430/4.5.3/../../../../msp430/lib/mmpy-16/libc.a(puts.o)
 .debug_frame   0x00000180       0x50 /usr/lib/gcc/msp430/4.5.3/../../../../msp430/lib/mmpy-16/libc.a(rand.o)

.debug_str      0x00000000      0x2fc
 *(.debug_str)
 .debug_str     0x00000000       0x9b /usr/lib/gcc/msp430/4.5.3/../../../../msp430/lib/mmpy-16/libc.a(strncmp.o)
                                 0xd4 (size before relaxing)
 .debug_str     0x0000009b       0x19 /usr/lib/gcc/msp430/4.5.3/../../../../msp430/lib/mmpy-16/libc.a(memcmp.o)
                                 0xd2 (size before relaxing)
 .debug_str     0x000000b4       0x34 /usr/lib/gcc/msp430/4.5.3/../../../../msp430/lib/mmpy-16/libc.a(memcpy.o)
                                 0xed (size before relaxing)
 .debug_str     0x000000e8       0x26 /usr/lib/gcc/msp430/4.5.3/../../../../msp430/lib/mmpy-16/libc.a(memset.o)
                                 0xeb (size before relaxing)
 .debug_str     0x0000010e       0x40 /usr/lib/gcc/msp430/4.5.3/../../../../msp430/lib/mmpy-16/libc.a(printf.o)
                                0x101 (size before relaxing)
 .debug_str     0x0000014e      0x16a /usr/lib/gcc/msp430/4.5.3/../../../../msp430/lib/mmpy-16/libc.a(vuprintf.o)
                                0x25d (size before relaxing)
 .debug_str     0x000002b8       0x15 /usr/lib/gcc/msp430/4.5.3/../../../../msp430/lib/mmpy-16/libc.a(puts.o)
                                 0xc7 (size before relaxing)
 .debug_str     0x000002cd       0x2f /usr/lib/gcc/msp430/4.5.3/../../../../msp430/lib/mmpy-16/libc.a(rand.o)
                                 0xe6 (size before relaxing)

.debug_loc      0x00000000      0x8bc
 *(.debug_loc)
 .debug_loc     0x00000000       0x63 /usr/lib/gcc/msp430/4.5.3/../../../../msp430/lib/mmpy-16/libc.a(strncmp.o)
 .debug_loc     0x00000063       0x59 /usr/lib/gcc/msp430/4.5.3/../../../../msp430/lib/mmpy-16/libc.a(memcmp.o)
 .debug_loc     0x000000bc      0x1d6 /usr/lib/gcc/msp430/4.5.3/../../../../msp430/lib/mmpy-16/libc.a(memcpy.o)
 .debug_loc     0x00000292       0xeb /usr/lib/gcc/msp430/4.5.3/../../../../msp430/lib/mmpy-16/libc.a(memset.o)
 .debug_loc     0x0000037d       0x24 /usr/lib/gcc/msp430/4.5.3/../../../../msp430/lib/mmpy-16/libc.a(printf.o)
 .debug_loc     0x000003a1      0x49c /usr/lib/gcc/msp430/4.5.3/../../../../msp430/lib/mmpy-16/libc.a(vuprintf.o)
 .debug_loc     0x0000083d       0x2d /usr/lib/gcc/msp430/4.5.3/../../../../msp430/lib/mmpy-16/libc.a(puts.o)
 .debug_loc     0x0000086a       0x52 /usr/lib/gcc/msp430/4.5.3/../../../../msp430/lib/mmpy-16/libc.a(rand.o)

.debug_macinfo
 *(.debug_macinfo)

.debug_pubtypes
                0x00000000      0x13d
 *(.debug_pubtypes)
 .debug_pubtypes
                0x00000000       0x1d /usr/lib/gcc/msp430/4.5.3/../../../../msp430/lib/mmpy-16/libc.a(strncmp.o)
 .debug_pubtypes
                0x0000001d       0x1d /usr/lib/gcc/msp430/4.5.3/../../../../msp430/lib/mmpy-16/libc.a(memcmp.o)
 .debug_pubtypes
                0x0000003a       0x26 /usr/lib/gcc/msp430/4.5.3/../../../../msp430/lib/mmpy-16/libc.a(memcpy.o)
 .debug_pubtypes
                0x00000060       0x32 /usr/lib/gcc/msp430/4.5.3/../../../../msp430/lib/mmpy-16/libc.a(memset.o)
 .debug_pubtypes
                0x00000092       0x31 /usr/lib/gcc/msp430/4.5.3/../../../../msp430/lib/mmpy-16/libc.a(printf.o)
 .debug_pubtypes
                0x000000c3       0x56 /usr/lib/gcc/msp430/4.5.3/../../../../msp430/lib/mmpy-16/libc.a(vuprintf.o)
 .debug_pubtypes
                0x00000119       0x12 /usr/lib/gcc/msp430/4.5.3/../../../../msp430/lib/mmpy-16/libc.a(puts.o)
 .debug_pubtypes
                0x0000012b       0x12 /usr/lib/gcc/msp430/4.5.3/../../../../msp430/lib/mmpy-16/libc.a(rand.o)

.debug_ranges   0x00000000        0xc
 *(.debug_ranges)
 .debug_ranges  0x00000000        0xc /usr/lib/gcc/msp430/4.5.3/../../../../msp430/lib/mmpy-16/libc.a(vuprintf.o)
                0x00003900                PROVIDE (__stack, (ORIGIN (ram) + 0x2800))
                0x0000bb86                PROVIDE (__data_start_rom, _etext)
                0x0000bc4a                PROVIDE (__data_end_rom, (_etext + SIZEOF (.data)))
OUTPUT(client.sky elf32-msp430)
