Archive member included because of file (symbol)

obj_cooja/mtype636.a(rimeaddr.o)
                              obj_cooja/mtype636.o (rimeaddr_node_addr)
obj_cooja/mtype636.a(rime.o)  obj_cooja/mtype636.o (rime_driver)
obj_cooja/mtype636.a(rimestats.o)
                              obj_cooja/mtype636.a(rime.o) (rimestats)
obj_cooja/mtype636.a(announcement.o)
                              obj_cooja/mtype636.a(rime.o) (announcement_init)
obj_cooja/mtype636.a(broadcast-annou)
                              obj_cooja/mtype636.a(rime.o) (broadcast_announcement_init)
obj_cooja/mtype636.a(broadcast.o)
                              obj_cooja/mtype636.a(broadcast-annou) (broadcast_open)
obj_cooja/mtype636.a(abc.o)   obj_cooja/mtype636.a(broadcast.o) (abc_open)
obj_cooja/mtype636.a(chameleon.o)
                              obj_cooja/mtype636.a(rime.o) (chameleon_init)
obj_cooja/mtype636.a(channel.o)
                              obj_cooja/mtype636.a(chameleon.o) (channel_init)
obj_cooja/mtype636.a(chameleon-bitop)
                              obj_cooja/mtype636.a(chameleon.o) (chameleon_bitopt)
obj_cooja/mtype636.a(nullmac.o)
                              obj_cooja/mtype636.o (nullmac_driver)
obj_cooja/mtype636.a(nullrdc.o)
                              obj_cooja/mtype636.o (nullrdc_driver)
obj_cooja/mtype636.a(mac.o)   obj_cooja/mtype636.a(nullrdc.o) (mac_call_sent_callback)
obj_cooja/mtype636.a(framer-nullmac.)
                              obj_cooja/mtype636.a(nullrdc.o) (framer_nullmac)
obj_cooja/mtype636.a(process.o)
                              obj_cooja/mtype636.o (process_start)
obj_cooja/mtype636.a(autostart.o)
                              obj_cooja/mtype636.o (autostart_start)
obj_cooja/mtype636.a(serial-line.o)
                              obj_cooja/mtype636.o (serial_line_init)
obj_cooja/mtype636.a(list.o)  obj_cooja/mtype636.a(announcement.o) (list_init)
obj_cooja/mtype636.a(etimer.o)
                              obj_cooja/mtype636.o (etimer_process)
obj_cooja/mtype636.a(ctimer.o)
                              obj_cooja/mtype636.o (ctimer_init)
obj_cooja/mtype636.a(random.o)
                              obj_cooja/mtype636.a(broadcast-annou) (random_rand)
obj_cooja/mtype636.a(ringbuf.o)
                              obj_cooja/mtype636.a(serial-line.o) (ringbuf_init)
obj_cooja/mtype636.a(netstack.o)
                              obj_cooja/mtype636.o (netstack_init)
obj_cooja/mtype636.a(packetbuf.o)
                              obj_cooja/mtype636.a(chameleon.o) (packetbuf_attrs)
obj_cooja/mtype636.a(psock.o)
                              server.co (psock_send)
obj_cooja/mtype636.a(queuebuf.o)
                              obj_cooja/mtype636.o (queuebuf_init)
obj_cooja/mtype636.a(tcpip.o)
                              server.co (tcpip_event)
obj_cooja/mtype636.a(uip-fw-drv.o)
                              obj_cooja/mtype636.o (uip_fw_process)
obj_cooja/mtype636.a(uip-fw.o)
                              obj_cooja/mtype636.o (uip_fw_init)
obj_cooja/mtype636.a(uip-over-mesh.o)
                              obj_cooja/mtype636.o (uip_over_mesh_set_gateway)
obj_cooja/mtype636.a(uip.o)   obj_cooja/mtype636.o (uip_hostaddr)
obj_cooja/mtype636.a(simEnvChange.o)
                              obj_cooja/mtype636.o (simDontFallAsleep)
obj_cooja/mtype636.a(cooja_mt.o)
                              obj_cooja/mtype636.o (cooja_mt_start)
obj_cooja/mtype636.a(cooja_mtarch.o)
                              obj_cooja/mtype636.a(cooja_mt.o) (cooja_mtarch_init)
obj_cooja/mtype636.a(rtimer-arch.o)
                              obj_cooja/mtype636.o (rtimer_arch_next)
obj_cooja/mtype636.a(slip.o)  obj_cooja/mtype636.o (slip_process)
obj_cooja/mtype636.a(beep.o)  obj_cooja/mtype636.o (beep_interface)
obj_cooja/mtype636.a(button-sensor.o)
                              obj_cooja/mtype636.o (button_interface)
obj_cooja/mtype636.a(leds-arch.o)
                              obj_cooja/mtype636.o (leds_interface)
obj_cooja/mtype636.a(moteid.o)
                              obj_cooja/mtype636.o (moteid_interface)
obj_cooja/mtype636.a(pir-sensor.o)
                              obj_cooja/mtype636.o (pir_interface)
obj_cooja/mtype636.a(rs232.o)
                              obj_cooja/mtype636.o (rs232_interface)
obj_cooja/mtype636.a(vib-sensor.o)
                              obj_cooja/mtype636.o (vib_interface)
obj_cooja/mtype636.a(clock.o)
                              obj_cooja/mtype636.o (clock_interface)
obj_cooja/mtype636.a(log.o)   obj_cooja/mtype636.o (simlog_interface)
obj_cooja/mtype636.a(cfs-cooja.o)
                              obj_cooja/mtype636.o (cfs_interface)
obj_cooja/mtype636.a(cooja-radio.o)
                              obj_cooja/mtype636.o (radio_interface)
obj_cooja/mtype636.a(sensors.o)
                              obj_cooja/mtype636.o (sensors_process)
obj_cooja/mtype636.a(unicast.o)
                              obj_cooja/mtype636.a(uip-over-mesh.o) (unicast_open)
obj_cooja/mtype636.a(trickle.o)
[...]
Memory Configuration

Name             Origin             Length             Attributes
*default*        0x0000000000000000 0xffffffffffffffff

Linker script and memory map

LOAD /usr/lib/gcc/i686-linux-gnu/4.6/../../../i386-linux-gnu/crti.o
LOAD /usr/lib/gcc/i686-linux-gnu/4.6/crtbeginS.o
LOAD server.co
LOAD obj_cooja/mtype636.o
LOAD obj_cooja/mtype636.a
LOAD /usr/lib/gcc/i686-linux-gnu/4.6/libgcc.a
LOAD /usr/lib/gcc/i686-linux-gnu/4.6/libgcc_s.so
LOAD /usr/lib/gcc/i686-linux-gnu/4.6/../../../i386-linux-gnu/libc.so
START GROUP
LOAD /lib/i386-linux-gnu/libc.so.6
LOAD /usr/lib/i386-linux-gnu/libc_nonshared.a
LOAD /lib/i386-linux-gnu/ld-linux.so.2
END GROUP
LOAD /usr/lib/gcc/i686-linux-gnu/4.6/libgcc.a
LOAD /usr/lib/gcc/i686-linux-gnu/4.6/libgcc_s.so
LOAD /usr/lib/gcc/i686-linux-gnu/4.6/crtendS.o
LOAD /usr/lib/gcc/i686-linux-gnu/4.6/../../../i386-linux-gnu/crtn.o
                0x0000000000000114                . = (0x0 + SIZEOF_HEADERS)

.note.gnu.build-id
                0x0000000000000114       0x24
 *(.note.gnu.build-id)
 .note.gnu.build-id
                0x0000000000000114       0x24 /usr/lib/gcc/i686-linux-gnu/4.6/../../../i386-linux-gnu/crti.o

.hash
 *(.hash)

.gnu.hash       0x0000000000000138      0xc5c
 *(.gnu.hash)
 .gnu.hash      0x0000000000000138      0xc5c /usr/lib/gcc/i686-linux-gnu/4.6/../../../i386-linux-gnu/crti.o

.dynsym         0x0000000000000d94     0x1990
 *(.dynsym)
 .dynsym        0x0000000000000d94     0x1990 /usr/lib/gcc/i686-linux-gnu/4.6/../../../i386-linux-gnu/crti.o

.dynstr         0x0000000000002724     0x186e
 *(.dynstr)
 .dynstr        0x0000000000002724     0x186e /usr/lib/gcc/i686-linux-gnu/4.6/../../../i386-linux-gnu/crti.o

.gnu.version    0x0000000000003f92      0x332
 *(.gnu.version)
 .gnu.version   0x0000000000003f92      0x332 /usr/lib/gcc/i686-linux-gnu/4.6/../../../i386-linux-gnu/crti.o

.gnu.version_d  0x00000000000042c4        0x0
 *(.gnu.version_d)
 .gnu.version_d
                0x0000000000000000        0x0 /usr/lib/gcc/i686-linux-gnu/4.6/../../../i386-linux-gnu/crti.o

.gnu.version_r  0x00000000000042c4       0x40
 *(.gnu.version_r)
 .gnu.version_r
                0x00000000000042c4       0x40 /usr/lib/gcc/i686-linux-gnu/4.6/../../../i386-linux-gnu/crti.o

.rel.dyn        0x0000000000004304     0x4db8
 *(.rel.init)
 *(.rel.text .rel.text.* .rel.gnu.linkonce.t.*)
 .rel.text      0x0000000000004304     0x4608 /usr/lib/gcc/i686-linux-gnu/4.6/../../../i386-linux-gnu/crti.o
 *(.rel.fini)
 *(.rel.rodata .rel.rodata.* .rel.gnu.linkonce.r.*)
 .rel.rodata    0x000000000000890c      0x610 /usr/lib/gcc/i686-linux-gnu/4.6/../../../i386-linux-gnu/crti.o
 *(.rel.data.rel.ro* .rel.gnu.linkonce.d.rel.ro.*)
 *(.rel.data .rel.data.* .rel.gnu.linkonce.d.*)
 .rel.data.rel  0x0000000000008f1c        0x8 /usr/lib/gcc/i686-linux-gnu/4.6/../../../i386-linux-gnu/crti.o
 .rel.data      0x0000000000008f24      0x180 /usr/lib/gcc/i686-linux-gnu/4.6/../../../i386-linux-gnu/crti.o
 *(.rel.tdata .rel.tdata.* .rel.gnu.linkonce.td.*)
 *(.rel.tbss .rel.tbss.* .rel.gnu.linkonce.tb.*)
 *(.rel.ctors)
 *(.rel.dtors)
 *(.rel.got)
 .rel.got       0x00000000000090a4       0x18 /usr/lib/gcc/i686-linux-gnu/4.6/../../../i386-linux-gnu/crti.o
 *(.rel.bss .rel.bss.* .rel.gnu.linkonce.b.*)
 *(.rel.ifunc)
 .rel.ifunc     0x0000000000000000        0x0 /usr/lib/gcc/i686-linux-gnu/4.6/../../../i386-linux-gnu/crti.o

.rel.plt        0x00000000000090bc       0x10
 *(.rel.plt)
 .rel.plt       0x00000000000090bc       0x10 /usr/lib/gcc/i686-linux-gnu/4.6/../../../i386-linux-gnu/crti.o
 *(.rel.iplt)

.init           0x00000000000090cc       0x2e
 *(.init)
 .init          0x00000000000090cc       0x1f /usr/lib/gcc/i686-linux-gnu/4.6/../../../i386-linux-gnu/crti.o
                0x00000000000090cc                _init
 .init          0x00000000000090eb        0x5 /usr/lib/gcc/i686-linux-gnu/4.6/crtbeginS.o
 .init          0x00000000000090f0        0x5 /usr/lib/gcc/i686-linux-gnu/4.6/crtendS.o
 .init          0x00000000000090f5        0x5 /usr/lib/gcc/i686-linux-gnu/4.6/../../../i386-linux-gnu/crtn.o

.plt            0x0000000000009100       0x30
 *(.plt)
 .plt           0x0000000000009100       0x30 /usr/lib/gcc/i686-linux-gnu/4.6/../../../i386-linux-gnu/crti.o
 *(.iplt)

.text           0x0000000000009130     0xa888
 *(.text.unlikely .text.*_unlikely)
 *(.text.exit .text.exit.*)
 *(.text.startup .text.startup.*)
 *(.text.hot .text.hot.*)
 *(.text .stub .text.* .gnu.linkonce.t.*)
 .text          0x0000000000009130        0x0 /usr/lib/gcc/i686-linux-gnu/4.6/../../../i386-linux-gnu/crti.o
 .text          0x0000000000009130       0xb7 /usr/lib/gcc/i686-linux-gnu/4.6/crtbeginS.o
 .text.__i686.get_pc_thunk.bx
                0x00000000000091e7        0x4 /usr/lib/gcc/i686-linux-gnu/4.6/crtbeginS.o
                0x00000000000091e7                __i686.get_pc_thunk.bx
 *fill*         0x00000000000091eb        0x1 90909090
 .text          0x00000000000091ec      0x398 server.co
 .text          0x0000000000009584      0x6c6 obj_cooja/mtype636.o
                0x000000000000970b                contiki_init
                0x0000000000009a66                Java_se_sics_cooja_corecomm_Lib1_init
                0x0000000000009aa6                Java_se_sics_cooja_corecomm_Lib1_getMemory
                0x0000000000009ae3                Java_se_sics_cooja_corecomm_Lib1_setMemory
                0x0000000000009b57                Java_se_sics_cooja_corecomm_Lib1_tick
                0x0000000000009c38                Java_se_sics_cooja_corecomm_Lib1_setReferenceAddress
 *fill*         0x0000000000009c4a        0x2 90909090
 .text          0x0000000000009c4c       0x56 obj_cooja/mtype636.a(rimeaddr.o)
                0x0000000000009c4c                rimeaddr_copy
                0x0000000000009c5d                rimeaddr_cmp
                0x0000000000009c87                rimeaddr_set_node_addr
 *fill*         0x0000000000009ca2        0x2 90909090
 .text          0x0000000000009ca4      0x1a3 obj_cooja/mtype636.a(rime.o)
                0x0000000000009ca4                rime_sniffer_add
                0x0000000000009cc0                rime_sniffer_remove
                0x0000000000009dfc                rime_output
 *fill*         0x0000000000009e47        0x1 90909090
 .text          0x0000000000009e48        0x0 obj_cooja/mtype636.a(rimestats.o)
 .text          0x0000000000009e48      0x2ac obj_cooja/mtype636.a(announcement.o)
                0x0000000000009e48                announcement_init
                0x0000000000009e5d                announcement_register
                0x0000000000009eea                announcement_remove
                0x0000000000009f06                announcement_remove_value
                0x0000000000009f53                announcement_set_value
                0x0000000000009fca                announcement_bump
                0x000000000000a029                announcement_listen
                0x000000000000a048                announcement_register_listen_callback
                0x000000000000a055                announcement_register_observer_callback
                0x000000000000a062                announcement_list
                0x000000000000a077                announcement_heard
 .text          0x000000000000a0f4      0x29c obj_cooja/mtype636.a(broadcast-annou)
                0x000000000000a30b                broadcast_announcement_init
                0x000000000000a35a                broadcast_announcement_stop
                0x000000000000a386                broadcast_announcement_beacon_interval
 .text          0x000000000000a390      0x154 obj_cooja/mtype636.a(broadcast.o)
                0x000000000000a463                broadcast_open
                0x000000000000a4aa                broadcast_close
                0x000000000000a4bd                broadcast_send
 .text          0x000000000000a4e4       0xc9 obj_cooja/mtype636.a(abc.o)
                0x000000000000a4e4                abc_open
                0x000000000000a523                abc_close
                0x000000000000a536                abc_send
                0x000000000000a549                abc_input
                0x000000000000a573                abc_sent
 *fill*         0x000000000000a5ad        0x3 90909090
 .text          0x000000000000a5b0       0xce obj_cooja/mtype636.a(chameleon.o)
                0x000000000000a5da                chameleon_init
                0x000000000000a5e7                chameleon_parse
                0x000000000000a623                chameleon_create
                0x000000000000a668                chameleon_hdrsize
 *fill*         0x000000000000a67e        0x2 90909090
 .text          0x000000000000a680       0xeb obj_cooja/mtype636.a(channel.o)
                0x000000000000a680                channel_init
                0x000000000000a695                channel_set_attributes
                0x000000000000a6d5                channel_open
                0x000000000000a703                channel_close
                0x000000000000a71f                channel_lookup
 *fill*         0x000000000000a76b        0x1 90909090
 .text          0x000000000000a76c      0x71f obj_cooja/mtype636.a(chameleon-bitop)
                0x000000000000a7fd                get_bits_in_byte
                0x000000000000a85e                get_bits
                0x000000000000a9b8                set_bits_in_byte
                0x000000000000aa14                set_bits
 *fill*         0x000000000000ae8b        0x1 90909090
 .text          0x000000000000ae8c       0x60 obj_cooja/mtype636.a(nullmac.o)
 .text          0x000000000000aeec      0x22b obj_cooja/mtype636.a(nullrdc.o)
 *fill*         0x000000000000b117        0x1 90909090
 .text          0x000000000000b118       0x3c obj_cooja/mtype636.a(mac.o)
                0x000000000000b118                mac_call_sent_callback
 .text          0x000000000000b154       0xff obj_cooja/mtype636.a(framer-nullmac.)
 *fill*         0x000000000000b253        0x1 90909090
 .text          0x000000000000b254      0x568 obj_cooja/mtype636.a(process.o)
                0x000000000000b254                process_alloc_event
                0x000000000000b26c                process_start
                0x000000000000b458                process_exit
                0x000000000000b474                process_init
                0x000000000000b647                process_run
                0x000000000000b67a                process_nevents
                0x000000000000b695                process_post
                0x000000000000b741                process_post_synch
                0x000000000000b779                process_poll
                0x000000000000b7a8                process_is_running
 .text          0x000000000000b7bc       0x76 obj_cooja/mtype636.a(autostart.o)
                0x000000000000b7bc                autostart_start
                0x000000000000b7fb                autostart_exit
 *fill*         0x000000000000b832        0x2 90909090
 .text          0x000000000000b834      0x1ec obj_cooja/mtype636.a(serial-line.o)
                0x000000000000b834                serial_line_input_byte
                0x000000000000b9e8                serial_line_init
 .text          0x000000000000ba20      0x245 obj_cooja/mtype636.a(list.o)
                0x000000000000ba20                list_init
                0x000000000000ba2e                list_head
                0x000000000000ba38                list_copy
                0x000000000000ba47                list_tail
                0x000000000000ba7d                list_add
                0x000000000000bac6                list_push
                0x000000000000baf2                list_chop
                0x000000000000bb5c                list_pop
                0x000000000000bb84                list_remove
                0x000000000000bbec                list_length
                0x000000000000bc1a                list_insert
                0x000000000000bc4e                list_item_next
 *fill*         0x000000000000bc65        0x3 90909090
 .text          0x000000000000bc68      0x3f0 obj_cooja/mtype636.a(etimer.o)
                0x000000000000be87                etimer_request_poll
                0x000000000000bf0b                etimer_set
                0x000000000000bf30                etimer_reset
                0x000000000000bf4e                etimer_restart
                0x000000000000bf6c                etimer_adjust
                0x000000000000bf88                etimer_expired
                0x000000000000bf9b                etimer_expiration_time
                0x000000000000bfad                etimer_start_time
                0x000000000000bfb7                etimer_pending
                0x000000000000bfc9                etimer_next_expiration_time
                0x000000000000bfe3                etimer_stop
 .text          0x000000000000c058      0x346 obj_cooja/mtype636.a(ctimer.o)
                0x000000000000c173                ctimer_init
                0x000000000000c1a3                ctimer_set
                0x000000000000c236                ctimer_reset
                0x000000000000c299                ctimer_restart
                0x000000000000c2fc                ctimer_stop
                0x000000000000c347                ctimer_expired
 *fill*         0x000000000000c39e        0x2 90909090
 .text          0x000000000000c3a0       0x28 obj_cooja/mtype636.a(random.o)
                0x000000000000c3a0                random_init
                0x000000000000c3bb                random_rand
 .text          0x000000000000c3c8      0x155 obj_cooja/mtype636.a(ringbuf.o)
                0x000000000000c3c8                ringbuf_init
                0x000000000000c3f9                ringbuf_put
                0x000000000000c477                ringbuf_get
                0x000000000000c4e4                ringbuf_size
                0x000000000000c4f6                ringbuf_elements
 *fill*         0x000000000000c51d        0x3 90909090
 .text          0x000000000000c520       0x24 obj_cooja/mtype636.a(netstack.o)
                0x000000000000c520                netstack_init
 .text          0x000000000000c544      0x50a obj_cooja/mtype636.a(packetbuf.o)
                0x000000000000c544                packetbuf_clear
                0x000000000000c57b                packetbuf_clear_hdr
                0x000000000000c587                packetbuf_copyfrom
                0x000000000000c5d9                packetbuf_compact
                0x000000000000c677                packetbuf_copyto_hdr
                0x000000000000c6d1                packetbuf_copyto
                0x000000000000c7b4                packetbuf_hdralloc
                0x000000000000c7fe                packetbuf_hdr_remove
                0x000000000000c816                packetbuf_hdrreduce
                0x000000000000c861                packetbuf_set_datalen
                0x000000000000c87a                packetbuf_dataptr
                0x000000000000c893                packetbuf_hdrptr
                0x000000000000c8aa                packetbuf_reference
                0x000000000000c8d0                packetbuf_is_reference
                0x000000000000c8ea                packetbuf_reference_ptr
                0x000000000000c8f4                packetbuf_datalen
                0x000000000000c900                packetbuf_hdrlen
                0x000000000000c917                packetbuf_totlen
                0x000000000000c92d                packetbuf_attr_clear
                0x000000000000c982                packetbuf_attr_copyto
                0x000000000000c9e8                packetbuf_attr_copyfrom
 *fill*         0x000000000000ca4e        0x2 90909090
 .text          0x000000000000ca50      0x73c obj_cooja/mtype636.a(psock.o)
                0x000000000000cd84                psock_send
                0x000000000000ce07                psock_generator_send
                0x000000000000cf11                psock_datalen
                0x000000000000cf2c                psock_newdata
                0x000000000000cf7a                psock_readto
                0x000000000000d054                psock_readbuf_len
                0x000000000000d13f                psock_init
 .text          0x000000000000d18c      0x36b obj_cooja/mtype636.a(queuebuf.o)
                0x000000000000d196                queuebuf_init
                0x000000000000d1c2                queuebuf_new_from_packetbuf
                0x000000000000d28d                queuebuf_update_attr_from_packetbuf
                0x000000000000d2c0                queuebuf_free
                0x000000000000d333                queuebuf_to_packetbuf
                0x000000000000d41b                queuebuf_dataptr
                0x000000000000d47a                queuebuf_datalen
                0x000000000000d499                queuebuf_addr
                0x000000000000d4c7                queuebuf_attr
                0x000000000000d4f2                queuebuf_debug_print
 *fill*         0x000000000000d4f7        0x1 90909090
 .text          0x000000000000d4f8      0x74a obj_cooja/mtype636.a(tcpip.o)
                0x000000000000d4f8                tcpip_output
                0x000000000000d517                tcpip_set_outputfunc
                0x000000000000d5c9                tcp_connect
                0x000000000000d61e                tcp_unlisten
                0x000000000000d68c                tcp_listen
                0x000000000000d6f8                tcp_attach
                0x000000000000d71d                udp_attach
                0x000000000000d742                udp_new
                0x000000000000d794                udp_broadcast_new
                0x000000000000da31                tcpip_input
                0x000000000000da5e                tcpip_poll_udp
                0x000000000000da81                tcpip_poll_tcp
                0x000000000000daa4                tcpip_uipcall
 *fill*         0x000000000000dc42        0x2 90909090
 .text          0x000000000000dc44       0x58 obj_cooja/mtype636.a(uip-fw-drv.o)
 .text          0x000000000000dc9c      0x5fd obj_cooja/mtype636.a(uip-fw.o)
                0x000000000000dc9c                uip_fw_init
                0x000000000000df9f                uip_fw_output
                0x000000000000e046                uip_fw_forward
                0x000000000000e23c                uip_fw_register
                0x000000000000e254                uip_fw_default
                0x000000000000e261                uip_fw_periodic
 *fill*         0x000000000000e299        0x3 90909090
 .text          0x000000000000e29c      0x4c4 obj_cooja/mtype636.a(uip-over-mesh.o)
                0x000000000000e46c                uip_over_mesh_make_announced_gateway
                0x000000000000e4c4                uip_over_mesh_init
                0x000000000000e554                uip_over_mesh_send
                0x000000000000e71f                uip_over_mesh_set_gateway_netif
                0x000000000000e72c                uip_over_mesh_set_gateway
                0x000000000000e747                uip_over_mesh_set_net
 .text          0x000000000000e760     0x213a obj_cooja/mtype636.a(uip.o)
                0x000000000000e760                uip_setipid
                0x000000000000e779                uip_add32
                0x000000000000e907                uip_chksum
                0x000000000000e9d6                uip_tcpchksum
                0x000000000000e9ea                uip_udpchksum
                0x000000000000e9fe                uip_init
                0x000000000000eac5                uip_connect
                0x000000000000ec52                uip_udp_new
                0x000000000000ed9c                uip_unlisten
                0x000000000000edfc                uip_listen
                0x000000000000eec1                uip_process
                0x00000000000107d8                uip_htons
                0x00000000000107fa                uip_htonl
                0x000000000001083a                uip_send
 *fill*         0x000000000001089a        0x2 90909090
 .text          0x000000000001089c       0x63 obj_cooja/mtype636.a(simEnvChange.o)
                0x000000000001089c                doActionsBeforeTick
                0x00000000000108cd                doActionsAfterTick
 *fill*         0x00000000000108ff        0x1 90909090
 .text          0x0000000000010900       0xbc obj_cooja/mtype636.a(cooja_mt.o)
                0x0000000000010900                cooja_mt_init
                0x000000000001090d                cooja_mt_remove
                0x000000000001091a                cooja_mt_start
                0x0000000000010947                cooja_mt_exec
                0x0000000000010978                cooja_mt_exit
                0x000000000001099a                cooja_mt_yield
 .text          0x00000000000109bc      0x15b obj_cooja/mtype636.a(cooja_mtarch.o)
                0x00000000000109bc                cooja_mtarch_init
                0x00000000000109c1                cooja_mtarch_start
                0x0000000000010a82                cooja_sw
                0x0000000000010aa4                cooja_mtarch_exec
                0x0000000000010ac0                cooja_mtarch_remove
                0x0000000000010ac5                cooja_mtarch_yield
                0x0000000000010acf                cooja_mtarch_pstop
                0x0000000000010ad4                cooja_mtarch_pstart
                0x0000000000010ad9                cooja_mtarch_stack_usage
 *fill*         0x0000000000010b17        0x1 90909090
 .text          0x0000000000010b18       0xc2 obj_cooja/mtype636.a(rtimer-arch.o)
                0x0000000000010b18                rtimer_arch_init
                0x0000000000010b3b                rtimer_arch_schedule
                0x0000000000010b52                rtimer_arch_next
                0x0000000000010b5c                rtimer_arch_pending
                0x0000000000010b66                rtimer_arch_check
                0x0000000000010b98                rtimer_arch_now
 *fill*         0x0000000000010bda        0x2 90909090
 .text          0x0000000000010bdc      0x78a obj_cooja/mtype636.a(slip.o)
                0x0000000000010bdc                slip_set_input_callback
                0x0000000000010be9                slip_send
                0x0000000000010c85                slip_write
                0x00000000000111b9                slip_input_byte
 *fill*         0x0000000000011366        0x2 90909090
 .text          0x0000000000011368       0x76 obj_cooja/mtype636.a(beep.o)
                0x0000000000011368                beep_alarm
                0x0000000000011374                beep_beep
                0x0000000000011380                beep
                0x000000000001138c                beep_down
                0x0000000000011398                beep_on
                0x00000000000113a4                beep_off
                0x00000000000113b0                beep_spinup
                0x00000000000113bc                beep_quick
                0x00000000000113c8                beep_long
 *fill*         0x00000000000113de        0x2 90909090
 .text          0x00000000000113e0      0x103 obj_cooja/mtype636.a(button-sensor.o)
 *fill*         0x00000000000114e3        0x1 90909090
 .text          0x00000000000114e4       0x45 obj_cooja/mtype636.a(leds-arch.o)
                0x00000000000114e4                leds_arch_init
                0x00000000000114f0                leds_arch_get
                0x00000000000114fc                leds_arch_set
 *fill*         0x0000000000011529        0x3 90909090
 .text          0x000000000001152c       0x2f obj_cooja/mtype636.a(moteid.o)
 *fill*         0x000000000001155b        0x1 90909090
 .text          0x000000000001155c       0xb1 obj_cooja/mtype636.a(pir-sensor.o)
 *fill*         0x000000000001160d        0x3 90909090
 .text          0x0000000000011610      0x132 obj_cooja/mtype636.a(rs232.o)
                0x0000000000011610                rs232_init
                0x0000000000011615                rs232_set_speed
                0x0000000000011623                rs232_set_input
                0x0000000000011630                rs232_send
                0x0000000000011653                rs232_print
                0x000000000001166f                slip_arch_writeb
 *fill*         0x0000000000011742        0x2 90909090
 .text          0x0000000000011744       0xb1 obj_cooja/mtype636.a(vib-sensor.o)
 *fill*         0x00000000000117f5        0x3 90909090
 .text          0x00000000000117f8       0x3d obj_cooja/mtype636.a(clock.o)
                0x00000000000117f8                clock_init
                0x00000000000117fd                clock_time
                0x0000000000011807                clock_seconds
                0x0000000000011826                clock_delay
 *fill*         0x0000000000011835        0x3 90909090
 .text          0x0000000000011838      0x234 obj_cooja/mtype636.a(log.o)
                0x0000000000011838                simlog_char
                0x000000000001187b                simlog
                0x000000000001192c                log_message
                0x0000000000011954                log_set_putchar_with_slip
                0x0000000000011961                log_putchar
                0x00000000000119e5                log_puts
                0x0000000000011a09                log_printf
 .text          0x0000000000011a6c      0x26d obj_cooja/mtype636.a(cfs-cooja.o)
                0x0000000000011a6c                cfs_open
                0x0000000000011ab7                cfs_close
                0x0000000000011ac3                cfs_read
                0x0000000000011b56                cfs_write
                0x0000000000011c11                cfs_seek
                0x0000000000011c93                cfs_remove
                0x0000000000011cb6                cfs_opendir
                0x0000000000011cc0                cfs_readdir
                0x0000000000011cca                cfs_closedir
 *fill*         0x0000000000011cd9        0x3 90909090
 .text          0x0000000000011cdc      0x353 obj_cooja/mtype636.a(cooja-radio.o)
                0x0000000000011cdc                radio_set_channel
                0x0000000000011ce9                radio_set_txpower
                0x0000000000011d00                radio_signal_strength_last
                0x0000000000011d0a                radio_signal_strength_current
 *fill*         0x000000000001202f        0x1 90909090
 .text          0x0000000000012030      0x2ba obj_cooja/mtype636.a(sensors.o)
                0x000000000001206b                sensors_first
                0x0000000000012075                sensors_next
                0x0000000000012092                sensors_changed
                0x00000000000120c1                sensors_find
 *fill*         0x00000000000122ea        0x2 90909090
 .text          0x00000000000122ec      0x158 obj_cooja/mtype636.a(unicast.o)
                0x00000000000123c4                unicast_open
                0x000000000001240b                unicast_close
                0x000000000001241e                unicast_send
 .text          0x0000000000012444      0x450 obj_cooja/mtype636.a(trickle.o)
                0x000000000001277e                trickle_open
                0x00000000000127e8                trickle_close
                0x0000000000012817                trickle_send
 .text          0x0000000000012894      0x390 obj_cooja/mtype636.a(route.o)
                0x0000000000012930                route_init
                0x0000000000012975                route_add
                0x0000000000012a56                route_lookup
                0x0000000000012ac7                route_refresh
                0x0000000000012ae0                route_decay
                0x0000000000012b2d                route_remove
                0x0000000000012b5c                route_flush_all
                0x0000000000012b90                route_set_lifetime
                0x0000000000012b9d                route_num
                0x0000000000012bd9                route_get
 .text          0x0000000000012c24      0x47d obj_cooja/mtype636.a(route-discovery)
                0x0000000000012f7c                route_discovery_open
                0x0000000000012fdd                route_discovery_close
                0x0000000000013045                route_discovery_discover
 *fill*         0x00000000000130a1        0x3 90909090
 .text          0x00000000000130a4      0x17d obj_cooja/mtype636.a(memb.o)
                0x00000000000130a4                memb_init
                0x0000000000013102                memb_alloc
                0x0000000000013167                memb_free
                0x00000000000131e2                memb_inmemb
 *fill*         0x0000000000013221        0x3 90909090
 .text          0x0000000000013224       0x93 obj_cooja/mtype636.a(timer.o)
                0x0000000000013224                timer_set
                0x000000000001323f                timer_reset
                0x0000000000013256                timer_restart
                0x0000000000013268                timer_expired
                0x0000000000013291                timer_remaining
 *fill*         0x00000000000132b7        0x1 90909090
 .text          0x00000000000132b8       0xbd obj_cooja/mtype636.a(rtimer.o)
                0x00000000000132b8                rtimer_init
                0x00000000000132c5                rtimer_set
                0x000000000001331c                rtimer_run_next
 *fill*         0x0000000000013375        0x3 90909090
 .text          0x0000000000013378      0x2e3 obj_cooja/mtype636.a(netflood.o)
                0x000000000001355a                netflood_open
                0x000000000001359e                netflood_close
                0x00000000000135b1                netflood_send
                0x0000000000013648                netflood_cancel
 *fill*         0x000000000001365b        0x1 90909090
 .text          0x000000000001365c      0x323 obj_cooja/mtype636.a(ipolite.o)
                0x00000000000137e3                ipolite_open
                0x0000000000013826                ipolite_close
                0x0000000000013869                ipolite_send
                0x0000000000013947                ipolite_cancel
 *fill*         0x000000000001397f        0x1 90909090
 .text          0x0000000000013980       0x38 /usr/lib/gcc/i686-linux-gnu/4.6/crtendS.o
 .text          0x00000000000139b8        0x0 /usr/lib/gcc/i686-linux-gnu/4.6/../../../i386-linux-gnu/crtn.o
 *(.gnu.warning)

.fini           0x00000000000139b8       0x1a
 *(.fini)
 .fini          0x00000000000139b8       0x10 /usr/lib/gcc/i686-linux-gnu/4.6/../../../i386-linux-gnu/crti.o
                0x00000000000139b8                _fini
 .fini          0x00000000000139c8        0x5 /usr/lib/gcc/i686-linux-gnu/4.6/crtbeginS.o
 .fini          0x00000000000139cd        0x5 /usr/lib/gcc/i686-linux-gnu/4.6/../../../i386-linux-gnu/crtn.o
                0x00000000000139d2                PROVIDE (__etext, .)
                0x00000000000139d2                PROVIDE (_etext, .)
                0x00000000000139d2                PROVIDE (etext, .)

.rodata         0x00000000000139e0      0x6d8
 *(.rodata .rodata.* .gnu.linkonce.r.*)
 .rodata        0x00000000000139e0      0x290 server.co
                0x0000000000013c68                autostart_processes
 .rodata        0x0000000000013c70      0x140 obj_cooja/mtype636.o
 .rodata        0x0000000000013db0        0x2 obj_cooja/mtype636.a(rimeaddr.o)
                0x0000000000013db0                rimeaddr_null
 *fill*         0x0000000000013db2        0x2 00
 .rodata        0x0000000000013db4       0x14 obj_cooja/mtype636.a(rime.o)
                0x0000000000013dbc                rime_driver
 .rodata        0x0000000000013dc8        0x8 obj_cooja/mtype636.a(broadcast-annou)
 .rodata        0x0000000000013dd0        0xc obj_cooja/mtype636.a(broadcast.o)
 .rodata        0x0000000000013ddc        0x2 obj_cooja/mtype636.a(abc.o)
 *fill*         0x0000000000013dde        0x2 00
 .rodata        0x0000000000013de0       0x18 obj_cooja/mtype636.a(chameleon-bitop)
                0x0000000000013dec                chameleon_bitopt
 .rodata        0x0000000000013df8       0x24 obj_cooja/mtype636.a(nullmac.o)
                0x0000000000013e00                nullmac_driver
 *fill*         0x0000000000013e1c        0x4 00
 .rodata        0x0000000000013e20       0x40 obj_cooja/mtype636.a(nullrdc.o)
                0x0000000000013e40                nullrdc_driver
 .rodata        0x0000000000013e60        0x8 obj_cooja/mtype636.a(framer-nullmac.)
                0x0000000000013e60                framer_nullmac
 .rodata        0x0000000000013e68        0xe obj_cooja/mtype636.a(serial-line.o)
 .rodata        0x0000000000013e76        0xc obj_cooja/mtype636.a(etimer.o)
 .rodata        0x0000000000013e82        0xf obj_cooja/mtype636.a(ctimer.o)
 .rodata        0x0000000000013e91        0xd obj_cooja/mtype636.a(tcpip.o)
 .rodata        0x0000000000013e9e        0xe obj_cooja/mtype636.a(uip-fw-drv.o)
 .rodata        0x0000000000013eac       0x14 obj_cooja/mtype636.a(uip-over-mesh.o)
 .rodata        0x0000000000013ec0       0x50 obj_cooja/mtype636.a(uip.o)
                0x0000000000013ec0                uip_broadcast_addr
                0x0000000000013ec4                uip_all_zeroes_addr
 .rodata        0x0000000000013f10       0x2b obj_cooja/mtype636.a(slip.o)
 *fill*         0x0000000000013f3b        0x1 00
 .rodata        0x0000000000013f3c        0x8 obj_cooja/mtype636.a(beep.o)
                0x0000000000013f3c                beep_interface
 .rodata        0x0000000000013f44       0x20 obj_cooja/mtype636.a(button-sensor.o)
                0x0000000000013f44                button_interface
                0x0000000000013f54                button_sensor
 .rodata        0x0000000000013f64        0x8 obj_cooja/mtype636.a(leds-arch.o)
                0x0000000000013f64                leds_interface
 .rodata        0x0000000000013f6c        0x8 obj_cooja/mtype636.a(moteid.o)
                0x0000000000013f6c                moteid_interface
 .rodata        0x0000000000013f74       0x1c obj_cooja/mtype636.a(pir-sensor.o)
                0x0000000000013f74                pir_interface
                0x0000000000013f80                pir_sensor
 .rodata        0x0000000000013f90        0xe obj_cooja/mtype636.a(rs232.o)
                0x0000000000013f90                rs232_interface
 *fill*         0x0000000000013f9e        0x2 00
 .rodata        0x0000000000013fa0       0x24 obj_cooja/mtype636.a(vib-sensor.o)
                0x0000000000013fa0                vib_interface
                0x0000000000013fb4                vib_sensor
 .rodata        0x0000000000013fc4        0x8 obj_cooja/mtype636.a(clock.o)
                0x0000000000013fc4                clock_interface
 .rodata        0x0000000000013fcc        0x8 obj_cooja/mtype636.a(log.o)
                0x0000000000013fcc                simlog_interface
 .rodata        0x0000000000013fd4       0x2f obj_cooja/mtype636.a(cfs-cooja.o)
                0x0000000000013fd4                cfs_interface
 *fill*         0x0000000000014003       0x1d 00
 .rodata        0x0000000000014020       0x48 obj_cooja/mtype636.a(cooja-radio.o)
                0x0000000000014020                radio_interface
                0x0000000000014040                cooja_radio_driver
 .rodata        0x0000000000014068        0x8 obj_cooja/mtype636.a(sensors.o)
 .rodata        0x0000000000014070       0x10 obj_cooja/mtype636.a(unicast.o)
 .rodata        0x0000000000014080       0x10 obj_cooja/mtype636.a(trickle.o)
 .rodata        0x0000000000014090       0x14 obj_cooja/mtype636.a(route-discovery)
 .rodata        0x00000000000140a4        0xc obj_cooja/mtype636.a(netflood.o)
 .rodata        0x00000000000140b0        0x8 obj_cooja/mtype636.a(ipolite.o)

.rodata1
 *(.rodata1)

.eh_frame_hdr   0x00000000000140b8      0xde4
 *(.eh_frame_hdr)
 .eh_frame_hdr  0x00000000000140b8      0xde4 /usr/lib/gcc/i686-linux-gnu/4.6/../../../i386-linux-gnu/crti.o

.eh_frame       0x0000000000014e9c     0x38a0
 *(.eh_frame)
 .eh_frame      0x0000000000014e9c       0x3c /usr/lib/gcc/i686-linux-gnu/4.6/../../../i386-linux-gnu/crti.o
                                         0x40 (size before relaxing)
 .eh_frame      0x0000000000014ed8       0x40 server.co
                                         0x58 (size before relaxing)
 .eh_frame      0x0000000000014f18      0x170 obj_cooja/mtype636.o
                                        0x188 (size before relaxing)
 .eh_frame      0x0000000000015088       0x60 obj_cooja/mtype636.a(rimeaddr.o)
                                         0x78 (size before relaxing)
 .eh_frame      0x00000000000150e8       0xc0 obj_cooja/mtype636.a(rime.o)
                                         0xd8 (size before relaxing)
 .eh_frame      0x00000000000151a8      0x174 obj_cooja/mtype636.a(announcement.o)
                                        0x18c (size before relaxing)
 .eh_frame      0x000000000001531c      0x12c obj_cooja/mtype636.a(broadcast-annou)
                                        0x144 (size before relaxing)
 .eh_frame      0x0000000000015448       0xe0 obj_cooja/mtype636.a(broadcast.o)
                                         0xf8 (size before relaxing)
 .eh_frame      0x0000000000015528       0xa0 obj_cooja/mtype636.a(abc.o)
                                         0xb8 (size before relaxing)
 .eh_frame      0x00000000000155c8       0xa0 obj_cooja/mtype636.a(chameleon.o)
                                         0xb8 (size before relaxing)
 .eh_frame      0x0000000000015668       0xa0 obj_cooja/mtype636.a(channel.o)
                                         0xb8 (size before relaxing)
 .eh_frame      0x0000000000015708      0x180 obj_cooja/mtype636.a(chameleon-bitop)
                                        0x198 (size before relaxing)
 .eh_frame      0x0000000000015888       0xc0 obj_cooja/mtype636.a(nullmac.o)
                                         0xd8 (size before relaxing)
 .eh_frame      0x0000000000015948      0x148 obj_cooja/mtype636.a(nullrdc.o)
                                        0x160 (size before relaxing)
 .eh_frame      0x0000000000015a90       0x20 obj_cooja/mtype636.a(mac.o)
                                         0x38 (size before relaxing)
 .eh_frame      0x0000000000015ab0       0x80 obj_cooja/mtype636.a(framer-nullmac.)
                                         0x98 (size before relaxing)
 .eh_frame      0x0000000000015b30      0x1c8 obj_cooja/mtype636.a(process.o)
                                        0x1e0 (size before relaxing)
 .eh_frame      0x0000000000015cf8       0x40 obj_cooja/mtype636.a(autostart.o)
                                         0x58 (size before relaxing)
 .eh_frame      0x0000000000015d38       0x60 obj_cooja/mtype636.a(serial-line.o)
                                         0x78 (size before relaxing)
 .eh_frame      0x0000000000015d98      0x180 obj_cooja/mtype636.a(list.o)
                                        0x198 (size before relaxing)
 .eh_frame      0x0000000000015f18      0x1c0 obj_cooja/mtype636.a(etimer.o)
                                        0x1d8 (size before relaxing)
 .eh_frame      0x00000000000160d8       0xe0 obj_cooja/mtype636.a(ctimer.o)
                                         0xf8 (size before relaxing)
 .eh_frame      0x00000000000161b8       0x40 obj_cooja/mtype636.a(random.o)
                                         0x58 (size before relaxing)
 .eh_frame      0x00000000000161f8       0xa0 obj_cooja/mtype636.a(ringbuf.o)
                                         0xb8 (size before relaxing)
 .eh_frame      0x0000000000016298       0x20 obj_cooja/mtype636.a(netstack.o)
                                         0x38 (size before relaxing)
 .eh_frame      0x00000000000162b8      0x2b4 obj_cooja/mtype636.a(packetbuf.o)
                                        0x2cc (size before relaxing)
 .eh_frame      0x000000000001656c      0x18c obj_cooja/mtype636.a(psock.o)
                                        0x1a4 (size before relaxing)
 .eh_frame      0x00000000000166f8      0x168 obj_cooja/mtype636.a(queuebuf.o)
                                        0x180 (size before relaxing)
 .eh_frame      0x0000000000016860      0x248 obj_cooja/mtype636.a(tcpip.o)
                                        0x260 (size before relaxing)
 .eh_frame      0x0000000000016aa8       0x20 obj_cooja/mtype636.a(uip-fw-drv.o)
                                         0x38 (size before relaxing)
 .eh_frame      0x0000000000016ac8      0x148 obj_cooja/mtype636.a(uip-fw.o)
                                        0x160 (size before relaxing)
 .eh_frame      0x0000000000016c10      0x180 obj_cooja/mtype636.a(uip-over-mesh.o)
                                        0x198 (size before relaxing)
 .eh_frame      0x0000000000016d90      0x240 obj_cooja/mtype636.a(uip.o)
                                        0x258 (size before relaxing)
 .eh_frame      0x0000000000016fd0       0x40 obj_cooja/mtype636.a(simEnvChange.o)
                                         0x58 (size before relaxing)
 .eh_frame      0x0000000000017010       0xc0 obj_cooja/mtype636.a(cooja_mt.o)
                                         0xd8 (size before relaxing)
 .eh_frame      0x00000000000170d0      0x128 obj_cooja/mtype636.a(cooja_mtarch.o)
                                        0x140 (size before relaxing)
 .eh_frame      0x00000000000171f8       0xc0 obj_cooja/mtype636.a(rtimer-arch.o)
                                         0xd8 (size before relaxing)
 .eh_frame      0x00000000000172b8       0xec obj_cooja/mtype636.a(slip.o)
                                        0x104 (size before relaxing)
 .eh_frame      0x00000000000173a4      0x160 obj_cooja/mtype636.a(beep.o)
                                        0x178 (size before relaxing)
 .eh_frame      0x0000000000017504       0xa0 obj_cooja/mtype636.a(button-sensor.o)
                                         0xb8 (size before relaxing)
 .eh_frame      0x00000000000175a4       0xa0 obj_cooja/mtype636.a(leds-arch.o)
                                         0xb8 (size before relaxing)
 .eh_frame      0x0000000000017644       0x40 obj_cooja/mtype636.a(moteid.o)
                                         0x58 (size before relaxing)
 .eh_frame      0x0000000000017684       0xa0 obj_cooja/mtype636.a(pir-sensor.o)
                                         0xb8 (size before relaxing)
 .eh_frame      0x0000000000017724      0x100 obj_cooja/mtype636.a(rs232.o)
                                        0x118 (size before relaxing)
 .eh_frame      0x0000000000017824       0xa0 obj_cooja/mtype636.a(vib-sensor.o)
                                         0xb8 (size before relaxing)
 .eh_frame      0x00000000000178c4       0xc0 obj_cooja/mtype636.a(clock.o)
                                         0xd8 (size before relaxing)
 .eh_frame      0x0000000000017984      0x128 obj_cooja/mtype636.a(log.o)
                                        0x140 (size before relaxing)
 .eh_frame      0x0000000000017aac      0x168 obj_cooja/mtype636.a(cfs-cooja.o)
                                        0x180 (size before relaxing)
 .eh_frame      0x0000000000017c14      0x220 obj_cooja/mtype636.a(cooja-radio.o)
                                        0x238 (size before relaxing)
 .eh_frame      0x0000000000017e34       0xc4 obj_cooja/mtype636.a(sensors.o)
                                         0xdc (size before relaxing)
 .eh_frame      0x0000000000017ef8       0xe0 obj_cooja/mtype636.a(unicast.o)
                                         0xf8 (size before relaxing)
 .eh_frame      0x0000000000017fd8      0x168 obj_cooja/mtype636.a(trickle.o)
                                        0x180 (size before relaxing)
 .eh_frame      0x0000000000018140      0x160 obj_cooja/mtype636.a(route.o)
                                        0x178 (size before relaxing)
 .eh_frame      0x00000000000182a0      0x120 obj_cooja/mtype636.a(route-discovery)
                                        0x138 (size before relaxing)
 .eh_frame      0x00000000000183c0       0x80 obj_cooja/mtype636.a(memb.o)
                                         0x98 (size before relaxing)
 .eh_frame      0x0000000000018440       0xa4 obj_cooja/mtype636.a(timer.o)
                                         0xbc (size before relaxing)
 .eh_frame      0x00000000000184e4       0x60 obj_cooja/mtype636.a(rtimer.o)
                                         0x78 (size before relaxing)
 .eh_frame      0x0000000000018544      0x108 obj_cooja/mtype636.a(netflood.o)
                                        0x120 (size before relaxing)
 .eh_frame      0x000000000001864c       0xec obj_cooja/mtype636.a(ipolite.o)
                                        0x104 (size before relaxing)
 .eh_frame      0x0000000000018738        0x4 /usr/lib/gcc/i686-linux-gnu/4.6/crtendS.o

.gcc_except_table
 *(.gcc_except_table .gcc_except_table.*)

.exception_ranges
 *(.exception_ranges .exception_ranges*)
                0x000000000001873c                . = (ALIGN (0x1000) - ((0x1000 - .) & 0xfff))
                0x0000000000019f0c                . = DATA_SEGMENT_ALIGN (0x1000, 0x1000)

.eh_frame
 *(.eh_frame)

.gcc_except_table
 *(.gcc_except_table .gcc_except_table.*)

.exception_ranges
 *(.exception_ranges .exception_ranges*)

.tdata
 *(.tdata .tdata.* .gnu.linkonce.td.*)

.tbss
 *(.tbss .tbss.* .gnu.linkonce.tb.*)
 *(.tcommon)

.preinit_array
 *(.preinit_array)

.init_array
 *(SORT(.init_array.*) SORT(.ctors.*))
 *(.init_array)
 *(EXCLUDE_FILE(*crtend?.o *crtend.o *crtbegin?.o *crtbegin.o) .ctors)

.fini_array
 *(SORT(.fini_array.*) SORT(.dtors.*))
 *(.fini_array)
 *(EXCLUDE_FILE(*crtend?.o *crtend.o *crtbegin?.o *crtbegin.o) .dtors)

.ctors          0x0000000000019f0c        0x8
 *crtbegin.o(.ctors)
 *crtbegin?.o(.ctors)
 .ctors         0x0000000000019f0c        0x4 /usr/lib/gcc/i686-linux-gnu/4.6/crtbeginS.o
 *(EXCLUDE_FILE(*crtend?.o *crtend.o) .ctors)
 *(SORT(.ctors.*))
 *(.ctors)
 .ctors         0x0000000000019f10        0x4 /usr/lib/gcc/i686-linux-gnu/4.6/crtendS.o

.dtors          0x0000000000019f14        0x8
 *crtbegin.o(.dtors)
 *crtbegin?.o(.dtors)
 .dtors         0x0000000000019f14        0x4 /usr/lib/gcc/i686-linux-gnu/4.6/crtbeginS.o
 *(EXCLUDE_FILE(*crtend?.o *crtend.o) .dtors)
 *(SORT(.dtors.*))
 *(.dtors)
 .dtors         0x0000000000019f18        0x4 /usr/lib/gcc/i686-linux-gnu/4.6/crtendS.o
                0x0000000000019f18                __DTOR_END__

.jcr            0x0000000000019f1c        0x4
 *(.jcr)
 .jcr           0x0000000000019f1c        0x0 /usr/lib/gcc/i686-linux-gnu/4.6/crtbeginS.o
 .jcr           0x0000000000019f1c        0x4 /usr/lib/gcc/i686-linux-gnu/4.6/crtendS.o

.data.rel.ro
 *(.data.rel.ro.local* .gnu.linkonce.d.rel.ro.local.*)
 *(.data.rel.ro* .gnu.linkonce.d.rel.ro.*)

.dynamic        0x0000000000019f20       0xc8
 *(.dynamic)
 .dynamic       0x0000000000019f20       0xc8 /usr/lib/gcc/i686-linux-gnu/4.6/../../../i386-linux-gnu/crti.o
                0x0000000000019f20                _DYNAMIC

.got            0x0000000000019fe8        0xc
 *(.got)
 .got           0x0000000000019fe8        0xc /usr/lib/gcc/i686-linux-gnu/4.6/../../../i386-linux-gnu/crti.o
 *(.igot)
                0x0000000000019ff4                . = DATA_SEGMENT_RELRO_END (., 0xc)

.got.plt        0x0000000000019ff4       0x14
 *(.got.plt)
 .got.plt       0x0000000000019ff4       0x14 /usr/lib/gcc/i686-linux-gnu/4.6/../../../i386-linux-gnu/crti.o
                0x0000000000019ff4                _GLOBAL_OFFSET_TABLE_
 *(.igot.plt)

.data           0x000000000001a020      0x160
 *(.data .data.* .gnu.linkonce.d.*)
 .data          0x000000000001a020        0x0 /usr/lib/gcc/i686-linux-gnu/4.6/../../../i386-linux-gnu/crti.o
 .data          0x000000000001a020        0x0 /usr/lib/gcc/i686-linux-gnu/4.6/crtbeginS.o
 .data.rel      0x000000000001a020        0x4 /usr/lib/gcc/i686-linux-gnu/4.6/crtbeginS.o
                0x000000000001a020                __dso_handle
 .data          0x000000000001a024       0x10 server.co
                0x000000000001a024                example_psock_server_process
 *fill*         0x000000000001a034        0xc 00
 .data          0x000000000001a040       0x60 obj_cooja/mtype636.o
                0x000000000001a060                simInterfaces
                0x000000000001a090                sensors
 .data          0x000000000001a0a0        0x0 obj_cooja/mtype636.a(rimeaddr.o)
 .data          0x000000000001a0a0        0x4 obj_cooja/mtype636.a(rime.o)
 .data          0x000000000001a0a4        0x0 obj_cooja/mtype636.a(rimestats.o)
 .data          0x000000000001a0a4        0x4 obj_cooja/mtype636.a(announcement.o)
 .data          0x000000000001a0a8        0x0 obj_cooja/mtype636.a(broadcast-annou)
 .data          0x000000000001a0a8        0x0 obj_cooja/mtype636.a(broadcast.o)
 .data          0x000000000001a0a8        0x0 obj_cooja/mtype636.a(abc.o)
 .data          0x000000000001a0a8        0x0 obj_cooja/mtype636.a(chameleon.o)
 .data          0x000000000001a0a8        0x4 obj_cooja/mtype636.a(channel.o)
 .data          0x000000000001a0ac        0x0 obj_cooja/mtype636.a(chameleon-bitop)
 .data          0x000000000001a0ac        0x0 obj_cooja/mtype636.a(nullmac.o)
 .data          0x000000000001a0ac        0x0 obj_cooja/mtype636.a(nullrdc.o)
 .data          0x000000000001a0ac        0x0 obj_cooja/mtype636.a(mac.o)
 .data          0x000000000001a0ac        0x0 obj_cooja/mtype636.a(framer-nullmac.)
 .data          0x000000000001a0ac        0x0 obj_cooja/mtype636.a(process.o)
 .data          0x000000000001a0ac        0x0 obj_cooja/mtype636.a(autostart.o)
 .data          0x000000000001a0ac       0x10 obj_cooja/mtype636.a(serial-line.o)
                0x000000000001a0ac                serial_line_process
 .data          0x000000000001a0bc        0x0 obj_cooja/mtype636.a(list.o)
 .data          0x000000000001a0bc       0x10 obj_cooja/mtype636.a(etimer.o)
                0x000000000001a0bc                etimer_process
 .data          0x000000000001a0cc       0x14 obj_cooja/mtype636.a(ctimer.o)
                0x000000000001a0d0                ctimer_process
 .data          0x000000000001a0e0        0x0 obj_cooja/mtype636.a(random.o)
 .data          0x000000000001a0e0        0x0 obj_cooja/mtype636.a(ringbuf.o)
 .data          0x000000000001a0e0        0x0 obj_cooja/mtype636.a(netstack.o)
 .data          0x000000000001a0e0        0x4 obj_cooja/mtype636.a(packetbuf.o)
 .data          0x000000000001a0e4        0x0 obj_cooja/mtype636.a(psock.o)
 .data          0x000000000001a0e4       0x24 obj_cooja/mtype636.a(queuebuf.o)
 .data          0x000000000001a108       0x10 obj_cooja/mtype636.a(tcpip.o)
                0x000000000001a108                tcpip_process
 .data          0x000000000001a118       0x10 obj_cooja/mtype636.a(uip-fw-drv.o)
                0x000000000001a118                uip_fw_process
 .data          0x000000000001a128        0x0 obj_cooja/mtype636.a(uip-fw.o)
 .data          0x000000000001a128        0x0 obj_cooja/mtype636.a(uip-over-mesh.o)
 .data          0x000000000001a128        0x0 obj_cooja/mtype636.a(uip.o)
 .data          0x000000000001a128        0x0 obj_cooja/mtype636.a(simEnvChange.o)
 .data          0x000000000001a128        0x0 obj_cooja/mtype636.a(cooja_mt.o)
 .data          0x000000000001a128        0x0 obj_cooja/mtype636.a(cooja_mtarch.o)
 .data          0x000000000001a128        0x0 obj_cooja/mtype636.a(rtimer-arch.o)
 .data          0x000000000001a128       0x10 obj_cooja/mtype636.a(slip.o)
                0x000000000001a128                slip_process
 .data          0x000000000001a138        0x0 obj_cooja/mtype636.a(beep.o)
 .data          0x000000000001a138        0x0 obj_cooja/mtype636.a(button-sensor.o)
 .data          0x000000000001a138        0x0 obj_cooja/mtype636.a(leds-arch.o)
 .data          0x000000000001a138        0x0 obj_cooja/mtype636.a(moteid.o)
 .data          0x000000000001a138        0x0 obj_cooja/mtype636.a(pir-sensor.o)
 .data          0x000000000001a138        0x0 obj_cooja/mtype636.a(rs232.o)
 .data          0x000000000001a138        0x0 obj_cooja/mtype636.a(vib-sensor.o)
 .data          0x000000000001a138        0x0 obj_cooja/mtype636.a(clock.o)
 .data          0x000000000001a138        0x0 obj_cooja/mtype636.a(log.o)
 .data          0x000000000001a138        0x0 obj_cooja/mtype636.a(cfs-cooja.o)
 .data          0x000000000001a138       0x24 obj_cooja/mtype636.a(cooja-radio.o)
                0x000000000001a138                simRadioHWOn
                0x000000000001a13c                simSignalStrength
                0x000000000001a140                simLastSignalStrength
                0x000000000001a144                simPower
                0x000000000001a148                simRadioChannel
                0x000000000001a14c                cooja_radio_process
 .data          0x000000000001a15c       0x10 obj_cooja/mtype636.a(sensors.o)
                0x000000000001a15c                sensors_process
 .data          0x000000000001a16c        0x0 obj_cooja/mtype636.a(unicast.o)
 .data          0x000000000001a16c        0x0 obj_cooja/mtype636.a(trickle.o)
 .data          0x000000000001a16c       0x14 obj_cooja/mtype636.a(route.o)
 .data          0x000000000001a180        0x0 obj_cooja/mtype636.a(route-discovery)
 .data          0x000000000001a180        0x0 obj_cooja/mtype636.a(memb.o)
 .data          0x000000000001a180        0x0 obj_cooja/mtype636.a(timer.o)
 .data          0x000000000001a180        0x0 obj_cooja/mtype636.a(rtimer.o)
 .data          0x000000000001a180        0x0 obj_cooja/mtype636.a(netflood.o)
 .data          0x000000000001a180        0x0 obj_cooja/mtype636.a(ipolite.o)
 .data          0x000000000001a180        0x0 /usr/lib/gcc/i686-linux-gnu/4.6/crtendS.o
 .data          0x000000000001a180        0x0 /usr/lib/gcc/i686-linux-gnu/4.6/../../../i386-linux-gnu/crtn.o

.data1
 *(.data1)
                0x000000000001a180                _edata = .
                0x000000000001a180                PROVIDE (edata, .)
                0x000000000001a180                __bss_start = .

.bss            0x000000000001a180     0x5d04
 *(.dynbss)
 .dynbss        0x0000000000000000        0x0 /usr/lib/gcc/i686-linux-gnu/4.6/../../../i386-linux-gnu/crti.o
 *(.bss .bss.* .gnu.linkonce.b.*)
 .bss           0x000000000001a180        0x0 /usr/lib/gcc/i686-linux-gnu/4.6/../../../i386-linux-gnu/crti.o
 .bss           0x000000000001a180        0x8 /usr/lib/gcc/i686-linux-gnu/4.6/crtbeginS.o
 *fill*         0x000000000001a188       0x18 00
 .bss           0x000000000001a1a0       0x2e server.co
 *fill*         0x000000000001a1ce       0x12 00
 .bss           0x000000000001a1e0     0x2050 obj_cooja/mtype636.o
 .bss           0x000000000001c230        0x0 obj_cooja/mtype636.a(rimeaddr.o)
 .bss           0x000000000001c230        0x4 obj_cooja/mtype636.a(rime.o)
 .bss           0x000000000001c234        0x0 obj_cooja/mtype636.a(rimestats.o)
 .bss           0x000000000001c234        0xc obj_cooja/mtype636.a(announcement.o)
 .bss           0x000000000001c240       0x6c obj_cooja/mtype636.a(broadcast-annou)
 .bss           0x000000000001c2ac        0x0 obj_cooja/mtype636.a(broadcast.o)
 .bss           0x000000000001c2ac        0x0 obj_cooja/mtype636.a(abc.o)
 .bss           0x000000000001c2ac        0x0 obj_cooja/mtype636.a(chameleon.o)
 .bss           0x000000000001c2ac        0x4 obj_cooja/mtype636.a(channel.o)
 .bss           0x000000000001c2b0        0x0 obj_cooja/mtype636.a(chameleon-bitop)
 .bss           0x000000000001c2b0        0x0 obj_cooja/mtype636.a(nullmac.o)
 .bss           0x000000000001c2b0        0x0 obj_cooja/mtype636.a(nullrdc.o)
 .bss           0x000000000001c2b0        0x0 obj_cooja/mtype636.a(mac.o)
 .bss           0x000000000001c2b0        0x0 obj_cooja/mtype636.a(framer-nullmac.)
 *fill*         0x000000000001c2b0       0x10 00
 .bss           0x000000000001c2c0      0x1b0 obj_cooja/mtype636.a(process.o)
                0x000000000001c2c0                process_list
                0x000000000001c2c4                process_current
 .bss           0x000000000001c470        0x0 obj_cooja/mtype636.a(autostart.o)
 *fill*         0x000000000001c470       0x10 00
 .bss           0x000000000001c480      0x141 obj_cooja/mtype636.a(serial-line.o)
 *fill*         0x000000000001c5c1        0x3 00
 .bss           0x000000000001c5c4        0x0 obj_cooja/mtype636.a(list.o)
 .bss           0x000000000001c5c4        0x8 obj_cooja/mtype636.a(etimer.o)
 .bss           0x000000000001c5cc        0x5 obj_cooja/mtype636.a(ctimer.o)
 *fill*         0x000000000001c5d1        0x3 00
 .bss           0x000000000001c5d4        0x0 obj_cooja/mtype636.a(random.o)
 .bss           0x000000000001c5d4        0x0 obj_cooja/mtype636.a(ringbuf.o)
 .bss           0x000000000001c5d4        0x0 obj_cooja/mtype636.a(netstack.o)
 *fill*         0x000000000001c5d4        0xc 00
 .bss           0x000000000001c5e0       0xd8 obj_cooja/mtype636.a(packetbuf.o)
 .bss           0x000000000001c6b8        0x0 obj_cooja/mtype636.a(psock.o)
 *fill*         0x000000000001c6b8        0x8 00
 .bss           0x000000000001c6c0      0xcc0 obj_cooja/mtype636.a(queuebuf.o)
 .bss           0x000000000001d380       0x6d obj_cooja/mtype636.a(tcpip.o)
 *fill*         0x000000000001d3ed        0x3 00
 .bss           0x000000000001d3f0        0x0 obj_cooja/mtype636.a(uip-fw-drv.o)
 *fill*         0x000000000001d3f0       0x10 00
 .bss           0x000000000001d400      0x1c4 obj_cooja/mtype636.a(uip-fw.o)
 *fill*         0x000000000001d5c4       0x1c 00
 .bss           0x000000000001d5e0      0x17b obj_cooja/mtype636.a(uip-over-mesh.o)
 *fill*         0x000000000001d75b        0x1 00
 .bss           0x000000000001d75c       0x12 obj_cooja/mtype636.a(uip.o)
                0x000000000001d75c                uip_lladdr
 *fill*         0x000000000001d76e        0x2 00
 .bss           0x000000000001d770        0x1 obj_cooja/mtype636.a(simEnvChange.o)
                0x000000000001d770                simDontFallAsleep
 *fill*         0x000000000001d771        0x3 00
 .bss           0x000000000001d774        0x4 obj_cooja/mtype636.a(cooja_mt.o)
 .bss           0x000000000001d778        0x4 obj_cooja/mtype636.a(cooja_mtarch.o)
 .bss           0x000000000001d77c        0xc obj_cooja/mtype636.a(rtimer-arch.o)
 *fill*         0x000000000001d788       0x18 00
 .bss           0x000000000001d7a0       0xba obj_cooja/mtype636.a(slip.o)
 *fill*         0x000000000001d85a        0x2 00
 .bss           0x000000000001d85c        0x0 obj_cooja/mtype636.a(beep.o)
 .bss           0x000000000001d85c        0x8 obj_cooja/mtype636.a(button-sensor.o)
 .bss           0x000000000001d864        0x0 obj_cooja/mtype636.a(leds-arch.o)
 .bss           0x000000000001d864        0x0 obj_cooja/mtype636.a(moteid.o)
 .bss           0x000000000001d864        0x1 obj_cooja/mtype636.a(pir-sensor.o)
                0x000000000001d864                simPirValue
 *fill*         0x000000000001d865        0x3 00
 .bss           0x000000000001d868        0x4 obj_cooja/mtype636.a(rs232.o)
 .bss           0x000000000001d86c        0x1 obj_cooja/mtype636.a(vib-sensor.o)
                0x000000000001d86c                simVibValue
 *fill*         0x000000000001d86d        0x3 00
 .bss           0x000000000001d870        0x0 obj_cooja/mtype636.a(clock.o)
 *fill*         0x000000000001d870       0x10 00
 .bss           0x000000000001d880      0x421 obj_cooja/mtype636.a(log.o)
 *fill*         0x000000000001dca1       0x1f 00
 .bss           0x000000000001dcc0      0xfbc obj_cooja/mtype636.a(cfs-cooja.o)
                0x000000000001dcc0                simCFSData
                0x000000000001ec60                simCFSChanged
                0x000000000001ec64                simCFSRead
                0x000000000001ec68                simCFSWritten
 .bss           0x000000000001ec7c       0x10 obj_cooja/mtype636.a(cooja-radio.o)
                0x000000000001ec7c                simReceiving
                0x000000000001ec80                simInSize
                0x000000000001ec84                simOutSize
 .bss           0x000000000001ec8c        0xc obj_cooja/mtype636.a(sensors.o)
 .bss           0x000000000001ec98        0x0 obj_cooja/mtype636.a(unicast.o)
 .bss           0x000000000001ec98        0x0 obj_cooja/mtype636.a(trickle.o)
 *fill*         0x000000000001ec98        0x8 00
 .bss           0x000000000001eca0       0xc0 obj_cooja/mtype636.a(route.o)
 .bss           0x000000000001ed60        0x1 obj_cooja/mtype636.a(route-discovery)
 *fill*         0x000000000001ed61        0x3 00
 .bss           0x000000000001ed64        0x0 obj_cooja/mtype636.a(memb.o)
 .bss           0x000000000001ed64        0x0 obj_cooja/mtype636.a(timer.o)
 .bss           0x000000000001ed64        0x4 obj_cooja/mtype636.a(rtimer.o)
 .bss           0x000000000001ed68        0x0 obj_cooja/mtype636.a(netflood.o)
 .bss           0x000000000001ed68        0x0 obj_cooja/mtype636.a(ipolite.o)
 .bss           0x000000000001ed68        0x0 /usr/lib/gcc/i686-linux-gnu/4.6/crtendS.o
 .bss           0x000000000001ed68        0x0 /usr/lib/gcc/i686-linux-gnu/4.6/../../../i386-linux-gnu/crtn.o
 *(COMMON)
 COMMON         0x000000000001ed68        0x8 obj_cooja/mtype636.o
                0x000000000001ed68                referenceVar
                0x000000000001ed6c                sensors_flags
 COMMON         0x000000000001ed70        0x2 obj_cooja/mtype636.a(rimeaddr.o)
                0x000000000001ed70                rimeaddr_node_addr
 *fill*         0x000000000001ed72        0xe 00
 COMMON         0x000000000001ed80       0x48 obj_cooja/mtype636.a(rimestats.o)
                0x000000000001ed80                rimestats
 COMMON         0x000000000001edc8        0x1 obj_cooja/mtype636.a(serial-line.o)
                0x000000000001edc8                serial_line_event_message
 *fill*         0x000000000001edc9       0x17 00
 COMMON         0x000000000001ede0       0x38 obj_cooja/mtype636.a(packetbuf.o)
                0x000000000001ede0                packetbuf_attrs
                0x000000000001ee10                packetbuf_addrs
 COMMON         0x000000000001ee18        0x2 obj_cooja/mtype636.a(tcpip.o)
                0x000000000001ee18                tcpip_is_forwarding
                0x000000000001ee19                tcpip_event
 *fill*         0x000000000001ee1a        0x6 00
 COMMON         0x000000000001ee20      0x6d8 obj_cooja/mtype636.a(uip.o)
                0x000000000001ee20                uip_draddr
                0x000000000001ee24                uip_slen
                0x000000000001ee26                uip_acc32
                0x000000000001ee40                uip_conns
                0x000000000001eed0                uip_netmask
                0x000000000001eed4                uip_hostaddr
                0x000000000001eed8                uip_appdata
                0x000000000001eedc                uip_flags
                0x000000000001eee0                uip_aligned_buf
                0x000000000001f3e0                uip_listenports
                0x000000000001f3f0                uip_len
                0x000000000001f3f4                uip_sappdata
                0x000000000001f400                uip_udp_conns
                0x000000000001f4f0                uip_udp_conn
                0x000000000001f4f4                uip_conn
 COMMON         0x000000000001f4f8        0xc obj_cooja/mtype636.a(simEnvChange.o)
                0x000000000001f4f8                simEtimerPending
                0x000000000001f4fc                simProcessRunValue
                0x000000000001f500                simNextExpirationTime
 COMMON         0x000000000001f504        0x1 obj_cooja/mtype636.a(slip.o)
                0x000000000001f504                slip_active
 COMMON         0x000000000001f505        0x1 obj_cooja/mtype636.a(beep.o)
                0x000000000001f505                simBeeped
 COMMON         0x000000000001f506        0x3 obj_cooja/mtype636.a(button-sensor.o)
                0x000000000001f506                simButtonIsActive
                0x000000000001f507                simButtonIsDown
                0x000000000001f508                simButtonChanged
 COMMON         0x000000000001f509        0x1 obj_cooja/mtype636.a(leds-arch.o)
                0x000000000001f509                simLedsValue
 *fill*         0x000000000001f50a        0x2 00
 COMMON         0x000000000001f50c        0xc obj_cooja/mtype636.a(moteid.o)
                0x000000000001f50c                simRandomSeed
                0x000000000001f510                simMoteIDChanged
                0x000000000001f514                simMoteID
 COMMON         0x000000000001f518        0x2 obj_cooja/mtype636.a(pir-sensor.o)
                0x000000000001f518                simPirIsActive
                0x000000000001f519                simPirChanged
 *fill*         0x000000000001f51a        0x6 00
 COMMON         0x000000000001f520      0x420 obj_cooja/mtype636.a(rs232.o)
                0x000000000001f520                simSerialReceivingFlag
                0x000000000001f524                simSerialReceivingLength
                0x000000000001f540                simSerialReceivingData
 COMMON         0x000000000001f940        0x2 obj_cooja/mtype636.a(vib-sensor.o)
                0x000000000001f940                simVibChanged
                0x000000000001f941                simVibIsActive
 *fill*         0x000000000001f942        0x2 00
 COMMON         0x000000000001f944        0x4 obj_cooja/mtype636.a(clock.o)
                0x000000000001f944                simCurrentTime
 *fill*         0x000000000001f948       0x18 00
 COMMON         0x000000000001f960      0x420 obj_cooja/mtype636.a(log.o)
                0x000000000001f960                simLoggedLength
                0x000000000001f964                simLoggedFlag
                0x000000000001f980                simLoggedData
 COMMON         0x000000000001fd80      0x100 obj_cooja/mtype636.a(cooja-radio.o)
                0x000000000001fd80                simOutDataBuffer
                0x000000000001fe00                simInDataBuffer
 COMMON         0x000000000001fe80        0x1 obj_cooja/mtype636.a(sensors.o)
                0x000000000001fe80                sensors_event
                0x000000000001fe84                . = ALIGN ((. != 0x0)?0x4:0x1)
 *fill*         0x000000000001fe81        0x3 00
                0x000000000001fe84                . = ALIGN (0x4)
                0x000000000001fe84                . = ALIGN (0x4)
                0x000000000001fe84                _end = .
                0x000000000001fe84                PROVIDE (end, .)
                0x000000000001fe84                . = DATA_SEGMENT_END (.)

.stab
 *(.stab)

.stabstr
 *(.stabstr)

.stab.excl
 *(.stab.excl)

.stab.exclstr
 *(.stab.exclstr)

.stab.index
 *(.stab.index)

.stab.indexstr
 *(.stab.indexstr)

.comment        0x0000000000000000       0x2a
 *(.comment)
 .comment       0x0000000000000000       0x2a /usr/lib/gcc/i686-linux-gnu/4.6/crtbeginS.o
                                         0x2b (size before relaxing)
 .comment       0x0000000000000000       0x2b server.co
 .comment       0x0000000000000000       0x2b obj_cooja/mtype636.o
 .comment       0x0000000000000000       0x2b obj_cooja/mtype636.a(rimeaddr.o)
 .comment       0x0000000000000000       0x2b obj_cooja/mtype636.a(rime.o)
 .comment       0x0000000000000000       0x2b obj_cooja/mtype636.a(rimestats.o)
 .comment       0x0000000000000000       0x2b obj_cooja/mtype636.a(announcement.o)
 .comment       0x0000000000000000       0x2b obj_cooja/mtype636.a(broadcast-annou)
 .comment       0x0000000000000000       0x2b obj_cooja/mtype636.a(broadcast.o)
 .comment       0x0000000000000000       0x2b obj_cooja/mtype636.a(abc.o)
 .comment       0x0000000000000000       0x2b obj_cooja/mtype636.a(chameleon.o)
 .comment       0x0000000000000000       0x2b obj_cooja/mtype636.a(channel.o)
 .comment       0x0000000000000000       0x2b obj_cooja/mtype636.a(chameleon-bitop)
 .comment       0x0000000000000000       0x2b obj_cooja/mtype636.a(nullmac.o)
 .comment       0x0000000000000000       0x2b obj_cooja/mtype636.a(nullrdc.o)
 .comment       0x0000000000000000       0x2b obj_cooja/mtype636.a(mac.o)
 .comment       0x0000000000000000       0x2b obj_cooja/mtype636.a(framer-nullmac.)
 .comment       0x0000000000000000       0x2b obj_cooja/mtype636.a(process.o)
 .comment       0x0000000000000000       0x2b obj_cooja/mtype636.a(autostart.o)
 .comment       0x0000000000000000       0x2b obj_cooja/mtype636.a(serial-line.o)
 .comment       0x0000000000000000       0x2b obj_cooja/mtype636.a(list.o)
 .comment       0x0000000000000000       0x2b obj_cooja/mtype636.a(etimer.o)
 .comment       0x0000000000000000       0x2b obj_cooja/mtype636.a(ctimer.o)
 .comment       0x0000000000000000       0x2b obj_cooja/mtype636.a(random.o)
 .comment       0x0000000000000000       0x2b obj_cooja/mtype636.a(ringbuf.o)
 .comment       0x0000000000000000       0x2b obj_cooja/mtype636.a(netstack.o)
 .comment       0x0000000000000000       0x2b obj_cooja/mtype636.a(packetbuf.o)
 .comment       0x0000000000000000       0x2b obj_cooja/mtype636.a(psock.o)
 .comment       0x0000000000000000       0x2b obj_cooja/mtype636.a(queuebuf.o)
 .comment       0x0000000000000000       0x2b obj_cooja/mtype636.a(tcpip.o)
 .comment       0x0000000000000000       0x2b obj_cooja/mtype636.a(uip-fw-drv.o)
 .comment       0x0000000000000000       0x2b obj_cooja/mtype636.a(uip-fw.o)
 .comment       0x0000000000000000       0x2b obj_cooja/mtype636.a(uip-over-mesh.o)
 .comment       0x0000000000000000       0x2b obj_cooja/mtype636.a(uip.o)
 .comment       0x0000000000000000       0x2b obj_cooja/mtype636.a(simEnvChange.o)
 .comment       0x0000000000000000       0x2b obj_cooja/mtype636.a(cooja_mt.o)
 .comment       0x0000000000000000       0x2b obj_cooja/mtype636.a(cooja_mtarch.o)
 .comment       0x0000000000000000       0x2b obj_cooja/mtype636.a(rtimer-arch.o)
 .comment       0x0000000000000000       0x2b obj_cooja/mtype636.a(slip.o)
 .comment       0x0000000000000000       0x2b obj_cooja/mtype636.a(beep.o)
 .comment       0x0000000000000000       0x2b obj_cooja/mtype636.a(button-sensor.o)
 .comment       0x0000000000000000       0x2b obj_cooja/mtype636.a(leds-arch.o)
 .comment       0x0000000000000000       0x2b obj_cooja/mtype636.a(moteid.o)
 .comment       0x0000000000000000       0x2b obj_cooja/mtype636.a(pir-sensor.o)
 .comment       0x0000000000000000       0x2b obj_cooja/mtype636.a(rs232.o)
 .comment       0x0000000000000000       0x2b obj_cooja/mtype636.a(vib-sensor.o)
 .comment       0x0000000000000000       0x2b obj_cooja/mtype636.a(clock.o)
 .comment       0x0000000000000000       0x2b obj_cooja/mtype636.a(log.o)
 .comment       0x0000000000000000       0x2b obj_cooja/mtype636.a(cfs-cooja.o)
 .comment       0x0000000000000000       0x2b obj_cooja/mtype636.a(cooja-radio.o)
 .comment       0x0000000000000000       0x2b obj_cooja/mtype636.a(sensors.o)
 .comment       0x0000000000000000       0x2b obj_cooja/mtype636.a(unicast.o)
 .comment       0x0000000000000000       0x2b obj_cooja/mtype636.a(trickle.o)
 .comment       0x0000000000000000       0x2b obj_cooja/mtype636.a(route.o)
 .comment       0x0000000000000000       0x2b obj_cooja/mtype636.a(route-discovery)
 .comment       0x0000000000000000       0x2b obj_cooja/mtype636.a(memb.o)
 .comment       0x0000000000000000       0x2b obj_cooja/mtype636.a(timer.o)
 .comment       0x0000000000000000       0x2b obj_cooja/mtype636.a(rtimer.o)
 .comment       0x0000000000000000       0x2b obj_cooja/mtype636.a(netflood.o)
 .comment       0x0000000000000000       0x2b obj_cooja/mtype636.a(ipolite.o)
 .comment       0x0000000000000000       0x2b /usr/lib/gcc/i686-linux-gnu/4.6/crtendS.o

.debug
 *(.debug)

.line
 *(.line)

.debug_srcinfo
 *(.debug_srcinfo)

.debug_sfnames
 *(.debug_sfnames)

.debug_aranges  0x0000000000000000      0x740
 *(.debug_aranges)
 .debug_aranges
                0x0000000000000000       0x20 server.co
 .debug_aranges
                0x0000000000000020       0x20 obj_cooja/mtype636.o
 .debug_aranges
                0x0000000000000040       0x20 obj_cooja/mtype636.a(rimeaddr.o)
 .debug_aranges
                0x0000000000000060       0x20 obj_cooja/mtype636.a(rime.o)
 .debug_aranges
                0x0000000000000080       0x20 obj_cooja/mtype636.a(announcement.o)
 .debug_aranges
                0x00000000000000a0       0x20 obj_cooja/mtype636.a(broadcast-annou)
 .debug_aranges
                0x00000000000000c0       0x20 obj_cooja/mtype636.a(broadcast.o)
 .debug_aranges
                0x00000000000000e0       0x20 obj_cooja/mtype636.a(abc.o)
 .debug_aranges
                0x0000000000000100       0x20 obj_cooja/mtype636.a(chameleon.o)
 .debug_aranges
                0x0000000000000120       0x20 obj_cooja/mtype636.a(channel.o)
 .debug_aranges
                0x0000000000000140       0x20 obj_cooja/mtype636.a(chameleon-bitop)
 .debug_aranges
                0x0000000000000160       0x20 obj_cooja/mtype636.a(nullmac.o)
 .debug_aranges
                0x0000000000000180       0x20 obj_cooja/mtype636.a(nullrdc.o)
 .debug_aranges
                0x00000000000001a0       0x20 obj_cooja/mtype636.a(mac.o)
 .debug_aranges
                0x00000000000001c0       0x20 obj_cooja/mtype636.a(framer-nullmac.)
 .debug_aranges
                0x00000000000001e0       0x20 obj_cooja/mtype636.a(process.o)
 .debug_aranges
                0x0000000000000200       0x20 obj_cooja/mtype636.a(autostart.o)
 .debug_aranges
                0x0000000000000220       0x20 obj_cooja/mtype636.a(serial-line.o)
 .debug_aranges
                0x0000000000000240       0x20 obj_cooja/mtype636.a(list.o)
 .debug_aranges
                0x0000000000000260       0x20 obj_cooja/mtype636.a(etimer.o)
 .debug_aranges
                0x0000000000000280       0x20 obj_cooja/mtype636.a(ctimer.o)
 .debug_aranges
                0x00000000000002a0       0x20 obj_cooja/mtype636.a(random.o)
 .debug_aranges
                0x00000000000002c0       0x20 obj_cooja/mtype636.a(ringbuf.o)
 .debug_aranges
                0x00000000000002e0       0x20 obj_cooja/mtype636.a(netstack.o)
 .debug_aranges
                0x0000000000000300       0x20 obj_cooja/mtype636.a(packetbuf.o)
 .debug_aranges
                0x0000000000000320       0x20 obj_cooja/mtype636.a(psock.o)
 .debug_aranges
                0x0000000000000340       0x20 obj_cooja/mtype636.a(queuebuf.o)
 .debug_aranges
                0x0000000000000360       0x20 obj_cooja/mtype636.a(tcpip.o)
 .debug_aranges
                0x0000000000000380       0x20 obj_cooja/mtype636.a(uip-fw-drv.o)
 .debug_aranges
                0x00000000000003a0       0x20 obj_cooja/mtype636.a(uip-fw.o)
 .debug_aranges
                0x00000000000003c0       0x20 obj_cooja/mtype636.a(uip-over-mesh.o)
 .debug_aranges
                0x00000000000003e0       0x20 obj_cooja/mtype636.a(uip.o)
 .debug_aranges
                0x0000000000000400       0x20 obj_cooja/mtype636.a(simEnvChange.o)
 .debug_aranges
                0x0000000000000420       0x20 obj_cooja/mtype636.a(cooja_mt.o)
 .debug_aranges
                0x0000000000000440       0x20 obj_cooja/mtype636.a(cooja_mtarch.o)
 .debug_aranges
                0x0000000000000460       0x20 obj_cooja/mtype636.a(rtimer-arch.o)
 .debug_aranges
                0x0000000000000480       0x20 obj_cooja/mtype636.a(slip.o)
 .debug_aranges
                0x00000000000004a0       0x20 obj_cooja/mtype636.a(beep.o)
 .debug_aranges
                0x00000000000004c0       0x20 obj_cooja/mtype636.a(button-sensor.o)
 .debug_aranges
                0x00000000000004e0       0x20 obj_cooja/mtype636.a(leds-arch.o)
 .debug_aranges
                0x0000000000000500       0x20 obj_cooja/mtype636.a(moteid.o)
 .debug_aranges
                0x0000000000000520       0x20 obj_cooja/mtype636.a(pir-sensor.o)
 .debug_aranges
                0x0000000000000540       0x20 obj_cooja/mtype636.a(rs232.o)
 .debug_aranges
                0x0000000000000560       0x20 obj_cooja/mtype636.a(vib-sensor.o)
 .debug_aranges
                0x0000000000000580       0x20 obj_cooja/mtype636.a(clock.o)
 .debug_aranges
                0x00000000000005a0       0x20 obj_cooja/mtype636.a(log.o)
 .debug_aranges
                0x00000000000005c0       0x20 obj_cooja/mtype636.a(cfs-cooja.o)
 .debug_aranges
                0x00000000000005e0       0x20 obj_cooja/mtype636.a(cooja-radio.o)
 .debug_aranges
                0x0000000000000600       0x20 obj_cooja/mtype636.a(sensors.o)
 .debug_aranges
                0x0000000000000620       0x20 obj_cooja/mtype636.a(unicast.o)
 .debug_aranges
                0x0000000000000640       0x20 obj_cooja/mtype636.a(trickle.o)
 .debug_aranges
                0x0000000000000660       0x20 obj_cooja/mtype636.a(route.o)
 .debug_aranges
                0x0000000000000680       0x20 obj_cooja/mtype636.a(route-discovery)
 .debug_aranges
                0x00000000000006a0       0x20 obj_cooja/mtype636.a(memb.o)
 .debug_aranges
                0x00000000000006c0       0x20 obj_cooja/mtype636.a(timer.o)
 .debug_aranges
                0x00000000000006e0       0x20 obj_cooja/mtype636.a(rtimer.o)
 .debug_aranges
                0x0000000000000700       0x20 obj_cooja/mtype636.a(netflood.o)
 .debug_aranges
                0x0000000000000720       0x20 obj_cooja/mtype636.a(ipolite.o)

.debug_pubnames
 *(.debug_pubnames)

.debug_info     0x0000000000000000    0x1440f
 *(.debug_info .gnu.linkonce.wi.*)
 .debug_info    0x0000000000000000      0x418 server.co
 .debug_info    0x0000000000000418     0x3a5a obj_cooja/mtype636.o
 .debug_info    0x0000000000003e72      0x161 obj_cooja/mtype636.a(rimeaddr.o)
 .debug_info    0x0000000000003fd3      0x5c9 obj_cooja/mtype636.a(rime.o)
 .debug_info    0x000000000000459c      0x142 obj_cooja/mtype636.a(rimestats.o)
 .debug_info    0x00000000000046de      0x3cd obj_cooja/mtype636.a(announcement.o)
 .debug_info    0x0000000000004aab      0x837 obj_cooja/mtype636.a(broadcast-annou)
 .debug_info    0x00000000000052e2      0x555 obj_cooja/mtype636.a(broadcast.o)
 .debug_info    0x0000000000005837      0x429 obj_cooja/mtype636.a(abc.o)
 .debug_info    0x0000000000005c60      0x3ca obj_cooja/mtype636.a(chameleon.o)
 .debug_info    0x000000000000602a      0x2c4 obj_cooja/mtype636.a(channel.o)
 .debug_info    0x00000000000062ee      0x760 obj_cooja/mtype636.a(chameleon-bitop)
 .debug_info    0x0000000000006a4e      0x40d obj_cooja/mtype636.a(nullmac.o)
 .debug_info    0x0000000000006e5b      0x7a7 obj_cooja/mtype636.a(nullrdc.o)
 .debug_info    0x0000000000007602      0x10c obj_cooja/mtype636.a(mac.o)
 .debug_info    0x000000000000770e      0x327 obj_cooja/mtype636.a(framer-nullmac.)
 .debug_info    0x0000000000007a35      0x4fa obj_cooja/mtype636.a(process.o)
 .debug_info    0x0000000000007f2f      0x1b1 obj_cooja/mtype636.a(autostart.o)
 .debug_info    0x00000000000080e0      0x2ee obj_cooja/mtype636.a(serial-line.o)
 .debug_info    0x00000000000083ce      0x31b obj_cooja/mtype636.a(list.o)
 .debug_info    0x00000000000086e9      0x4ad obj_cooja/mtype636.a(etimer.o)
 .debug_info    0x0000000000008b96      0x44f obj_cooja/mtype636.a(ctimer.o)
 .debug_info    0x0000000000008fe5       0xb0 obj_cooja/mtype636.a(random.o)
 .debug_info    0x0000000000009095      0x1bb obj_cooja/mtype636.a(ringbuf.o)
 .debug_info    0x0000000000009250      0x3b2 obj_cooja/mtype636.a(netstack.o)
 .debug_info    0x0000000000009602      0x5b2 obj_cooja/mtype636.a(packetbuf.o)
 .debug_info    0x0000000000009bb4      0x7cc obj_cooja/mtype636.a(psock.o)
 .debug_info    0x000000000000a380      0x696 obj_cooja/mtype636.a(queuebuf.o)
 .debug_info    0x000000000000aa16      0xcb3 obj_cooja/mtype636.a(tcpip.o)
 .debug_info    0x000000000000b6c9      0x1b2 obj_cooja/mtype636.a(uip-fw-drv.o)
 .debug_info    0x000000000000b87b      0x77a obj_cooja/mtype636.a(uip-fw.o)
 .debug_info    0x000000000000bff5      0xfb6 obj_cooja/mtype636.a(uip-over-mesh.o)
 .debug_info    0x000000000000cfab      0xdcc obj_cooja/mtype636.a(uip.o)
 .debug_info    0x000000000000dd77      0x160 obj_cooja/mtype636.a(simEnvChange.o)
 .debug_info    0x000000000000ded7      0x1f5 obj_cooja/mtype636.a(cooja_mt.o)
 .debug_info    0x000000000000e0cc      0x323 obj_cooja/mtype636.a(cooja_mtarch.o)
 .debug_info    0x000000000000e3ef      0x17e obj_cooja/mtype636.a(rtimer-arch.o)
 .debug_info    0x000000000000e56d      0x6c6 obj_cooja/mtype636.a(slip.o)
 .debug_info    0x000000000000ec33      0x219 obj_cooja/mtype636.a(beep.o)
 .debug_info    0x000000000000ee4c      0x273 obj_cooja/mtype636.a(button-sensor.o)
 .debug_info    0x000000000000f0bf      0x140 obj_cooja/mtype636.a(leds-arch.o)
 .debug_info    0x000000000000f1ff      0x10e obj_cooja/mtype636.a(moteid.o)
 .debug_info    0x000000000000f30d      0x22e obj_cooja/mtype636.a(pir-sensor.o)
 .debug_info    0x000000000000f53b      0x24a obj_cooja/mtype636.a(rs232.o)
 .debug_info    0x000000000000f785      0x22e obj_cooja/mtype636.a(vib-sensor.o)
 .debug_info    0x000000000000f9b3      0x164 obj_cooja/mtype636.a(clock.o)
 .debug_info    0x000000000000fb17      0x2db obj_cooja/mtype636.a(log.o)
 .debug_info    0x000000000000fdf2      0x40e obj_cooja/mtype636.a(cfs-cooja.o)
 .debug_info    0x0000000000010200      0x97b obj_cooja/mtype636.a(cooja-radio.o)
 .debug_info    0x0000000000010b7b      0x390 obj_cooja/mtype636.a(sensors.o)
 .debug_info    0x0000000000010f0b      0x5f6 obj_cooja/mtype636.a(unicast.o)
 .debug_info    0x0000000000011501      0x8cc obj_cooja/mtype636.a(trickle.o)
 .debug_info    0x0000000000011dcd      0x616 obj_cooja/mtype636.a(route.o)
 .debug_info    0x00000000000123e3      0xbdb obj_cooja/mtype636.a(route-discovery)
 .debug_info    0x0000000000012fbe      0x19d obj_cooja/mtype636.a(memb.o)
 .debug_info    0x000000000001315b      0x179 obj_cooja/mtype636.a(timer.o)
 .debug_info    0x00000000000132d4      0x1b3 obj_cooja/mtype636.a(rtimer.o)
 .debug_info    0x0000000000013487      0x879 obj_cooja/mtype636.a(netflood.o)
 .debug_info    0x0000000000013d00      0x70f obj_cooja/mtype636.a(ipolite.o)

.debug_abbrev   0x0000000000000000     0x54e7
 *(.debug_abbrev)
 .debug_abbrev  0x0000000000000000      0x19b server.co
 .debug_abbrev  0x000000000000019b      0x29c obj_cooja/mtype636.o
 .debug_abbrev  0x0000000000000437       0xd0 obj_cooja/mtype636.a(rimeaddr.o)
 .debug_abbrev  0x0000000000000507      0x1ec obj_cooja/mtype636.a(rime.o)
 .debug_abbrev  0x00000000000006f3       0x5b obj_cooja/mtype636.a(rimestats.o)
 .debug_abbrev  0x000000000000074e      0x14a obj_cooja/mtype636.a(announcement.o)
 .debug_abbrev  0x0000000000000898      0x1e3 obj_cooja/mtype636.a(broadcast-annou)
 .debug_abbrev  0x0000000000000a7b      0x1cc obj_cooja/mtype636.a(broadcast.o)
 .debug_abbrev  0x0000000000000c47      0x180 obj_cooja/mtype636.a(abc.o)
 .debug_abbrev  0x0000000000000dc7      0x1b1 obj_cooja/mtype636.a(chameleon.o)
 .debug_abbrev  0x0000000000000f78      0x167 obj_cooja/mtype636.a(channel.o)
 .debug_abbrev  0x00000000000010df      0x20b obj_cooja/mtype636.a(chameleon-bitop)
 .debug_abbrev  0x00000000000012ea      0x1d2 obj_cooja/mtype636.a(nullmac.o)
 .debug_abbrev  0x00000000000014bc      0x283 obj_cooja/mtype636.a(nullrdc.o)
 .debug_abbrev  0x000000000000173f       0x9e obj_cooja/mtype636.a(mac.o)
 .debug_abbrev  0x00000000000017dd      0x16c obj_cooja/mtype636.a(framer-nullmac.)
 .debug_abbrev  0x0000000000001949      0x1f9 obj_cooja/mtype636.a(process.o)
 .debug_abbrev  0x0000000000001b42       0xf3 obj_cooja/mtype636.a(autostart.o)
 .debug_abbrev  0x0000000000001c35      0x18c obj_cooja/mtype636.a(serial-line.o)
 .debug_abbrev  0x0000000000001dc1      0x11a obj_cooja/mtype636.a(list.o)
 .debug_abbrev  0x0000000000001edb      0x1ca obj_cooja/mtype636.a(etimer.o)
 .debug_abbrev  0x00000000000020a5      0x193 obj_cooja/mtype636.a(ctimer.o)
 .debug_abbrev  0x0000000000002238       0x65 obj_cooja/mtype636.a(random.o)
 .debug_abbrev  0x000000000000229d       0xd0 obj_cooja/mtype636.a(ringbuf.o)
 .debug_abbrev  0x000000000000236d       0xd8 obj_cooja/mtype636.a(netstack.o)
 .debug_abbrev  0x0000000000002445      0x1bc obj_cooja/mtype636.a(packetbuf.o)
 .debug_abbrev  0x0000000000002601      0x20c obj_cooja/mtype636.a(psock.o)
 .debug_abbrev  0x000000000000280d      0x1b4 obj_cooja/mtype636.a(queuebuf.o)
 .debug_abbrev  0x00000000000029c1      0x2c6 obj_cooja/mtype636.a(tcpip.o)
 .debug_abbrev  0x0000000000002c87      0x107 obj_cooja/mtype636.a(uip-fw-drv.o)
 .debug_abbrev  0x0000000000002d8e      0x215 obj_cooja/mtype636.a(uip-fw.o)
 .debug_abbrev  0x0000000000002fa3      0x257 obj_cooja/mtype636.a(uip-over-mesh.o)
 .debug_abbrev  0x00000000000031fa      0x268 obj_cooja/mtype636.a(uip.o)
 .debug_abbrev  0x0000000000003462       0xbe obj_cooja/mtype636.a(simEnvChange.o)
 .debug_abbrev  0x0000000000003520       0xde obj_cooja/mtype636.a(cooja_mt.o)
 .debug_abbrev  0x00000000000035fe      0x124 obj_cooja/mtype636.a(cooja_mtarch.o)
 .debug_abbrev  0x0000000000003722       0xa7 obj_cooja/mtype636.a(rtimer-arch.o)
 .debug_abbrev  0x00000000000037c9      0x232 obj_cooja/mtype636.a(slip.o)
 .debug_abbrev  0x00000000000039fb       0xd8 obj_cooja/mtype636.a(beep.o)
 .debug_abbrev  0x0000000000003ad3       0xe4 obj_cooja/mtype636.a(button-sensor.o)
 .debug_abbrev  0x0000000000003bb7       0xd3 obj_cooja/mtype636.a(leds-arch.o)
 .debug_abbrev  0x0000000000003c8a       0x81 obj_cooja/mtype636.a(moteid.o)
 .debug_abbrev  0x0000000000003d0b       0xc8 obj_cooja/mtype636.a(pir-sensor.o)
 .debug_abbrev  0x0000000000003dd3      0x138 obj_cooja/mtype636.a(rs232.o)
 .debug_abbrev  0x0000000000003f0b       0xc8 obj_cooja/mtype636.a(vib-sensor.o)
 .debug_abbrev  0x0000000000003fd3       0xe0 obj_cooja/mtype636.a(clock.o)
 .debug_abbrev  0x00000000000040b3      0x11c obj_cooja/mtype636.a(log.o)
 .debug_abbrev  0x00000000000041cf      0x131 obj_cooja/mtype636.a(cfs-cooja.o)
 .debug_abbrev  0x0000000000004300      0x24d obj_cooja/mtype636.a(cooja-radio.o)
 .debug_abbrev  0x000000000000454d      0x19a obj_cooja/mtype636.a(sensors.o)
 .debug_abbrev  0x00000000000046e7      0x1cc obj_cooja/mtype636.a(unicast.o)
 .debug_abbrev  0x00000000000048b3      0x1fb obj_cooja/mtype636.a(trickle.o)
 .debug_abbrev  0x0000000000004aae      0x1c9 obj_cooja/mtype636.a(route.o)
 .debug_abbrev  0x0000000000004c77      0x22b obj_cooja/mtype636.a(route-discovery)
 .debug_abbrev  0x0000000000004ea2       0xd9 obj_cooja/mtype636.a(memb.o)
 .debug_abbrev  0x0000000000004f7b       0xd0 obj_cooja/mtype636.a(timer.o)
 .debug_abbrev  0x000000000000504b      0x119 obj_cooja/mtype636.a(rtimer.o)
 .debug_abbrev  0x0000000000005164      0x1da obj_cooja/mtype636.a(netflood.o)
 .debug_abbrev  0x000000000000533e      0x1a9 obj_cooja/mtype636.a(ipolite.o)

.debug_line     0x0000000000000000     0x59c7
 *(.debug_line)
 .debug_line    0x0000000000000000      0x219 server.co
 .debug_line    0x0000000000000219      0x4f1 obj_cooja/mtype636.o
 .debug_line    0x000000000000070a       0x9f obj_cooja/mtype636.a(rimeaddr.o)
 .debug_line    0x00000000000007a9      0x1b2 obj_cooja/mtype636.a(rime.o)
 .debug_line    0x000000000000095b       0x87 obj_cooja/mtype636.a(rimestats.o)
 .debug_line    0x00000000000009e2      0x13d obj_cooja/mtype636.a(announcement.o)
 .debug_line    0x0000000000000b1f      0x240 obj_cooja/mtype636.a(broadcast-annou)
 .debug_line    0x0000000000000d5f      0x12e obj_cooja/mtype636.a(broadcast.o)
 .debug_line    0x0000000000000e8d      0x107 obj_cooja/mtype636.a(abc.o)
 .debug_line    0x0000000000000f94      0x11e obj_cooja/mtype636.a(chameleon.o)
 .debug_line    0x00000000000010b2      0x137 obj_cooja/mtype636.a(channel.o)
 .debug_line    0x00000000000011e9      0x21f obj_cooja/mtype636.a(chameleon-bitop)
 .debug_line    0x0000000000001408      0x133 obj_cooja/mtype636.a(nullmac.o)
 .debug_line    0x000000000000153b      0x1b8 obj_cooja/mtype636.a(nullrdc.o)
 .debug_line    0x00000000000016f3       0x94 obj_cooja/mtype636.a(mac.o)
 .debug_line    0x0000000000001787      0x136 obj_cooja/mtype636.a(framer-nullmac.)
 .debug_line    0x00000000000018bd      0x197 obj_cooja/mtype636.a(process.o)
 .debug_line    0x0000000000001a54       0xca obj_cooja/mtype636.a(autostart.o)
 .debug_line    0x0000000000001b1e      0x146 obj_cooja/mtype636.a(serial-line.o)
 .debug_line    0x0000000000001c64      0x127 obj_cooja/mtype636.a(list.o)
 .debug_line    0x0000000000001d8b      0x1b9 obj_cooja/mtype636.a(etimer.o)
 .debug_line    0x0000000000001f44      0x1b2 obj_cooja/mtype636.a(ctimer.o)
 .debug_line    0x00000000000020f6       0x5d obj_cooja/mtype636.a(random.o)
 .debug_line    0x0000000000002153       0xc8 obj_cooja/mtype636.a(ringbuf.o)
 .debug_line    0x000000000000221b       0xf4 obj_cooja/mtype636.a(netstack.o)
 .debug_line    0x000000000000230f      0x196 obj_cooja/mtype636.a(packetbuf.o)
 .debug_line    0x00000000000024a5      0x25e obj_cooja/mtype636.a(psock.o)
 .debug_line    0x0000000000002703      0x16a obj_cooja/mtype636.a(queuebuf.o)
 .debug_line    0x000000000000286d      0x2e3 obj_cooja/mtype636.a(tcpip.o)
 .debug_line    0x0000000000002b50       0xb5 obj_cooja/mtype636.a(uip-fw-drv.o)
 .debug_line    0x0000000000002c05      0x1e2 obj_cooja/mtype636.a(uip-fw.o)
 .debug_line    0x0000000000002de7      0x2a1 obj_cooja/mtype636.a(uip-over-mesh.o)
 .debug_line    0x0000000000003088      0x69a obj_cooja/mtype636.a(uip.o)
 .debug_line    0x0000000000003722      0x107 obj_cooja/mtype636.a(simEnvChange.o)
 .debug_line    0x0000000000003829       0xf9 obj_cooja/mtype636.a(cooja_mt.o)
 .debug_line    0x0000000000003922      0x12c obj_cooja/mtype636.a(cooja_mtarch.o)
 .debug_line    0x0000000000003a4e       0xd2 obj_cooja/mtype636.a(rtimer-arch.o)
 .debug_line    0x0000000000003b20      0x210 obj_cooja/mtype636.a(slip.o)
 .debug_line    0x0000000000003d30       0xf6 obj_cooja/mtype636.a(beep.o)
 .debug_line    0x0000000000003e26      0x17f obj_cooja/mtype636.a(button-sensor.o)
 .debug_line    0x0000000000003fa5       0xb0 obj_cooja/mtype636.a(leds-arch.o)
 .debug_line    0x0000000000004055       0xa6 obj_cooja/mtype636.a(moteid.o)
 .debug_line    0x00000000000040fb       0xf2 obj_cooja/mtype636.a(pir-sensor.o)
 .debug_line    0x00000000000041ed       0xe8 obj_cooja/mtype636.a(rs232.o)
 .debug_line    0x00000000000042d5       0xf2 obj_cooja/mtype636.a(vib-sensor.o)
 .debug_line    0x00000000000043c7       0xe7 obj_cooja/mtype636.a(clock.o)
 .debug_line    0x00000000000044ae      0x135 obj_cooja/mtype636.a(log.o)
 .debug_line    0x00000000000045e3      0x12e obj_cooja/mtype636.a(cfs-cooja.o)
 .debug_line    0x0000000000004711      0x286 obj_cooja/mtype636.a(cooja-radio.o)
 .debug_line    0x0000000000004997      0x152 obj_cooja/mtype636.a(sensors.o)
 .debug_line    0x0000000000004ae9      0x139 obj_cooja/mtype636.a(unicast.o)
 .debug_line    0x0000000000004c22      0x23b obj_cooja/mtype636.a(trickle.o)
 .debug_line    0x0000000000004e5d      0x22e obj_cooja/mtype636.a(route.o)
 .debug_line    0x000000000000508b      0x282 obj_cooja/mtype636.a(route-discovery)
 .debug_line    0x000000000000530d       0xd0 obj_cooja/mtype636.a(memb.o)
 .debug_line    0x00000000000053dd       0xda obj_cooja/mtype636.a(timer.o)
 .debug_line    0x00000000000054b7       0xdc obj_cooja/mtype636.a(rtimer.o)
 .debug_line    0x0000000000005593      0x214 obj_cooja/mtype636.a(netflood.o)
 .debug_line    0x00000000000057a7      0x220 obj_cooja/mtype636.a(ipolite.o)

.debug_frame
 *(.debug_frame)

.debug_str      0x0000000000000000     0x4d98
 *(.debug_str)
 .debug_str     0x0000000000000000      0x1e6 server.co
                                        0x25e (size before relaxing)
 .debug_str     0x00000000000001e6     0x1812 obj_cooja/mtype636.o
                                       0x1a7c (size before relaxing)
 .debug_str     0x00000000000019f8       0x76 obj_cooja/mtype636.a(rimeaddr.o)
                                        0x12b (size before relaxing)
 .debug_str     0x0000000000001a6e      0x190 obj_cooja/mtype636.a(rime.o)
                                        0x354 (size before relaxing)
 .debug_str     0x0000000000001bfe       0x31 obj_cooja/mtype636.a(rimestats.o)
                                         0xe2 (size before relaxing)
 .debug_str     0x0000000000001c2f      0x1b0 obj_cooja/mtype636.a(announcement.o)
                                        0x2b9 (size before relaxing)
 .debug_str     0x0000000000001ddf      0x1d9 obj_cooja/mtype636.a(broadcast-annou)
                                        0x411 (size before relaxing)
 .debug_str     0x0000000000001fb8      0x35f obj_cooja/mtype636.a(broadcast.o)
                                        0x515 (size before relaxing)
 .debug_str     0x0000000000002317       0x5a obj_cooja/mtype636.a(abc.o)
                                        0x4a6 (size before relaxing)
 .debug_str     0x0000000000002371       0xa8 obj_cooja/mtype636.a(chameleon.o)
                                        0x4c6 (size before relaxing)
 .debug_str     0x0000000000002419       0x9c obj_cooja/mtype636.a(channel.o)
                                        0x1df (size before relaxing)
 .debug_str     0x00000000000024b5       0xd5 obj_cooja/mtype636.a(chameleon-bitop)
                                        0x554 (size before relaxing)
 .debug_str     0x000000000000258a       0x55 obj_cooja/mtype636.a(nullmac.o)
                                        0x1fd (size before relaxing)
 .debug_str     0x00000000000025df      0x11a obj_cooja/mtype636.a(nullrdc.o)
                                        0x657 (size before relaxing)
 .debug_str     0x00000000000026f9       0x41 obj_cooja/mtype636.a(mac.o)
                                        0x143 (size before relaxing)
 .debug_str     0x000000000000273a       0x41 obj_cooja/mtype636.a(framer-nullmac.)
                                        0x462 (size before relaxing)
 .debug_str     0x000000000000277b      0x16e obj_cooja/mtype636.a(process.o)
                                        0x26d (size before relaxing)
 .debug_str     0x00000000000028e9       0x4b obj_cooja/mtype636.a(autostart.o)
                                        0x12e (size before relaxing)
 .debug_str     0x0000000000002934       0xc5 obj_cooja/mtype636.a(serial-line.o)
                                        0x1ed (size before relaxing)